<html>
<body>
<pre>
<h1>µVision Build Log</h1>
<h2>Tool Versions:</h2>
IDE-Version: ¦ÌVision V5.36.0.0
Copyright (C) 2021 ARM Ltd and ARM Germany GmbH. All rights reserved.
License Information: AOSHEN sa12761564831@outlook.com, UESTC, LIC=EXJT4-FMFC7-RALDM-XPG75-YQS62-BK0LQ
 
Tool Versions:
Toolchain:       MDK-ARM Plus  Version: 5.36.0.0
Toolchain Path:  D:\Program Files\KEIL\ARM\ARMCC\Bin
C Compiler:      Armcc.exe V5.06 update 7 (build 960)
Assembler:       Armasm.exe V5.06 update 7 (build 960)
Linker/Locator:  ArmLink.exe V5.06 update 7 (build 960)
Library Manager: ArmAr.exe V5.06 update 7 (build 960)
Hex Converter:   FromElf.exe V5.06 update 7 (build 960)
CPU DLL:         SARMCM3.DLL V5.36.0.0
Dialog DLL:      DCM.DLL V1.17.3.0
Target DLL:      STLink\ST-LINKIII-KEIL_SWO.dll V3.0.9.0
Dialog DLL:      TCM.DLL V1.53.0.0
 
<h2>Project:</h2>
F:\work\MOTOR_Control\SENSORLESS\Keil\MDK-ARM\FOC.uvprojx
Project File Date:  03/24/2025

<h2>Output:</h2>
*** Using Compiler 'V5.06 update 7 (build 960)', folder: 'D:\Program Files\KEIL\ARM\ARMCC\Bin'
Build target 'FOC'
compiling sensorless.c...
..\FOC\sensorless.c(104): warning:  #177-D: variable "TEMP"  was declared but never referenced
  		float TEMP[2] = {0};  //TEMP[0] ½Ç¶È  TEMP[1] Ä£³¤
..\FOC\sensorless.c(105): warning:  #177-D: variable "atan_theta1"  was declared but never referenced
  		float atan_theta1 = 0,atan_theta2 = 0;
..\FOC\sensorless.c(106): warning:  #177-D: variable "modulu1"  was declared but never referenced
  		float modulu1 = 0,modulu2 = 0;
..\FOC\sensorless.c: 3 warnings, 0 errors
linking...
Program Size: Code=31880 RO-data=6408 RW-data=416 ZI-data=2240  
FromELF: creating hex file...
"FOC\FOC.axf" - 0 Error(s), 3 Warning(s).

<h2>Software Packages used:</h2>

Package Vendor: ARM
                http://www.keil.com/pack/ARM.CMSIS.5.8.0.pack
                ARM.CMSIS.5.8.0
                CMSIS (Common Microcontroller Software Interface Standard)
   * Component: CORE Version: 5.5.0

Package Vendor: Keil
                https://www.keil.com/pack/Keil.STM32G4xx_DFP.1.6.0.pack
                Keil.STM32G4xx_DFP.1.6.0
                STMicroelectronics STM32G4 Series Device Support, Drivers and Examples

<h2>Collection of Component include folders:</h2>
  .\RTE\_FOC
  D:\Program Files\KEIL\ARM\CMSIS\5.8.0\CMSIS\Core\Include
  D:\Program Files\KEIL\Keil\STM32G4xx_DFP\1.6.0\Drivers\CMSIS\Device\ST\STM32G4xx\Include

<h2>Collection of Component Files used:</h2>

   * Component: ARM::CMSIS:CORE:5.5.0
Build Time Elapsed:  00:00:04
</pre>
</body>
</html>
