Component: ARM Compiler 5.06 update 7 (build 960) Tool: armlink [4d3601]

==============================================================================

Section Cross References

    startup_stm32g431xx.o(RESET) refers to startup_stm32g431xx.o(STACK) for __initial_sp
    startup_stm32g431xx.o(RESET) refers to startup_stm32g431xx.o(.text) for Reset_Handler
    startup_stm32g431xx.o(RESET) refers to stm32g4xx_it.o(i.NMI_Handler) for NMI_Handler
    startup_stm32g431xx.o(RESET) refers to stm32g4xx_it.o(i.HardFault_Handler) for HardFault_Handler
    startup_stm32g431xx.o(RESET) refers to stm32g4xx_it.o(i.MemManage_Handler) for MemManage_Handler
    startup_stm32g431xx.o(RESET) refers to stm32g4xx_it.o(i.BusFault_Handler) for BusFault_Handler
    startup_stm32g431xx.o(RESET) refers to stm32g4xx_it.o(i.UsageFault_Handler) for UsageFault_Handler
    startup_stm32g431xx.o(RESET) refers to stm32g4xx_it.o(i.SVC_Handler) for SVC_Handler
    startup_stm32g431xx.o(RESET) refers to stm32g4xx_it.o(i.DebugMon_Handler) for DebugMon_Handler
    startup_stm32g431xx.o(RESET) refers to stm32g4xx_it.o(i.PendSV_Handler) for PendSV_Handler
    startup_stm32g431xx.o(RESET) refers to stm32g4xx_it.o(i.SysTick_Handler) for SysTick_Handler
    startup_stm32g431xx.o(RESET) refers to stm32g4xx_it.o(i.DMA1_Channel1_IRQHandler) for DMA1_Channel1_IRQHandler
    startup_stm32g431xx.o(RESET) refers to stm32g4xx_it.o(i.DMA1_Channel2_IRQHandler) for DMA1_Channel2_IRQHandler
    startup_stm32g431xx.o(RESET) refers to stm32g4xx_it.o(i.DMA1_Channel3_IRQHandler) for DMA1_Channel3_IRQHandler
    startup_stm32g431xx.o(RESET) refers to stm32g4xx_it.o(i.DMA1_Channel4_IRQHandler) for DMA1_Channel4_IRQHandler
    startup_stm32g431xx.o(RESET) refers to stm32g4xx_it.o(i.DMA1_Channel5_IRQHandler) for DMA1_Channel5_IRQHandler
    startup_stm32g431xx.o(RESET) refers to stm32g4xx_it.o(i.ADC1_2_IRQHandler) for ADC1_2_IRQHandler
    startup_stm32g431xx.o(RESET) refers to stm32g4xx_it.o(i.TIM2_IRQHandler) for TIM2_IRQHandler
    startup_stm32g431xx.o(RESET) refers to stm32g4xx_it.o(i.USART2_IRQHandler) for USART2_IRQHandler
    startup_stm32g431xx.o(RESET) refers to stm32g4xx_it.o(i.EXTI15_10_IRQHandler) for EXTI15_10_IRQHandler
    startup_stm32g431xx.o(RESET) refers to stm32g4xx_it.o(i.CORDIC_IRQHandler) for CORDIC_IRQHandler
    startup_stm32g431xx.o(.text) refers to system_stm32g4xx.o(i.SystemInit) for SystemInit
    startup_stm32g431xx.o(.text) refers to entry.o(.ARM.Collect$$$$00000000) for __main
    main.o(i.SystemClock_Config) refers to memseta.o(.text) for __aeabi_memclr4
    main.o(i.SystemClock_Config) refers to stm32g4xx_hal_pwr_ex.o(i.HAL_PWREx_ControlVoltageScaling) for HAL_PWREx_ControlVoltageScaling
    main.o(i.SystemClock_Config) refers to stm32g4xx_hal_rcc.o(i.HAL_RCC_OscConfig) for HAL_RCC_OscConfig
    main.o(i.SystemClock_Config) refers to stm32g4xx_hal_rcc.o(i.HAL_RCC_ClockConfig) for HAL_RCC_ClockConfig
    main.o(i.fputc) refers to stm32g4xx_hal_uart.o(i.HAL_UART_Transmit) for HAL_UART_Transmit
    main.o(i.fputc) refers to usart.o(.bss) for huart2
    main.o(i.main) refers to stm32g4xx_hal.o(i.HAL_Init) for HAL_Init
    main.o(i.main) refers to main.o(i.SystemClock_Config) for SystemClock_Config
    main.o(i.main) refers to gpio.o(i.MX_GPIO_Init) for MX_GPIO_Init
    main.o(i.main) refers to dma.o(i.MX_DMA_Init) for MX_DMA_Init
    main.o(i.main) refers to adc.o(i.MX_ADC1_Init) for MX_ADC1_Init
    main.o(i.main) refers to tim.o(i.MX_TIM1_Init) for MX_TIM1_Init
    main.o(i.main) refers to tim.o(i.MX_TIM2_Init) for MX_TIM2_Init
    main.o(i.main) refers to cordic.o(i.MX_CORDIC_Init) for MX_CORDIC_Init
    main.o(i.main) refers to usart.o(i.MX_USART2_UART_Init) for MX_USART2_UART_Init
    main.o(i.main) refers to adc.o(i.MX_ADC2_Init) for MX_ADC2_Init
    main.o(i.main) refers to foc.o(i.FocInit) for FocInit
    gpio.o(i.MX_GPIO_Init) refers to memseta.o(.text) for __aeabi_memclr4
    gpio.o(i.MX_GPIO_Init) refers to stm32g4xx_hal_gpio.o(i.HAL_GPIO_WritePin) for HAL_GPIO_WritePin
    gpio.o(i.MX_GPIO_Init) refers to stm32g4xx_hal_gpio.o(i.HAL_GPIO_Init) for HAL_GPIO_Init
    gpio.o(i.MX_GPIO_Init) refers to stm32g4xx_hal_cortex.o(i.HAL_NVIC_SetPriority) for HAL_NVIC_SetPriority
    gpio.o(i.MX_GPIO_Init) refers to stm32g4xx_hal_cortex.o(i.HAL_NVIC_EnableIRQ) for HAL_NVIC_EnableIRQ
    adc.o(i.HAL_ADC_MspDeInit) refers to stm32g4xx_hal_gpio.o(i.HAL_GPIO_DeInit) for HAL_GPIO_DeInit
    adc.o(i.HAL_ADC_MspDeInit) refers to stm32g4xx_hal_dma.o(i.HAL_DMA_DeInit) for HAL_DMA_DeInit
    adc.o(i.HAL_ADC_MspDeInit) refers to adc.o(.data) for .data
    adc.o(i.HAL_ADC_MspInit) refers to memseta.o(.text) for __aeabi_memclr4
    adc.o(i.HAL_ADC_MspInit) refers to stm32g4xx_hal_rcc_ex.o(i.HAL_RCCEx_PeriphCLKConfig) for HAL_RCCEx_PeriphCLKConfig
    adc.o(i.HAL_ADC_MspInit) refers to main.o(i.Error_Handler) for Error_Handler
    adc.o(i.HAL_ADC_MspInit) refers to stm32g4xx_hal_gpio.o(i.HAL_GPIO_Init) for HAL_GPIO_Init
[...]
    i.LPF                                    0x08004df8   Section        0  sensorless.o(i.LPF)
    i.MX_ADC1_Init                           0x08004e40   Section        0  adc.o(i.MX_ADC1_Init)
    i.MX_ADC2_Init                           0x08004f28   Section        0  adc.o(i.MX_ADC2_Init)
    i.MX_CORDIC_Init                         0x08004fc8   Section        0  cordic.o(i.MX_CORDIC_Init)
    i.MX_DMA_Init                            0x08004fec   Section        0  dma.o(i.MX_DMA_Init)
    i.MX_GPIO_Init                           0x08005068   Section        0  gpio.o(i.MX_GPIO_Init)
    i.MX_TIM1_Init                           0x08005168   Section        0  tim.o(i.MX_TIM1_Init)
    i.MX_TIM2_Init                           0x08005264   Section        0  tim.o(i.MX_TIM2_Init)
    i.MX_USART2_UART_Init                    0x080052e8   Section        0  usart.o(i.MX_USART2_UART_Init)
    i.MemManage_Handler                      0x08005350   Section        0  stm32g4xx_it.o(i.MemManage_Handler)
    i.NMI_Handler                            0x08005352   Section        0  stm32g4xx_it.o(i.NMI_Handler)
    i.Non_flux_Init                          0x08005354   Section        0  sensorless.o(i.Non_flux_Init)
    i.PIControler                            0x08005394   Section        0  foc.o(i.PIControler)
    i.PWM_Start                              0x08005430   Section        0  foc.o(i.PWM_Start)
    i.PWM_Stop                               0x08005468   Section        0  foc.o(i.PWM_Stop)
    i.Park                                   0x080054a4   Section        0  foc.o(i.Park)
    i.PendSV_Handler                         0x080054fc   Section        0  stm32g4xx_it.o(i.PendSV_Handler)
    i.Protection                             0x08005500   Section        0  foc.o(i.Protection)
    i.Rs_calculate                           0x080055a8   Section        0  offline_pi.o(i.Rs_calculate)
    i.SVC_Handler                            0x08005818   Section        0  stm32g4xx_it.o(i.SVC_Handler)
    i.SVPWM                                  0x0800581c   Section        0  foc.o(i.SVPWM)
    i.SVPWM_120                              0x080059e8   Section        0  sensorless.o(i.SVPWM_120)
    i.SysTick_Handler                        0x08005b88   Section        0  stm32g4xx_it.o(i.SysTick_Handler)
    i.SystemClock_Config                     0x08005b8c   Section        0  main.o(i.SystemClock_Config)
    i.SystemInit                             0x08005bf4   Section        0  system_stm32g4xx.o(i.SystemInit)
    i.TIM2_IRQHandler                        0x08005c04   Section        0  stm32g4xx_it.o(i.TIM2_IRQHandler)
    i.TIM_Base_SetConfig                     0x08005c10   Section        0  stm32g4xx_hal_tim.o(i.TIM_Base_SetConfig)
    i.TIM_CCxChannelCmd                      0x08005ccc   Section        0  stm32g4xx_hal_tim.o(i.TIM_CCxChannelCmd)
    i.TIM_ETR_SetConfig                      0x08005ce6   Section        0  stm32g4xx_hal_tim.o(i.TIM_ETR_SetConfig)
    i.TIM_ITRx_SetConfig                     0x08005cfc   Section        0  stm32g4xx_hal_tim.o(i.TIM_ITRx_SetConfig)
    TIM_ITRx_SetConfig                       0x08005cfd   Thumb Code    16  stm32g4xx_hal_tim.o(i.TIM_ITRx_SetConfig)
    i.TIM_OC1_SetConfig                      0x08005d10   Section        0  stm32g4xx_hal_tim.o(i.TIM_OC1_SetConfig)
    TIM_OC1_SetConfig                        0x08005d11   Thumb Code   132  stm32g4xx_hal_tim.o(i.TIM_OC1_SetConfig)
    i.TIM_OC2_SetConfig                      0x08005dac   Section        0  stm32g4xx_hal_tim.o(i.TIM_OC2_SetConfig)
    i.TIM_OC3_SetConfig                      0x08005e3c   Section        0  stm32g4xx_hal_tim.o(i.TIM_OC3_SetConfig)
    TIM_OC3_SetConfig                        0x08005e3d   Thumb Code   118  stm32g4xx_hal_tim.o(i.TIM_OC3_SetConfig)
    i.TIM_OC4_SetConfig                      0x08005ecc   Section        0  stm32g4xx_hal_tim.o(i.TIM_OC4_SetConfig)
    TIM_OC4_SetConfig                        0x08005ecd   Thumb Code   120  stm32g4xx_hal_tim.o(i.TIM_OC4_SetConfig)
    i.TIM_OC5_SetConfig                      0x08005f5c   Section        0  stm32g4xx_hal_tim.o(i.TIM_OC5_SetConfig)
    TIM_OC5_SetConfig                        0x08005f5d   Thumb Code    86  stm32g4xx_hal_tim.o(i.TIM_OC5_SetConfig)
    i.TIM_OC6_SetConfig                      0x08005fcc   Section        0  stm32g4xx_hal_tim.o(i.TIM_OC6_SetConfig)
    TIM_OC6_SetConfig                        0x08005fcd   Thumb Code    88  stm32g4xx_hal_tim.o(i.TIM_OC6_SetConfig)
    i.TIM_TI1_ConfigInputStage               0x0800603c   Section        0  stm32g4xx_hal_tim.o(i.TIM_TI1_ConfigInputStage)
    TIM_TI1_ConfigInputStage                 0x0800603d   Thumb Code    34  stm32g4xx_hal_tim.o(i.TIM_TI1_ConfigInputStage)
    i.TIM_TI1_SetConfig                      0x08006060   Section        0  stm32g4xx_hal_tim.o(i.TIM_TI1_SetConfig)
    i.TIM_TI2_ConfigInputStage               0x080060cc   Section        0  stm32g4xx_hal_tim.o(i.TIM_TI2_ConfigInputStage)
    TIM_TI2_ConfigInputStage                 0x080060cd   Thumb Code    36  stm32g4xx_hal_tim.o(i.TIM_TI2_ConfigInputStage)
    i.UARTEx_SetNbDataToProcess              0x080060f0   Section        0  stm32g4xx_hal_uart_ex.o(i.UARTEx_SetNbDataToProcess)
    UARTEx_SetNbDataToProcess                0x080060f1   Thumb Code    62  stm32g4xx_hal_uart_ex.o(i.UARTEx_SetNbDataToProcess)
    i.UART_AdvFeatureConfig                  0x08006134   Section        0  stm32g4xx_hal_uart.o(i.UART_AdvFeatureConfig)
    i.UART_CheckIdleState                    0x080061fc   Section        0  stm32g4xx_hal_uart.o(i.UART_CheckIdleState)
    i.UART_DMAAbortOnError                   0x080062a8   Section        0  stm32g4xx_hal_uart.o(i.UART_DMAAbortOnError)
    UART_DMAAbortOnError                     0x080062a9   Thumb Code    16  stm32g4xx_hal_uart.o(i.UART_DMAAbortOnError)
    i.UART_EndRxTransfer                     0x080062b8   Section        0  stm32g4xx_hal_uart.o(i.UART_EndRxTransfer)
    UART_EndRxTransfer                       0x080062b9   Thumb Code    78  stm32g4xx_hal_uart.o(i.UART_EndRxTransfer)
    i.UART_SetConfig                         0x0800630c   Section        0  stm32g4xx_hal_uart.o(i.UART_SetConfig)
    i.UART_WaitOnFlagUntilTimeout            0x08006580   Section        0  stm32g4xx_hal_uart.o(i.UART_WaitOnFlagUntilTimeout)
    i.USART2_IRQHandler                      0x08006614   Section        0  stm32g4xx_it.o(i.USART2_IRQHandler)
    i.U_ref_lookup                           0x08006620   Section        0  sensorless.o(i.U_ref_lookup)
    i.UsageFault_Handler                     0x080066a0   Section        0  stm32g4xx_it.o(i.UsageFault_Handler)
    i.__0printf$bare                         0x080066a4   Section        0  printfb.o(i.__0printf$bare)
    i.__ARM_fpclassify                       0x080066b4   Section        0  fpclassify.o(i.__ARM_fpclassify)
    i.__ARM_fpclassifyf                      0x080066e4   Section        0  fpclassifyf.o(i.__ARM_fpclassifyf)
    i.__NVIC_SetPriority                     0x0800670a   Section        0  stm32g4xx_hal_cortex.o(i.__NVIC_SetPriority)
    __NVIC_SetPriority                       0x0800670b   Thumb Code    32  stm32g4xx_hal_cortex.o(i.__NVIC_SetPriority)
    i.__hardfp_atan2f                        0x0800672c   Section        0  atan2f.o(i.__hardfp_atan2f)
    i.__hardfp_fmax                          0x080069d8   Section        0  fmax.o(i.__hardfp_fmax)
    i.__hardfp_fmod                          0x08006a4c   Section        0  fmod.o(i.__hardfp_fmod)
    i.__hardfp_pow                           0x08006b50   Section        0  pow.o(i.__hardfp_pow)
    i.__kernel_poly                          0x080077a0   Section        0  poly.o(i.__kernel_poly)
    i.__mathlib_dbl_divzero                  0x08007898   Section        0  dunder.o(i.__mathlib_dbl_divzero)
    i.__mathlib_dbl_infnan2                  0x080078c8   Section        0  dunder.o(i.__mathlib_dbl_infnan2)
    i.__mathlib_dbl_invalid                  0x080078e0   Section        0  dunder.o(i.__mathlib_dbl_invalid)
    i.__mathlib_dbl_overflow                 0x08007900   Section        0  dunder.o(i.__mathlib_dbl_overflow)
    i.__mathlib_dbl_underflow                0x08007920   Section        0  dunder.o(i.__mathlib_dbl_underflow)
    i.__mathlib_flt_infnan2                  0x08007940   Section        0  funder.o(i.__mathlib_flt_infnan2)
    i.__mathlib_flt_underflow                0x08007948   Section        0  funder.o(i.__mathlib_flt_underflow)
    i.__scatterload_copy                     0x08007958   Section       14  handlers.o(i.__scatterload_copy)
    i.__scatterload_null                     0x08007966   Section        2  handlers.o(i.__scatterload_null)
    i.__scatterload_zeroinit                 0x08007968   Section       14  handlers.o(i.__scatterload_zeroinit)
    i.__set_errno                            0x08007978   Section        0  errno.o(i.__set_errno)
    i._printf_core                           0x08007984   Section        0  printfb.o(i._printf_core)
    _printf_core                             0x08007985   Thumb Code    34  printfb.o(i._printf_core)
    i.arm_cos_f32                            0x080079a8   Section        0  arm_cos_f32.o(i.arm_cos_f32)
    i.arm_sin_f32                            0x08007a20   Section        0  arm_sin_f32.o(i.arm_sin_f32)
    i.fabs                                   0x08007aac   Section        0  fabs.o(i.fabs)
    i.flux_observer                          0x08007ac4   Section        0  sensorless.o(i.flux_observer)
    i.fputc                                  0x08007c54   Section        0  main.o(i.fputc)
    i.main                                   0x08007c6c   Section        0  main.o(i.main)
    i.myfun                                  0x08007c9c   Section        0  sensorless.o(i.myfun)
    i.sqrt                                   0x08007d80   Section        0  sqrt_full.o(i.sqrt)
    i.temperature_lookup                     0x08007df0   Section        0  foc.o(i.temperature_lookup)
    .constdata                               0x08007e60   Section       24  stm32g4xx_hal_uart.o(.constdata)
    .constdata                               0x08007e78   Section       16  stm32g4xx_hal_uart_ex.o(.constdata)
    numerator                                0x08007e78   Data           8  stm32g4xx_hal_uart_ex.o(.constdata)
    denominator                              0x08007e80   Data           8  stm32g4xx_hal_uart_ex.o(.constdata)
    .constdata                               0x08007e88   Section       16  system_stm32g4xx.o(.constdata)
    .constdata                               0x08007e98   Section        8  system_stm32g4xx.o(.constdata)
    .constdata                               0x08007ea0   Section     1632  foc.o(.constdata)
    .constdata                               0x08008500   Section     2008  sensorless.o(.constdata)
    F1                                       0x08008500   Data        1004  sensorless.o(.constdata)
    U_ref                                    0x080088ec   Data        1004  sensorless.o(.constdata)
    .constdata                               0x08008cd8   Section     2052  arm_common_tables.o(.constdata)
    .constdata                               0x080094e0   Section      136  pow.o(.constdata)
    bp                                       0x080094e0   Data          16  pow.o(.constdata)
    dp_h                                     0x080094f0   Data          16  pow.o(.constdata)
    dp_l                                     0x08009500   Data          16  pow.o(.constdata)
    L                                        0x08009510   Data          48  pow.o(.constdata)
    P                                        0x08009540   Data          40  pow.o(.constdata)
    .constdata                               0x08009568   Section        8  qnan.o(.constdata)
    .data                                    0x20000000   Section        8  main.o(.data)
    .data                                    0x20000008   Section        4  adc.o(.data)
    HAL_RCC_ADC12_CLK_ENABLED                0x20000008   Data           4  adc.o(.data)
    .data                                    0x2000000c   Section       12  stm32g4xx_hal.o(.data)
    .data                                    0x20000018   Section       32  stm32g4xx_hal_flash.o(.data)
    .data                                    0x20000038   Section        4  system_stm32g4xx.o(.data)
    .data                                    0x2000003c   Section      300  foc.o(.data)
    HALL                                     0x2000003e   Data           1  foc.o(.data)
    length                                   0x20000048   Data           4  foc.o(.data)
    time_count1                              0x2000004c   Data           4  foc.o(.data)
    LED_Count                                0x20000050   Data           4  foc.o(.data)
    Count                                    0x20000054   Data           4  foc.o(.data)
    i_sum                                    0x20000058   Data           4  foc.o(.data)
    sum1                                     0x2000005c   Data           4  foc.o(.data)
    sum                                      0x20000060   Data           4  foc.o(.data)
    temp2                                    0x20000064   Data           4  foc.o(.data)
    LastSpeedElecReal                        0x20000068   Data           4  foc.o(.data)
    LastHall                                 0x2000006c   Data           4  foc.o(.data)
    start_time                               0x20000070   Data           4  foc.o(.data)
    .data                                    0x20000168   Section       48  sensorless.o(.data)
    count                                    0x20000188   Data           4  sensorless.o(.data)
    length                                   0x2000018c   Data           4  sensorless.o(.data)
    .data                                    0x20000198   Section        4  stdout.o(.data)
    .data                                    0x2000019c   Section        4  errno.o(.data)
    _errno                                   0x2000019c   Data           4  errno.o(.data)
    .bss                                     0x200001a0   Section       16  main.o(.bss)
    .bss                                     0x200001b0   Section      408  adc.o(.bss)
    .bss                                     0x20000348   Section      232  cordic.o(.bss)
    .bss                                     0x20000430   Section      152  tim.o(.bss)
    .bss                                     0x200004c8   Section      244  usart.o(.bss)
    .bss                                     0x200005bc   Section       56  foc.o(.bss)
    U_alpha                                  0x200005bc   Data          20  foc.o(.bss)
    sum                                      0x200005d0   Data          16  foc.o(.bss)
    I_alpha                                  0x200005e0   Data          20  foc.o(.bss)
    .bss                                     0x200005f4   Section      104  sensorless.o(.bss)
    STACK                                    0x20000660   Section     1024  startup_stm32g431xx.o(STACK)

    Global Symbols

    Symbol Name                              Value     Ov Type        Size  Object(Section)

    BuildAttributes$$THM_ISAv4$E$P$D$K$B$S$7EM$VFPi3$EXTD16$VFPS$VFMA$PE$A:L22UL41UL21$X:L11$S22US41US21$IEEE1$IW$USESV6$~STKCKD$USESV7$~SHL$OTIME$ROPI$IEEEX$EBA8$MICROLIB$REQ8$PRES8$EABIv2 0x00000000   Number         0  anon$$obj.o ABSOLUTE
    __ARM_use_no_argv                        0x00000000   Number         0  main.o ABSOLUTE
    __arm_fini_                               - Undefined Weak Reference
    __cpp_initialize__aeabi_                  - Undefined Weak Reference
    __cxa_finalize                            - Undefined Weak Reference
    _clock_init                               - Undefined Weak Reference
    _microlib_exit                            - Undefined Weak Reference
    __Vectors_Size                           0x000001d8   Number         0  startup_stm32g431xx.o ABSOLUTE
    __Vectors                                0x08000000   Data           4  startup_stm32g431xx.o(RESET)
    __Vectors_End                            0x080001d8   Data           0  startup_stm32g431xx.o(RESET)
    __main                                   0x080001d9   Thumb Code     0  entry.o(.ARM.Collect$$$$00000000)
    _main_stk                                0x080001d9   Thumb Code     0  entry2.o(.ARM.Collect$$$$00000001)
    _main_scatterload                        0x080001dd   Thumb Code     0  entry5.o(.ARM.Collect$$$$00000004)
    __main_after_scatterload                 0x080001e1   Thumb Code     0  entry5.o(.ARM.Collect$$$$00000004)
    _main_clock                              0x080001e1   Thumb Code     0  entry7b.o(.ARM.Collect$$$$00000008)
    _main_cpp_init                           0x080001e1   Thumb Code     0  entry8b.o(.ARM.Collect$$$$0000000A)
    _main_init                               0x080001e1   Thumb Code     0  entry9a.o(.ARM.Collect$$$$0000000B)
    __rt_lib_shutdown_fini                   0x080001e9   Thumb Code     0  entry12b.o(.ARM.Collect$$$$0000000E)
    __rt_final_cpp                           0x080001ed   Thumb Code     0  entry10a.o(.ARM.Collect$$$$0000000F)
    __rt_final_exit                          0x080001ed   Thumb Code     0  entry11a.o(.ARM.Collect$$$$00000011)
    Reset_Handler                            0x080001f1   Thumb Code     8  startup_stm32g431xx.o(.text)
    COMP1_2_3_IRQHandler                     0x0800020b   Thumb Code     0  startup_stm32g431xx.o(.text)
    COMP4_IRQHandler                         0x0800020b   Thumb Code     0  startup_stm32g431xx.o(.text)
    CRS_IRQHandler                           0x0800020b   Thumb Code     0  startup_stm32g431xx.o(.text)
    DMA1_Channel6_IRQHandler                 0x0800020b   Thumb Code     0  startup_stm32g431xx.o(.text)
    DMA2_Channel1_IRQHandler                 0x0800020b   Thumb Code     0  startup_stm32g431xx.o(.text)
    DMA2_Channel2_IRQHandler                 0x0800020b   Thumb Code     0  startup_stm32g431xx.o(.text)
    DMA2_Channel3_IRQHandler                 0x0800020b   Thumb Code     0  startup_stm32g431xx.o(.text)
    DMA2_Channel4_IRQHandler                 0x0800020b   Thumb Code     0  startup_stm32g431xx.o(.text)
    DMA2_Channel5_IRQHandler                 0x0800020b   Thumb Code     0  startup_stm32g431xx.o(.text)
    DMA2_Channel6_IRQHandler                 0x0800020b   Thumb Code     0  startup_stm32g431xx.o(.text)
    DMAMUX_OVR_IRQHandler                    0x0800020b   Thumb Code     0  startup_stm32g431xx.o(.text)
    EXTI0_IRQHandler                         0x0800020b   Thumb Code     0  startup_stm32g431xx.o(.text)
    EXTI1_IRQHandler                         0x0800020b   Thumb Code     0  startup_stm32g431xx.o(.text)
    EXTI2_IRQHandler                         0x0800020b   Thumb Code     0  startup_stm32g431xx.o(.text)
    EXTI3_IRQHandler                         0x0800020b   Thumb Code     0  startup_stm32g431xx.o(.text)
    EXTI4_IRQHandler                         0x0800020b   Thumb Code     0  startup_stm32g431xx.o(.text)
    EXTI9_5_IRQHandler                       0x0800020b   Thumb Code     0  startup_stm32g431xx.o(.text)
    FDCAN1_IT0_IRQHandler                    0x0800020b   Thumb Code     0  startup_stm32g431xx.o(.text)
    FDCAN1_IT1_IRQHandler                    0x0800020b   Thumb Code     0  startup_stm32g431xx.o(.text)
    FLASH_IRQHandler                         0x0800020b   Thumb Code     0  startup_stm32g431xx.o(.text)
    FMAC_IRQHandler                          0x0800020b   Thumb Code     0  startup_stm32g431xx.o(.text)
    FPU_IRQHandler                           0x0800020b   Thumb Code     0  startup_stm32g431xx.o(.text)
    I2C1_ER_IRQHandler                       0x0800020b   Thumb Code     0  startup_stm32g431xx.o(.text)
    I2C1_EV_IRQHandler                       0x0800020b   Thumb Code     0  startup_stm32g431xx.o(.text)
    I2C2_ER_IRQHandler                       0x0800020b   Thumb Code     0  startup_stm32g431xx.o(.text)
    I2C2_EV_IRQHandler                       0x0800020b   Thumb Code     0  startup_stm32g431xx.o(.text)
    I2C3_ER_IRQHandler                       0x0800020b   Thumb Code     0  startup_stm32g431xx.o(.text)
    I2C3_EV_IRQHandler                       0x0800020b   Thumb Code     0  startup_stm32g431xx.o(.text)
    LPTIM1_IRQHandler                        0x0800020b   Thumb Code     0  startup_stm32g431xx.o(.text)
    LPUART1_IRQHandler                       0x0800020b   Thumb Code     0  startup_stm32g431xx.o(.text)
    PVD_PVM_IRQHandler                       0x0800020b   Thumb Code     0  startup_stm32g431xx.o(.text)
    RCC_IRQHandler                           0x0800020b   Thumb Code     0  startup_stm32g431xx.o(.text)
    RNG_IRQHandler                           0x0800020b   Thumb Code     0  startup_stm32g431xx.o(.text)
    RTC_Alarm_IRQHandler                     0x0800020b   Thumb Code     0  startup_stm32g431xx.o(.text)
    RTC_TAMP_LSECSS_IRQHandler               0x0800020b   Thumb Code     0  startup_stm32g431xx.o(.text)
    RTC_WKUP_IRQHandler                      0x0800020b   Thumb Code     0  startup_stm32g431xx.o(.text)
    SAI1_IRQHandler                          0x0800020b   Thumb Code     0  startup_stm32g431xx.o(.text)
    SPI1_IRQHandler                          0x0800020b   Thumb Code     0  startup_stm32g431xx.o(.text)
    SPI2_IRQHandler                          0x0800020b   Thumb Code     0  startup_stm32g431xx.o(.text)
    SPI3_IRQHandler                          0x0800020b   Thumb Code     0  startup_stm32g431xx.o(.text)
    TIM1_BRK_TIM15_IRQHandler                0x0800020b   Thumb Code     0  startup_stm32g431xx.o(.text)
    TIM1_CC_IRQHandler                       0x0800020b   Thumb Code     0  startup_stm32g431xx.o(.text)
    TIM1_TRG_COM_TIM17_IRQHandler            0x0800020b   Thumb Code     0  startup_stm32g431xx.o(.text)
    TIM1_UP_TIM16_IRQHandler                 0x0800020b   Thumb Code     0  startup_stm32g431xx.o(.text)
    TIM3_IRQHandler                          0x0800020b   Thumb Code     0  startup_stm32g431xx.o(.text)
    TIM4_IRQHandler                          0x0800020b   Thumb Code     0  startup_stm32g431xx.o(.text)
    TIM6_DAC_IRQHandler                      0x0800020b   Thumb Code     0  startup_stm32g431xx.o(.text)
    TIM7_IRQHandler                          0x0800020b   Thumb Code     0  startup_stm32g431xx.o(.text)
    TIM8_BRK_IRQHandler                      0x0800020b   Thumb Code     0  startup_stm32g431xx.o(.text)
    TIM8_CC_IRQHandler                       0x0800020b   Thumb Code     0  startup_stm32g431xx.o(.text)
    TIM8_TRG_COM_IRQHandler                  0x0800020b   Thumb Code     0  startup_stm32g431xx.o(.text)
    TIM8_UP_IRQHandler                       0x0800020b   Thumb Code     0  startup_stm32g431xx.o(.text)
    UART4_IRQHandler                         0x0800020b   Thumb Code     0  startup_stm32g431xx.o(.text)
    UCPD1_IRQHandler                         0x0800020b   Thumb Code     0  startup_stm32g431xx.o(.text)
    USART1_IRQHandler                        0x0800020b   Thumb Code     0  startup_stm32g431xx.o(.text)
    USART3_IRQHandler                        0x0800020b   Thumb Code     0  startup_stm32g431xx.o(.text)
    USBWakeUp_IRQHandler                     0x0800020b   Thumb Code     0  startup_stm32g431xx.o(.text)
    USB_HP_IRQHandler                        0x0800020b   Thumb Code     0  startup_stm32g431xx.o(.text)
    USB_LP_IRQHandler                        0x0800020b   Thumb Code     0  startup_stm32g431xx.o(.text)
    WWDG_IRQHandler                          0x0800020b   Thumb Code     0  startup_stm32g431xx.o(.text)
    arm_abs_f32                              0x08000215   Thumb Code   164  arm_abs_f32.o(.text)
    __aeabi_uldivmod                         0x080002b9   Thumb Code    98  uldiv.o(.text)
    __aeabi_memcpy                           0x0800031b   Thumb Code    36  memcpya.o(.text)
    __aeabi_memcpy4                          0x0800031b   Thumb Code     0  memcpya.o(.text)
    __aeabi_memcpy8                          0x0800031b   Thumb Code     0  memcpya.o(.text)
    __aeabi_memset                           0x0800033f   Thumb Code    14  memseta.o(.text)
    __aeabi_memset4                          0x0800033f   Thumb Code     0  memseta.o(.text)
    __aeabi_memset8                          0x0800033f   Thumb Code     0  memseta.o(.text)
    __aeabi_memclr                           0x0800034d   Thumb Code     4  memseta.o(.text)
    __aeabi_memclr4                          0x0800034d   Thumb Code     0  memseta.o(.text)
    __aeabi_memclr8                          0x0800034d   Thumb Code     0  memseta.o(.text)
    _memset$wrapper                          0x08000351   Thumb Code    18  memseta.o(.text)
    __aeabi_f2d                              0x08000363   Thumb Code    38  f2d.o(.text)
    __aeabi_d2f                              0x08000389   Thumb Code    56  d2f.o(.text)
    __aeabi_llsl                             0x080003c1   Thumb Code    30  llshl.o(.text)
    _ll_shift_l                              0x080003c1   Thumb Code     0  llshl.o(.text)
    __aeabi_llsr                             0x080003df   Thumb Code    32  llushr.o(.text)
    _ll_ushift_r                             0x080003df   Thumb Code     0  llushr.o(.text)
    __I$use$fp                               0x080003ff   Thumb Code     0  iusefp.o(.text)
    _float_round                             0x080003ff   Thumb Code    18  fepilogue.o(.text)
    _float_epilogue                          0x08000411   Thumb Code    92  fepilogue.o(.text)
    __aeabi_dadd                             0x0800046d   Thumb Code   322  dadd.o(.text)
    __aeabi_dsub                             0x080005af   Thumb Code     6  dadd.o(.text)
    __aeabi_drsub                            0x080005b5   Thumb Code     6  dadd.o(.text)
    __aeabi_dmul                             0x080005bb   Thumb Code   228  dmul.o(.text)
    __aeabi_ddiv                             0x0800069f   Thumb Code   222  ddiv.o(.text)
    __ARM_scalbn                             0x0800077d   Thumb Code    46  dscalb.o(.text)
    scalbn                                   0x0800077d   Thumb Code     0  dscalb.o(.text)
    _drem                                    0x080007ab   Thumb Code   134  drem.o(.text)
    __aeabi_i2d                              0x08000831   Thumb Code    34  dflti.o(.text)
    __aeabi_cdrcmple                         0x08000855   Thumb Code    48  cdrcmple.o(.text)
    __ARM_dcmp4                              0x08000885   Thumb Code    96  dcmp4.o(.text)
    _dcmp4                                   0x08000885   Thumb Code     0  dcmp4.o(.text)
    __scatterload                            0x080008e5   Thumb Code    28  init.o(.text)
    __scatterload_rt2                        0x080008e5   Thumb Code     0  init.o(.text)
    __aeabi_lasr                             0x08000909   Thumb Code    36  llsshr.o(.text)
    _ll_sshift_r                             0x08000909   Thumb Code     0  llsshr.o(.text)
    _double_round                            0x0800092d   Thumb Code    30  depilogue.o(.text)
    _double_epilogue                         0x0800094b   Thumb Code   156  depilogue.o(.text)
    _dsqrt                                   0x080009e7   Thumb Code   162  dsqrt.o(.text)
    __decompress                             0x08000a89   Thumb Code     0  __dczerorl2.o(.text)
    __decompress1                            0x08000a89   Thumb Code    86  __dczerorl2.o(.text)
    ADC1_2_IRQHandler                        0x08000ae1   Thumb Code    18  stm32g4xx_it.o(i.ADC1_2_IRQHandler)
    ADC_DMAConvCplt                          0x08000afd   Thumb Code   104  stm32g4xx_hal_adc.o(i.ADC_DMAConvCplt)
    ADC_DMAError                             0x08000b65   Thumb Code    26  stm32g4xx_hal_adc.o(i.ADC_DMAError)
    ADC_DMAHalfConvCplt                      0x08000b7f   Thumb Code    10  stm32g4xx_hal_adc.o(i.ADC_DMAHalfConvCplt)
    ADC_Disable                              0x08000b89   Thumb Code   106  stm32g4xx_hal_adc.o(i.ADC_Disable)
    ADC_Enable                               0x08000bf9   Thumb Code   154  stm32g4xx_hal_adc.o(i.ADC_Enable)
    AntiPark                                 0x08000ca5   Thumb Code    88  foc.o(i.AntiPark)
    AntiPark_Overmodulation                  0x08000cfd   Thumb Code   116  sensorless.o(i.AntiPark_Overmodulation)
    BusFault_Handler                         0x08000d75   Thumb Code     2  stm32g4xx_it.o(i.BusFault_Handler)
    CORDIC_IRQHandler                        0x08000d79   Thumb Code     6  stm32g4xx_it.o(i.CORDIC_IRQHandler)
    Clark                                    0x08000dc9   Thumb Code    62  foc.o(i.Clark)
    CordicInit                               0x08000e11   Thumb Code    48  foc.o(i.CordicInit)
    DMA1_Channel1_IRQHandler                 0x08000e45   Thumb Code     6  stm32g4xx_it.o(i.DMA1_Channel1_IRQHandler)
    DMA1_Channel2_IRQHandler                 0x08000e51   Thumb Code     6  stm32g4xx_it.o(i.DMA1_Channel2_IRQHandler)
    DMA1_Channel3_IRQHandler                 0x08000e5d   Thumb Code     6  stm32g4xx_it.o(i.DMA1_Channel3_IRQHandler)
    DMA1_Channel4_IRQHandler                 0x08000e69   Thumb Code     6  stm32g4xx_it.o(i.DMA1_Channel4_IRQHandler)
    DMA1_Channel5_IRQHandler                 0x08000e75   Thumb Code     6  stm32g4xx_it.o(i.DMA1_Channel5_IRQHandler)
    DebugMon_Handler                         0x08000f23   Thumb Code     2  stm32g4xx_it.o(i.DebugMon_Handler)
    EXTI15_10_IRQHandler                     0x08000f25   Thumb Code     8  stm32g4xx_it.o(i.EXTI15_10_IRQHandler)
    Error_Handler                            0x08000f2d   Thumb Code     4  main.o(i.Error_Handler)
    FLASH_FlushCaches                        0x08000f31   Thumb Code    84  stm32g4xx_hal_flash_ex.o(i.FLASH_FlushCaches)
    FLASH_PageErase                          0x08000fa9   Thumb Code    34  stm32g4xx_hal_flash_ex.o(i.FLASH_PageErase)
    FLASH_WaitForLastOperation               0x08001019   Thumb Code    86  stm32g4xx_hal_flash.o(i.FLASH_WaitForLastOperation)
    Flash_Read_PartialStruct                 0x08001079   Thumb Code     8  offline_pi.o(i.Flash_Read_PartialStruct)
    Flash_Write_PartialStruct                0x08001085   Thumb Code    68  offline_pi.o(i.Flash_Write_PartialStruct)
    FocInit                                  0x080010cd   Thumb Code   196  foc.o(i.FocInit)
    HAL_ADCEx_Calibration_Start              0x080011c1   Thumb Code   138  stm32g4xx_hal_adc_ex.o(i.HAL_ADCEx_Calibration_Start)
    HAL_ADCEx_EndOfSamplingCallback          0x08001255   Thumb Code     2  stm32g4xx_hal_adc_ex.o(i.HAL_ADCEx_EndOfSamplingCallback)
    HAL_ADCEx_InjectedConvCpltCallback       0x08001257   Thumb Code     2  stm32g4xx_hal_adc_ex.o(i.HAL_ADCEx_InjectedConvCpltCallback)
    HAL_ADCEx_InjectedQueueOverflowCallback  0x08001259   Thumb Code     2  stm32g4xx_hal_adc_ex.o(i.HAL_ADCEx_InjectedQueueOverflowCallback)
    HAL_ADCEx_LevelOutOfWindow2Callback      0x0800125b   Thumb Code     2  stm32g4xx_hal_adc_ex.o(i.HAL_ADCEx_LevelOutOfWindow2Callback)
    HAL_ADCEx_LevelOutOfWindow3Callback      0x0800125d   Thumb Code     2  stm32g4xx_hal_adc_ex.o(i.HAL_ADCEx_LevelOutOfWindow3Callback)
    HAL_ADCEx_MultiModeConfigChannel         0x08001261   Thumb Code   208  stm32g4xx_hal_adc_ex.o(i.HAL_ADCEx_MultiModeConfigChannel)
    HAL_ADC_ConfigChannel                    0x08001339   Thumb Code  1006  stm32g4xx_hal_adc.o(i.HAL_ADC_ConfigChannel)
    HAL_ADC_ConvCpltCallback                 0x0800175d   Thumb Code  2168  foc.o(i.HAL_ADC_ConvCpltCallback)
    HAL_ADC_ConvHalfCpltCallback             0x08002009   Thumb Code     2  stm32g4xx_hal_adc.o(i.HAL_ADC_ConvHalfCpltCallback)
    HAL_ADC_ErrorCallback                    0x0800200b   Thumb Code     2  stm32g4xx_hal_adc.o(i.HAL_ADC_ErrorCallback)
    HAL_ADC_IRQHandler                       0x0800200d   Thumb Code   612  stm32g4xx_hal_adc.o(i.HAL_ADC_IRQHandler)
    HAL_ADC_Init                             0x08002279   Thumb Code   466  stm32g4xx_hal_adc.o(i.HAL_ADC_Init)
    HAL_ADC_LevelOutOfWindowCallback         0x0800246d   Thumb Code     2  stm32g4xx_hal_adc.o(i.HAL_ADC_LevelOutOfWindowCallback)
    HAL_ADC_MspInit                          0x08002471   Thumb Code   432  adc.o(i.HAL_ADC_MspInit)
    HAL_ADC_Start_DMA                        0x0800263d   Thumb Code   214  stm32g4xx_hal_adc.o(i.HAL_ADC_Start_DMA)
    HAL_CORDIC_CalculateCpltCallback         0x0800272d   Thumb Code     2  stm32g4xx_hal_cordic.o(i.HAL_CORDIC_CalculateCpltCallback)
    HAL_CORDIC_Configure                     0x08002731   Thumb Code    66  stm32g4xx_hal_cordic.o(i.HAL_CORDIC_Configure)
    HAL_CORDIC_IRQHandler                    0x08002779   Thumb Code    80  stm32g4xx_hal_cordic.o(i.HAL_CORDIC_IRQHandler)
    HAL_CORDIC_Init                          0x080027c9   Thumb Code    52  stm32g4xx_hal_cordic.o(i.HAL_CORDIC_Init)
    HAL_CORDIC_MspInit                       0x080027fd   Thumb Code   152  cordic.o(i.HAL_CORDIC_MspInit)
    HAL_DMA_Abort                            0x080028a5   Thumb Code   106  stm32g4xx_hal_dma.o(i.HAL_DMA_Abort)
    HAL_DMA_Abort_IT                         0x0800290f   Thumb Code   120  stm32g4xx_hal_dma.o(i.HAL_DMA_Abort_IT)
    HAL_DMA_IRQHandler                       0x08002987   Thumb Code   186  stm32g4xx_hal_dma.o(i.HAL_DMA_IRQHandler)
    HAL_DMA_Init                             0x08002a41   Thumb Code   178  stm32g4xx_hal_dma.o(i.HAL_DMA_Init)
    HAL_DMA_Start_IT                         0x08002b01   Thumb Code   140  stm32g4xx_hal_dma.o(i.HAL_DMA_Start_IT)
    HAL_FLASHEx_Erase                        0x08002b8d   Thumb Code   202  stm32g4xx_hal_flash_ex.o(i.HAL_FLASHEx_Erase)
    HAL_FLASH_Lock                           0x08002c61   Thumb Code    22  stm32g4xx_hal_flash.o(i.HAL_FLASH_Lock)
    HAL_FLASH_Program                        0x08002c7d   Thumb Code   156  stm32g4xx_hal_flash.o(i.HAL_FLASH_Program)
    HAL_FLASH_Unlock                         0x08002d21   Thumb Code    28  stm32g4xx_hal_flash.o(i.HAL_FLASH_Unlock)
    HAL_GPIO_EXTI_Callback                   0x08002d49   Thumb Code   274  foc.o(i.HAL_GPIO_EXTI_Callback)
    HAL_GPIO_EXTI_IRQHandler                 0x08002e85   Thumb Code    18  stm32g4xx_hal_gpio.o(i.HAL_GPIO_EXTI_IRQHandler)
    HAL_GPIO_Init                            0x08002e9d   Thumb Code   550  stm32g4xx_hal_gpio.o(i.HAL_GPIO_Init)
    HAL_GPIO_ReadPin                         0x080030e5   Thumb Code    10  stm32g4xx_hal_gpio.o(i.HAL_GPIO_ReadPin)
    HAL_GPIO_TogglePin                       0x080030ef   Thumb Code    16  stm32g4xx_hal_gpio.o(i.HAL_GPIO_TogglePin)
    HAL_GPIO_WritePin                        0x080030ff   Thumb Code    10  stm32g4xx_hal_gpio.o(i.HAL_GPIO_WritePin)
    HAL_GetTick                              0x08003109   Thumb Code     6  stm32g4xx_hal.o(i.HAL_GetTick)
    HAL_IncTick                              0x08003115   Thumb Code    12  stm32g4xx_hal.o(i.HAL_IncTick)
    HAL_Init                                 0x08003125   Thumb Code    30  stm32g4xx_hal.o(i.HAL_Init)
    HAL_InitTick                             0x08003145   Thumb Code    58  stm32g4xx_hal.o(i.HAL_InitTick)
    HAL_MspInit                              0x08003189   Thumb Code    42  stm32g4xx_hal_msp.o(i.HAL_MspInit)
    HAL_NVIC_EnableIRQ                       0x080031b9   Thumb Code    26  stm32g4xx_hal_cortex.o(i.HAL_NVIC_EnableIRQ)
    HAL_NVIC_SetPriority                     0x080031d5   Thumb Code    60  stm32g4xx_hal_cortex.o(i.HAL_NVIC_SetPriority)
    HAL_NVIC_SetPriorityGrouping             0x08003215   Thumb Code    26  stm32g4xx_hal_cortex.o(i.HAL_NVIC_SetPriorityGrouping)
    HAL_PWREx_ControlVoltageScaling          0x08003239   Thumb Code   174  stm32g4xx_hal_pwr_ex.o(i.HAL_PWREx_ControlVoltageScaling)
    HAL_PWREx_DisableUCPDDeadBattery         0x080032f5   Thumb Code    12  stm32g4xx_hal_pwr_ex.o(i.HAL_PWREx_DisableUCPDDeadBattery)
    HAL_RCCEx_PeriphCLKConfig                0x08003305   Thumb Code   638  stm32g4xx_hal_rcc_ex.o(i.HAL_RCCEx_PeriphCLKConfig)
    HAL_RCC_ClockConfig                      0x0800358d   Thumb Code   444  stm32g4xx_hal_rcc.o(i.HAL_RCC_ClockConfig)
    HAL_RCC_GetPCLK1Freq                     0x08003769   Thumb Code    24  stm32g4xx_hal_rcc.o(i.HAL_RCC_GetPCLK1Freq)
    HAL_RCC_GetPCLK2Freq                     0x0800378d   Thumb Code    24  stm32g4xx_hal_rcc.o(i.HAL_RCC_GetPCLK2Freq)
    HAL_RCC_GetSysClockFreq                  0x080037b1   Thumb Code    98  stm32g4xx_hal_rcc.o(i.HAL_RCC_GetSysClockFreq)
    HAL_RCC_OscConfig                        0x08003821   Thumb Code  1028  stm32g4xx_hal_rcc.o(i.HAL_RCC_OscConfig)
    HAL_SYSTICK_Config                       0x08003c25   Thumb Code    40  stm32g4xx_hal_cortex.o(i.HAL_SYSTICK_Config)
    HAL_TIMEx_Break2Callback                 0x08003c4d   Thumb Code     2  stm32g4xx_hal_tim_ex.o(i.HAL_TIMEx_Break2Callback)
    HAL_TIMEx_BreakCallback                  0x08003c4f   Thumb Code     2  stm32g4xx_hal_tim_ex.o(i.HAL_TIMEx_BreakCallback)
    HAL_TIMEx_CommutCallback                 0x08003c51   Thumb Code     2  stm32g4xx_hal_tim_ex.o(i.HAL_TIMEx_CommutCallback)
    HAL_TIMEx_ConfigBreakDeadTime            0x08003c55   Thumb Code   148  stm32g4xx_hal_tim_ex.o(i.HAL_TIMEx_ConfigBreakDeadTime)
    HAL_TIMEx_DirectionChangeCallback        0x08003cf1   Thumb Code     2  stm32g4xx_hal_tim_ex.o(i.HAL_TIMEx_DirectionChangeCallback)
    HAL_TIMEx_EncoderIndexCallback           0x08003cf3   Thumb Code     2  stm32g4xx_hal_tim_ex.o(i.HAL_TIMEx_EncoderIndexCallback)
    HAL_TIMEx_HallSensor_Init                0x08003cf5   Thumb Code   208  stm32g4xx_hal_tim_ex.o(i.HAL_TIMEx_HallSensor_Init)
    HAL_TIMEx_HallSensor_MspInit             0x08003dd1   Thumb Code     2  stm32g4xx_hal_tim_ex.o(i.HAL_TIMEx_HallSensor_MspInit)
    HAL_TIMEx_IndexErrorCallback             0x08003dd3   Thumb Code     2  stm32g4xx_hal_tim_ex.o(i.HAL_TIMEx_IndexErrorCallback)
    HAL_TIMEx_MasterConfigSynchronization    0x08003dd5   Thumb Code   132  stm32g4xx_hal_tim_ex.o(i.HAL_TIMEx_MasterConfigSynchronization)
    HAL_TIMEx_TransitionErrorCallback        0x08003e71   Thumb Code     2  stm32g4xx_hal_tim_ex.o(i.HAL_TIMEx_TransitionErrorCallback)
    HAL_TIM_Base_Init                        0x08003e73   Thumb Code    98  stm32g4xx_hal_tim.o(i.HAL_TIM_Base_Init)
    HAL_TIM_Base_MspInit                     0x08003ed5   Thumb Code   166  tim.o(i.HAL_TIM_Base_MspInit)
    HAL_TIM_Base_Start                       0x08003f89   Thumb Code    84  stm32g4xx_hal_tim.o(i.HAL_TIM_Base_Start)
    HAL_TIM_ConfigClockSource                0x08003ff5   Thumb Code   246  stm32g4xx_hal_tim.o(i.HAL_TIM_ConfigClockSource)
    HAL_TIM_IC_CaptureCallback               0x080040f5   Thumb Code   244  foc.o(i.HAL_TIM_IC_CaptureCallback)
    HAL_TIM_IC_Start_IT                      0x08004211   Thumb Code   274  stm32g4xx_hal_tim.o(i.HAL_TIM_IC_Start_IT)
    HAL_TIM_IRQHandler                       0x0800433d   Thumb Code   418  stm32g4xx_hal_tim.o(i.HAL_TIM_IRQHandler)
    HAL_TIM_MspPostInit                      0x080044e1   Thumb Code    74  tim.o(i.HAL_TIM_MspPostInit)
    HAL_TIM_OC_DelayElapsedCallback          0x08004535   Thumb Code     2  stm32g4xx_hal_tim.o(i.HAL_TIM_OC_DelayElapsedCallback)
    HAL_TIM_PWM_ConfigChannel                0x08004537   Thumb Code   292  stm32g4xx_hal_tim.o(i.HAL_TIM_PWM_ConfigChannel)
    HAL_TIM_PWM_Init                         0x0800465b   Thumb Code    98  stm32g4xx_hal_tim.o(i.HAL_TIM_PWM_Init)
    HAL_TIM_PWM_MspInit                      0x080046bd   Thumb Code     2  stm32g4xx_hal_tim.o(i.HAL_TIM_PWM_MspInit)
    HAL_TIM_PWM_PulseFinishedCallback        0x080046bf   Thumb Code     2  stm32g4xx_hal_tim.o(i.HAL_TIM_PWM_PulseFinishedCallback)
    HAL_TIM_PWM_Start                        0x080046c1   Thumb Code   218  stm32g4xx_hal_tim.o(i.HAL_TIM_PWM_Start)
    HAL_TIM_PeriodElapsedCallback            0x080047bd   Thumb Code     2  stm32g4xx_hal_tim.o(i.HAL_TIM_PeriodElapsedCallback)
    HAL_TIM_TriggerCallback                  0x080047bf   Thumb Code     2  stm32g4xx_hal_tim.o(i.HAL_TIM_TriggerCallback)
    HAL_UARTEx_DisableFifoMode               0x080047c1   Thumb Code    62  stm32g4xx_hal_uart_ex.o(i.HAL_UARTEx_DisableFifoMode)
    HAL_UARTEx_RxEventCallback               0x080047ff   Thumb Code     2  stm32g4xx_hal_uart.o(i.HAL_UARTEx_RxEventCallback)
    HAL_UARTEx_RxFifoFullCallback            0x08004801   Thumb Code     2  stm32g4xx_hal_uart_ex.o(i.HAL_UARTEx_RxFifoFullCallback)
    HAL_UARTEx_SetRxFifoThreshold            0x08004803   Thumb Code    76  stm32g4xx_hal_uart_ex.o(i.HAL_UARTEx_SetRxFifoThreshold)
    HAL_UARTEx_SetTxFifoThreshold            0x0800484f   Thumb Code    76  stm32g4xx_hal_uart_ex.o(i.HAL_UARTEx_SetTxFifoThreshold)
    HAL_UARTEx_TxFifoEmptyCallback           0x0800489b   Thumb Code     2  stm32g4xx_hal_uart_ex.o(i.HAL_UARTEx_TxFifoEmptyCallback)
    HAL_UARTEx_WakeupCallback                0x0800489d   Thumb Code     2  stm32g4xx_hal_uart_ex.o(i.HAL_UARTEx_WakeupCallback)
    HAL_UART_ErrorCallback                   0x0800489f   Thumb Code     2  stm32g4xx_hal_uart.o(i.HAL_UART_ErrorCallback)
    HAL_UART_IRQHandler                      0x080048a1   Thumb Code   782  stm32g4xx_hal_uart.o(i.HAL_UART_IRQHandler)
    HAL_UART_Init                            0x08004bbd   Thumb Code   106  stm32g4xx_hal_uart.o(i.HAL_UART_Init)
    HAL_UART_MspInit                         0x08004c29   Thumb Code   170  usart.o(i.HAL_UART_MspInit)
    HAL_UART_Transmit                        0x08004ce5   Thumb Code   174  stm32g4xx_hal_uart.o(i.HAL_UART_Transmit)
    HAL_UART_TxCpltCallback                  0x08004d93   Thumb Code     2  stm32g4xx_hal_uart.o(i.HAL_UART_TxCpltCallback)
    HardFault_Handler                        0x08004d95   Thumb Code     2  stm32g4xx_it.o(i.HardFault_Handler)
    LPF                                      0x08004df9   Thumb Code    62  sensorless.o(i.LPF)
    MX_ADC1_Init                             0x08004e41   Thumb Code   210  adc.o(i.MX_ADC1_Init)
    MX_ADC2_Init                             0x08004f29   Thumb Code   144  adc.o(i.MX_ADC2_Init)
    MX_CORDIC_Init                           0x08004fc9   Thumb Code    28  cordic.o(i.MX_CORDIC_Init)
    MX_DMA_Init                              0x08004fed   Thumb Code   120  dma.o(i.MX_DMA_Init)
    MX_GPIO_Init                             0x08005069   Thumb Code   244  gpio.o(i.MX_GPIO_Init)
    MX_TIM1_Init                             0x08005169   Thumb Code   242  tim.o(i.MX_TIM1_Init)
    MX_TIM2_Init                             0x08005265   Thumb Code   126  tim.o(i.MX_TIM2_Init)
    MX_USART2_UART_Init                      0x080052e9   Thumb Code    94  usart.o(i.MX_USART2_UART_Init)
    MemManage_Handler                        0x08005351   Thumb Code     2  stm32g4xx_it.o(i.MemManage_Handler)
    NMI_Handler                              0x08005353   Thumb Code     2  stm32g4xx_it.o(i.NMI_Handler)
    Non_flux_Init                            0x08005355   Thumb Code    50  sensorless.o(i.Non_flux_Init)
    PIControler                              0x08005395   Thumb Code   156  foc.o(i.PIControler)
    PWM_Start                                0x08005431   Thumb Code    50  foc.o(i.PWM_Start)
    PWM_Stop                                 0x08005469   Thumb Code    56  foc.o(i.PWM_Stop)
    Park                                     0x080054a5   Thumb Code    88  foc.o(i.Park)
    PendSV_Handler                           0x080054fd   Thumb Code     2  stm32g4xx_it.o(i.PendSV_Handler)
    Protection                               0x08005501   Thumb Code   140  foc.o(i.Protection)
    Rs_calculate                             0x080055a9   Thumb Code   616  offline_pi.o(i.Rs_calculate)
    SVC_Handler                              0x08005819   Thumb Code     2  stm32g4xx_it.o(i.SVC_Handler)
    SVPWM                                    0x0800581d   Thumb Code   432  foc.o(i.SVPWM)
    SVPWM_120                                0x080059e9   Thumb Code   340  sensorless.o(i.SVPWM_120)
    SysTick_Handler                          0x08005b89   Thumb Code     4  stm32g4xx_it.o(i.SysTick_Handler)
    SystemClock_Config                       0x08005b8d   Thumb Code   102  main.o(i.SystemClock_Config)
    SystemInit                               0x08005bf5   Thumb Code    12  system_stm32g4xx.o(i.SystemInit)
    TIM2_IRQHandler                          0x08005c05   Thumb Code     6  stm32g4xx_it.o(i.TIM2_IRQHandler)
    TIM_Base_SetConfig                       0x08005c11   Thumb Code   160  stm32g4xx_hal_tim.o(i.TIM_Base_SetConfig)
    TIM_CCxChannelCmd                        0x08005ccd   Thumb Code    26  stm32g4xx_hal_tim.o(i.TIM_CCxChannelCmd)
    TIM_ETR_SetConfig                        0x08005ce7   Thumb Code    20  stm32g4xx_hal_tim.o(i.TIM_ETR_SetConfig)
    TIM_OC2_SetConfig                        0x08005dad   Thumb Code   120  stm32g4xx_hal_tim.o(i.TIM_OC2_SetConfig)
    TIM_TI1_SetConfig                        0x08006061   Thumb Code    88  stm32g4xx_hal_tim.o(i.TIM_TI1_SetConfig)
    UART_AdvFeatureConfig                    0x08006135   Thumb Code   200  stm32g4xx_hal_uart.o(i.UART_AdvFeatureConfig)
    UART_CheckIdleState                      0x080061fd   Thumb Code   172  stm32g4xx_hal_uart.o(i.UART_CheckIdleState)
    UART_SetConfig                           0x0800630d   Thumb Code   582  stm32g4xx_hal_uart.o(i.UART_SetConfig)
    UART_WaitOnFlagUntilTimeout              0x08006581   Thumb Code   148  stm32g4xx_hal_uart.o(i.UART_WaitOnFlagUntilTimeout)
    USART2_IRQHandler                        0x08006615   Thumb Code     6  stm32g4xx_it.o(i.USART2_IRQHandler)
    U_ref_lookup                             0x08006621   Thumb Code   110  sensorless.o(i.U_ref_lookup)
    UsageFault_Handler                       0x080066a1   Thumb Code     2  stm32g4xx_it.o(i.UsageFault_Handler)
    __0printf$bare                           0x080066a5   Thumb Code     8  printfb.o(i.__0printf$bare)
    __1printf$bare                           0x080066a5   Thumb Code     0  printfb.o(i.__0printf$bare)
    __2printf                                0x080066a5   Thumb Code     0  printfb.o(i.__0printf$bare)
    __ARM_fpclassify                         0x080066b5   Thumb Code    48  fpclassify.o(i.__ARM_fpclassify)
    __ARM_fpclassifyf                        0x080066e5   Thumb Code    38  fpclassifyf.o(i.__ARM_fpclassifyf)
    __hardfp_atan2f                          0x0800672d   Thumb Code   594  atan2f.o(i.__hardfp_atan2f)
    __hardfp_fmax                            0x080069d9   Thumb Code   116  fmax.o(i.__hardfp_fmax)
    __hardfp_fmod                            0x08006a4d   Thumb Code   254  fmod.o(i.__hardfp_fmod)
    __hardfp_pow                             0x08006b51   Thumb Code  3072  pow.o(i.__hardfp_pow)
    __kernel_poly                            0x080077a1   Thumb Code   248  poly.o(i.__kernel_poly)
    __mathlib_dbl_divzero                    0x08007899   Thumb Code    28  dunder.o(i.__mathlib_dbl_divzero)
    __mathlib_dbl_infnan2                    0x080078c9   Thumb Code    20  dunder.o(i.__mathlib_dbl_infnan2)
    __mathlib_dbl_invalid                    0x080078e1   Thumb Code    24  dunder.o(i.__mathlib_dbl_invalid)
    __mathlib_dbl_overflow                   0x08007901   Thumb Code    24  dunder.o(i.__mathlib_dbl_overflow)
    __mathlib_dbl_underflow                  0x08007921   Thumb Code    24  dunder.o(i.__mathlib_dbl_underflow)
    __mathlib_flt_infnan2                    0x08007941   Thumb Code     6  funder.o(i.__mathlib_flt_infnan2)
    __mathlib_flt_underflow                  0x08007949   Thumb Code    10  funder.o(i.__mathlib_flt_underflow)
    __scatterload_copy                       0x08007959   Thumb Code    14  handlers.o(i.__scatterload_copy)
    __scatterload_null                       0x08007967   Thumb Code     2  handlers.o(i.__scatterload_null)
    __scatterload_zeroinit                   0x08007969   Thumb Code    14  handlers.o(i.__scatterload_zeroinit)
    __set_errno                              0x08007979   Thumb Code     6  errno.o(i.__set_errno)
    arm_cos_f32                              0x080079a9   Thumb Code   108  arm_cos_f32.o(i.arm_cos_f32)
    arm_sin_f32                              0x08007a21   Thumb Code   124  arm_sin_f32.o(i.arm_sin_f32)
    fabs                                     0x08007aad   Thumb Code    24  fabs.o(i.fabs)
    flux_observer                            0x08007ac5   Thumb Code   364  sensorless.o(i.flux_observer)
    fputc                                    0x08007c55   Thumb Code    20  main.o(i.fputc)
    main                                     0x08007c6d   Thumb Code    46  main.o(i.main)
    myfun                                    0x08007c9d   Thumb Code   214  sensorless.o(i.myfun)
    sqrt                                     0x08007d81   Thumb Code   110  sqrt_full.o(i.sqrt)
    temperature_lookup                       0x08007df1   Thumb Code    86  foc.o(i.temperature_lookup)
    UARTPrescTable                           0x08007e60   Data          24  stm32g4xx_hal_uart.o(.constdata)
    AHBPrescTable                            0x08007e88   Data          16  system_stm32g4xx.o(.constdata)
    APBPrescTable                            0x08007e98   Data           8  system_stm32g4xx.o(.constdata)
    T1                                       0x08007ea0   Data         816  foc.o(.constdata)
    Rt_ADCvalue                              0x080081d0   Data         816  foc.o(.constdata)
    sinTable_f32                             0x08008cd8   Data        2052  arm_common_tables.o(.constdata)
    __mathlib_zero                           0x08009568   Data           8  qnan.o(.constdata)
    Region$$Table$$Base                      0x08009570   Number         0  anon$$obj.o(Region$$Table)
    Region$$Table$$Limit                     0x08009590   Number         0  anon$$obj.o(Region$$Table)
    ADC2_value                               0x20000000   Data           8  main.o(.data)
    uwTickPrio                               0x2000000c   Data           4  stm32g4xx_hal.o(.data)
    uwTickFreq                               0x20000010   Data           4  stm32g4xx_hal.o(.data)
    uwTick                                   0x20000014   Data           4  stm32g4xx_hal.o(.data)
    pFlash                                   0x20000018   Data          32  stm32g4xx_hal_flash.o(.data)
    SystemCoreClock                          0x20000038   Data           4  system_stm32g4xx.o(.data)
    Flag                                     0x2000003c   Data           1  foc.o(.data)
    State                                    0x2000003d   Data           1  foc.o(.data)
    ZeroSpeedCnt                             0x20000040   Data           4  foc.o(.data)
    AngleSum                                 0x20000044   Data           4  foc.o(.data)
    FaultState                               0x20000074   Data           5  foc.o(.data)
    offset                                   0x2000007c   Data          12  foc.o(.data)
    Motor                                    0x20000088   Data         224  foc.o(.data)
    Tx                                       0x20000168   Data           4  sensorless.o(.data)
    Ty                                       0x2000016c   Data           4  sensorless.o(.data)
    Ta                                       0x20000170   Data           4  sensorless.o(.data)
    Tb                                       0x20000174   Data           4  sensorless.o(.data)
    Tc                                       0x20000178   Data           4  sensorless.o(.data)
    Tcm1                                     0x2000017c   Data           4  sensorless.o(.data)
    Tcm2                                     0x20000180   Data           4  sensorless.o(.data)
    Tcm3                                     0x20000184   Data           4  sensorless.o(.data)
    VESC_sin                                 0x20000190   Data           4  sensorless.o(.data)
    VESC_cos                                 0x20000194   Data           4  sensorless.o(.data)
    __stdout                                 0x20000198   Data           4  stdout.o(.data)
    ADC1_value                               0x200001a0   Data          16  main.o(.bss)
    hadc1                                    0x200001b0   Data         108  adc.o(.bss)
    hadc2                                    0x2000021c   Data         108  adc.o(.bss)
    hdma_adc1                                0x20000288   Data          96  adc.o(.bss)
    hdma_adc2                                0x200002e8   Data          96  adc.o(.bss)
    hcordic                                  0x20000348   Data          40  cordic.o(.bss)
    hdma_cordic_read                         0x20000370   Data          96  cordic.o(.bss)
    hdma_cordic_write                        0x200003d0   Data          96  cordic.o(.bss)
    htim1                                    0x20000430   Data          76  tim.o(.bss)
    htim2                                    0x2000047c   Data          76  tim.o(.bss)
    huart2                                   0x200004c8   Data         148  usart.o(.bss)
    hdma_usart2_tx                           0x2000055c   Data          96  usart.o(.bss)
    observer                                 0x200005f4   Data         104  sensorless.o(.bss)
    __initial_sp                             0x20000a60   Data           0  startup_stm32g431xx.o(STACK)



==============================================================================

Memory Map of the image

  Image Entry point : 0x080001d9

  Load Region LR_IROM1 (Base: 0x08000000, Size: 0x00009730, Max: 0x00020000, ABSOLUTE, COMPRESSED[0x000095c4])

    Execution Region ER_IROM1 (Exec base: 0x08000000, Load base: 0x08000000, Size: 0x00009590, Max: 0x00020000, ABSOLUTE)

    Exec Addr    Load Addr    Size         Type   Attr      Idx    E Section Name        Object

    0x08000000   0x08000000   0x000001d8   Data   RO            3    RESET               startup_stm32g431xx.o
    0x080001d8   0x080001d8   0x00000000   Code   RO         4920  * .ARM.Collect$$$$00000000  mc_w.l(entry.o)
    0x080001d8   0x080001d8   0x00000004   Code   RO         5248    .ARM.Collect$$$$00000001  mc_w.l(entry2.o)
    0x080001dc   0x080001dc   0x00000004   Code   RO         5251    .ARM.Collect$$$$00000004  mc_w.l(entry5.o)
    0x080001e0   0x080001e0   0x00000000   Code   RO         5253    .ARM.Collect$$$$00000008  mc_w.l(entry7b.o)
    0x080001e0   0x080001e0   0x00000000   Code   RO         5255    .ARM.Collect$$$$0000000A  mc_w.l(entry8b.o)
    0x080001e0   0x080001e0   0x00000008   Code   RO         5256    .ARM.Collect$$$$0000000B  mc_w.l(entry9a.o)
    0x080001e8   0x080001e8   0x00000004   Code   RO         5263    .ARM.Collect$$$$0000000E  mc_w.l(entry12b.o)
    0x080001ec   0x080001ec   0x00000000   Code   RO         5258    .ARM.Collect$$$$0000000F  mc_w.l(entry10a.o)
    0x080001ec   0x080001ec   0x00000000   Code   RO         5260    .ARM.Collect$$$$00000011  mc_w.l(entry11a.o)
    0x080001ec   0x080001ec   0x00000004   Code   RO         5249    .ARM.Collect$$$$00002712  mc_w.l(entry2.o)
    0x080001f0   0x080001f0   0x00000024   Code   RO            4    .text               startup_stm32g431xx.o
    0x08000214   0x08000214   0x000000a4   Code   RO         4831    .text               arm_cortexM4lf_math.lib(arm_abs_f32.o)
    0x080002b8   0x080002b8   0x00000062   Code   RO         4923    .text               mc_w.l(uldiv.o)
    0x0800031a   0x0800031a   0x00000024   Code   RO         4925    .text               mc_w.l(memcpya.o)
    0x0800033e   0x0800033e   0x00000024   Code   RO         4927    .text               mc_w.l(memseta.o)
    0x08000362   0x08000362   0x00000026   Code   RO         5191    .text               mf_w.l(f2d.o)
    0x08000388   0x08000388   0x00000038   Code   RO         5193    .text               mf_w.l(d2f.o)
    0x080003c0   0x080003c0   0x0000001e   Code   RO         5267    .text               mc_w.l(llshl.o)
    0x080003de   0x080003de   0x00000020   Code   RO         5269    .text               mc_w.l(llushr.o)
    0x080003fe   0x080003fe   0x00000000   Code   RO         5278    .text               mc_w.l(iusefp.o)
    0x080003fe   0x080003fe   0x0000006e   Code   RO         5279    .text               mf_w.l(fepilogue.o)
    0x0800046c   0x0800046c   0x0000014e   Code   RO         5281    .text               mf_w.l(dadd.o)
    0x080005ba   0x080005ba   0x000000e4   Code   RO         5283    .text               mf_w.l(dmul.o)
    0x0800069e   0x0800069e   0x000000de   Code   RO         5285    .text               mf_w.l(ddiv.o)
    0x0800077c   0x0800077c   0x0000002e   Code   RO         5289    .text               mf_w.l(dscalb.o)
    0x080007aa   0x080007aa   0x00000086   Code   RO         5291    .text               mf_w.l(drem.o)
    0x08000830   0x08000830   0x00000022   Code   RO         5293    .text               mf_w.l(dflti.o)
    0x08000852   0x08000852   0x00000002   PAD
    0x08000854   0x08000854   0x00000030   Code   RO         5297    .text               mf_w.l(cdrcmple.o)
    0x08000884   0x08000884   0x00000060   Code   RO         5299    .text               mf_w.l(dcmp4.o)
    0x080008e4   0x080008e4   0x00000024   Code   RO         5303    .text               mc_w.l(init.o)
    0x08000908   0x08000908   0x00000024   Code   RO         5305    .text               mc_w.l(llsshr.o)
    0x0800092c   0x0800092c   0x000000ba   Code   RO         5307    .text               mf_w.l(depilogue.o)
    0x080009e6   0x080009e6   0x000000a2   Code   RO         5309    .text               mf_w.l(dsqrt.o)
    0x08000a88   0x08000a88   0x00000056   Code   RO         5321    .text               mc_w.l(__dczerorl2.o)
    0x08000ade   0x08000ade   0x00000002   PAD
    0x08000ae0   0x08000ae0   0x0000001c   Code   RO          447    i.ADC1_2_IRQHandler  stm32g4xx_it.o
    0x08000afc   0x08000afc   0x00000068   Code   RO          608    i.ADC_DMAConvCplt   stm32g4xx_hal_adc.o
    0x08000b64   0x08000b64   0x0000001a   Code   RO          609    i.ADC_DMAError      stm32g4xx_hal_adc.o
    0x08000b7e   0x08000b7e   0x0000000a   Code   RO          610    i.ADC_DMAHalfConvCplt  stm32g4xx_hal_adc.o
    0x08000b88   0x08000b88   0x00000070   Code   RO          611    i.ADC_Disable       stm32g4xx_hal_adc.o
    0x08000bf8   0x08000bf8   0x000000ac   Code   RO          612    i.ADC_Enable        stm32g4xx_hal_adc.o
    0x08000ca4   0x08000ca4   0x00000058   Code   RO         4408    i.AntiPark          foc.o
    0x08000cfc   0x08000cfc   0x00000078   Code   RO         4600    i.AntiPark_Overmodulation  sensorless.o
    0x08000d74   0x08000d74   0x00000002   Code   RO          448    i.BusFault_Handler  stm32g4xx_it.o
    0x08000d76   0x08000d76   0x00000002   PAD
    0x08000d78   0x08000d78   0x0000000c   Code   RO          449    i.CORDIC_IRQHandler  stm32g4xx_it.o
    0x08000d84   0x08000d84   0x00000022   Code   RO         2562    i.CORDIC_ReadOutDataIncrementPtr  stm32g4xx_hal_cordic.o
    0x08000da6   0x08000da6   0x00000022   Code   RO         2563    i.CORDIC_WriteInDataIncrementPtr  stm32g4xx_hal_cordic.o
    0x08000dc8   0x08000dc8   0x00000048   Code   RO         4409    i.Clark             foc.o
    0x08000e10   0x08000e10   0x00000034   Code   RO         4410    i.CordicInit        foc.o
    0x08000e44   0x08000e44   0x0000000c   Code   RO          450    i.DMA1_Channel1_IRQHandler  stm32g4xx_it.o
    0x08000e50   0x08000e50   0x0000000c   Code   RO          451    i.DMA1_Channel2_IRQHandler  stm32g4xx_it.o
    0x08000e5c   0x08000e5c   0x0000000c   Code   RO          452    i.DMA1_Channel3_IRQHandler  stm32g4xx_it.o
    0x08000e68   0x08000e68   0x0000000c   Code   RO          453    i.DMA1_Channel4_IRQHandler  stm32g4xx_it.o
    0x08000e74   0x08000e74   0x0000000c   Code   RO          454    i.DMA1_Channel5_IRQHandler  stm32g4xx_it.o
    0x08000e80   0x08000e80   0x00000040   Code   RO         1905    i.DMA_CalcDMAMUXChannelBaseAndMask  stm32g4xx_hal_dma.o
    0x08000ec0   0x08000ec0   0x00000024   Code   RO         1906    i.DMA_CalcDMAMUXRequestGenBaseAndMask  stm32g4xx_hal_dma.o
    0x08000ee4   0x08000ee4   0x0000003e   Code   RO         1907    i.DMA_SetConfig     stm32g4xx_hal_dma.o
    0x08000f22   0x08000f22   0x00000002   Code   RO          455    i.DebugMon_Handler  stm32g4xx_it.o
    0x08000f24   0x08000f24   0x00000008   Code   RO          456    i.EXTI15_10_IRQHandler  stm32g4xx_it.o
    0x08000f2c   0x08000f2c   0x00000004   Code   RO           13    i.Error_Handler     main.o
    0x08000f30   0x08000f30   0x0000005c   Code   RO         1655    i.FLASH_FlushCaches  stm32g4xx_hal_flash_ex.o
    0x08000f8c   0x08000f8c   0x0000001c   Code   RO         1656    i.FLASH_MassErase   stm32g4xx_hal_flash_ex.o
    0x08000fa8   0x08000fa8   0x00000028   Code   RO         1658    i.FLASH_PageErase   stm32g4xx_hal_flash_ex.o
    0x08000fd0   0x08000fd0   0x0000001c   Code   RO         1546    i.FLASH_Program_DoubleWord  stm32g4xx_hal_flash.o
    0x08000fec   0x08000fec   0x0000002c   Code   RO         1547    i.FLASH_Program_Fast  stm32g4xx_hal_flash.o
    0x08001018   0x08001018   0x00000060   Code   RO         1548    i.FLASH_WaitForLastOperation  stm32g4xx_hal_flash.o
    0x08001078   0x08001078   0x0000000c   Code   RO         4560    i.Flash_Read_PartialStruct  offline_pi.o
    0x08001084   0x08001084   0x00000048   Code   RO         4561    i.Flash_Write_PartialStruct  offline_pi.o
    0x080010cc   0x080010cc   0x000000f4   Code   RO         4411    i.FocInit           foc.o
    0x080011c0   0x080011c0   0x00000094   Code   RO          845    i.HAL_ADCEx_Calibration_Start  stm32g4xx_hal_adc_ex.o
    0x08001254   0x08001254   0x00000002   Code   RO          849    i.HAL_ADCEx_EndOfSamplingCallback  stm32g4xx_hal_adc_ex.o
    0x08001256   0x08001256   0x00000002   Code   RO          852    i.HAL_ADCEx_InjectedConvCpltCallback  stm32g4xx_hal_adc_ex.o
    0x08001258   0x08001258   0x00000002   Code   RO          855    i.HAL_ADCEx_InjectedQueueOverflowCallback  stm32g4xx_hal_adc_ex.o
    0x0800125a   0x0800125a   0x00000002   Code   RO          860    i.HAL_ADCEx_LevelOutOfWindow2Callback  stm32g4xx_hal_adc_ex.o
    0x0800125c   0x0800125c   0x00000002   Code   RO          861    i.HAL_ADCEx_LevelOutOfWindow3Callback  stm32g4xx_hal_adc_ex.o
    0x0800125e   0x0800125e   0x00000002   PAD
    0x08001260   0x08001260   0x000000d8   Code   RO          862    i.HAL_ADCEx_MultiModeConfigChannel  stm32g4xx_hal_adc_ex.o
    0x08001338   0x08001338   0x00000424   Code   RO          614    i.HAL_ADC_ConfigChannel  stm32g4xx_hal_adc.o
    0x0800175c   0x0800175c   0x000008ac   Code   RO         4412    i.HAL_ADC_ConvCpltCallback  foc.o
    0x08002008   0x08002008   0x00000002   Code   RO          616    i.HAL_ADC_ConvHalfCpltCallback  stm32g4xx_hal_adc.o
    0x0800200a   0x0800200a   0x00000002   Code   RO          618    i.HAL_ADC_ErrorCallback  stm32g4xx_hal_adc.o
    0x0800200c   0x0800200c   0x0000026c   Code   RO          622    i.HAL_ADC_IRQHandler  stm32g4xx_hal_adc.o
    0x08002278   0x08002278   0x000001f4   Code   RO          623    i.HAL_ADC_Init      stm32g4xx_hal_adc.o
    0x0800246c   0x0800246c   0x00000002   Code   RO          624    i.HAL_ADC_LevelOutOfWindowCallback  stm32g4xx_hal_adc.o
    0x0800246e   0x0800246e   0x00000002   PAD
    0x08002470   0x08002470   0x000001cc   Code   RO          237    i.HAL_ADC_MspInit   adc.o
    0x0800263c   0x0800263c   0x000000f0   Code   RO          631    i.HAL_ADC_Start_DMA  stm32g4xx_hal_adc.o
    0x0800272c   0x0800272c   0x00000002   Code   RO         2565    i.HAL_CORDIC_CalculateCpltCallback  stm32g4xx_hal_cordic.o
    0x0800272e   0x0800272e   0x00000002   PAD
    0x08002730   0x08002730   0x00000048   Code   RO         2569    i.HAL_CORDIC_Configure  stm32g4xx_hal_cordic.o
    0x08002778   0x08002778   0x00000050   Code   RO         2574    i.HAL_CORDIC_IRQHandler  stm32g4xx_hal_cordic.o
    0x080027c8   0x080027c8   0x00000034   Code   RO         2575    i.HAL_CORDIC_Init   stm32g4xx_hal_cordic.o
    0x080027fc   0x080027fc   0x000000a8   Code   RO          286    i.HAL_CORDIC_MspInit  cordic.o
    0x080028a4   0x080028a4   0x0000006a   Code   RO         1908    i.HAL_DMA_Abort     stm32g4xx_hal_dma.o
    0x0800290e   0x0800290e   0x00000078   Code   RO         1909    i.HAL_DMA_Abort_IT  stm32g4xx_hal_dma.o
    0x08002986   0x08002986   0x000000ba   Code   RO         1913    i.HAL_DMA_IRQHandler  stm32g4xx_hal_dma.o
    0x08002a40   0x08002a40   0x000000c0   Code   RO         1914    i.HAL_DMA_Init      stm32g4xx_hal_dma.o
    0x08002b00   0x08002b00   0x0000008c   Code   RO         1918    i.HAL_DMA_Start_IT  stm32g4xx_hal_dma.o
    0x08002b8c   0x08002b8c   0x000000d4   Code   RO         1662    i.HAL_FLASHEx_Erase  stm32g4xx_hal_flash_ex.o
    0x08002c60   0x08002c60   0x0000001c   Code   RO         1552    i.HAL_FLASH_Lock    stm32g4xx_hal_flash.o
    0x08002c7c   0x08002c7c   0x000000a4   Code   RO         1557    i.HAL_FLASH_Program  stm32g4xx_hal_flash.o
    0x08002d20   0x08002d20   0x00000028   Code   RO         1559    i.HAL_FLASH_Unlock  stm32g4xx_hal_flash.o
    0x08002d48   0x08002d48   0x0000013c   Code   RO         4413    i.HAL_GPIO_EXTI_Callback  foc.o
    0x08002e84   0x08002e84   0x00000018   Code   RO         1769    i.HAL_GPIO_EXTI_IRQHandler  stm32g4xx_hal_gpio.o
    0x08002e9c   0x08002e9c   0x00000248   Code   RO         1770    i.HAL_GPIO_Init     stm32g4xx_hal_gpio.o
    0x080030e4   0x080030e4   0x0000000a   Code   RO         1772    i.HAL_GPIO_ReadPin  stm32g4xx_hal_gpio.o
    0x080030ee   0x080030ee   0x00000010   Code   RO         1773    i.HAL_GPIO_TogglePin  stm32g4xx_hal_gpio.o
    0x080030fe   0x080030fe   0x0000000a   Code   RO         1774    i.HAL_GPIO_WritePin  stm32g4xx_hal_gpio.o
    0x08003108   0x08003108   0x0000000c   Code   RO         1065    i.HAL_GetTick       stm32g4xx_hal.o
    0x08003114   0x08003114   0x00000010   Code   RO         1071    i.HAL_IncTick       stm32g4xx_hal.o
    0x08003124   0x08003124   0x0000001e   Code   RO         1072    i.HAL_Init          stm32g4xx_hal.o
    0x08003142   0x08003142   0x00000002   PAD
    0x08003144   0x08003144   0x00000044   Code   RO         1073    i.HAL_InitTick      stm32g4xx_hal.o
    0x08003188   0x08003188   0x00000030   Code   RO          583    i.HAL_MspInit       stm32g4xx_hal_msp.o
    0x080031b8   0x080031b8   0x0000001a   Code   RO         2419    i.HAL_NVIC_EnableIRQ  stm32g4xx_hal_cortex.o
    0x080031d2   0x080031d2   0x00000002   PAD
    0x080031d4   0x080031d4   0x00000040   Code   RO         2425    i.HAL_NVIC_SetPriority  stm32g4xx_hal_cortex.o
    0x08003214   0x08003214   0x00000024   Code   RO         2426    i.HAL_NVIC_SetPriorityGrouping  stm32g4xx_hal_cortex.o
    0x08003238   0x08003238   0x000000bc   Code   RO         2173    i.HAL_PWREx_ControlVoltageScaling  stm32g4xx_hal_pwr_ex.o
    0x080032f4   0x080032f4   0x00000010   Code   RO         2185    i.HAL_PWREx_DisableUCPDDeadBattery  stm32g4xx_hal_pwr_ex.o
    0x08003304   0x08003304   0x00000288   Code   RO         1432    i.HAL_RCCEx_PeriphCLKConfig  stm32g4xx_hal_rcc_ex.o
    0x0800358c   0x0800358c   0x000001dc   Code   RO         1307    i.HAL_RCC_ClockConfig  stm32g4xx_hal_rcc.o
    0x08003768   0x08003768   0x00000024   Code   RO         1315    i.HAL_RCC_GetPCLK1Freq  stm32g4xx_hal_rcc.o
    0x0800378c   0x0800378c   0x00000024   Code   RO         1316    i.HAL_RCC_GetPCLK2Freq  stm32g4xx_hal_rcc.o
    0x080037b0   0x080037b0   0x00000070   Code   RO         1317    i.HAL_RCC_GetSysClockFreq  stm32g4xx_hal_rcc.o
    0x08003820   0x08003820   0x00000404   Code   RO         1320    i.HAL_RCC_OscConfig  stm32g4xx_hal_rcc.o
    0x08003c24   0x08003c24   0x00000028   Code   RO         2430    i.HAL_SYSTICK_Config  stm32g4xx_hal_cortex.o
    0x08003c4c   0x08003c4c   0x00000002   Code   RO         3402    i.HAL_TIMEx_Break2Callback  stm32g4xx_hal_tim_ex.o
    0x08003c4e   0x08003c4e   0x00000002   Code   RO         3403    i.HAL_TIMEx_BreakCallback  stm32g4xx_hal_tim_ex.o
    0x08003c50   0x08003c50   0x00000002   Code   RO         3404    i.HAL_TIMEx_CommutCallback  stm32g4xx_hal_tim_ex.o
    0x08003c52   0x08003c52   0x00000002   PAD
    0x08003c54   0x08003c54   0x0000009c   Code   RO         3407    i.HAL_TIMEx_ConfigBreakDeadTime  stm32g4xx_hal_tim_ex.o
    0x08003cf0   0x08003cf0   0x00000002   Code   RO         3415    i.HAL_TIMEx_DirectionChangeCallback  stm32g4xx_hal_tim_ex.o
    0x08003cf2   0x08003cf2   0x00000002   Code   RO         3429    i.HAL_TIMEx_EncoderIndexCallback  stm32g4xx_hal_tim_ex.o
    0x08003cf4   0x08003cf4   0x000000dc   Code   RO         3434    i.HAL_TIMEx_HallSensor_Init  stm32g4xx_hal_tim_ex.o
    0x08003dd0   0x08003dd0   0x00000002   Code   RO         3436    i.HAL_TIMEx_HallSensor_MspInit  stm32g4xx_hal_tim_ex.o
    0x08003dd2   0x08003dd2   0x00000002   Code   RO         3443    i.HAL_TIMEx_IndexErrorCallback  stm32g4xx_hal_tim_ex.o
    0x08003dd4   0x08003dd4   0x0000009c   Code   RO         3444    i.HAL_TIMEx_MasterConfigSynchronization  stm32g4xx_hal_tim_ex.o
    0x08003e70   0x08003e70   0x00000002   Code   RO         3465    i.HAL_TIMEx_TransitionErrorCallback  stm32g4xx_hal_tim_ex.o
    0x08003e72   0x08003e72   0x00000062   Code   RO         2688    i.HAL_TIM_Base_Init  stm32g4xx_hal_tim.o
    0x08003ed4   0x08003ed4   0x000000b4   Code   RO          352    i.HAL_TIM_Base_MspInit  tim.o
    0x08003f88   0x08003f88   0x0000006c   Code   RO         2691    i.HAL_TIM_Base_Start  stm32g4xx_hal_tim.o
    0x08003ff4   0x08003ff4   0x00000100   Code   RO         2697    i.HAL_TIM_ConfigClockSource  stm32g4xx_hal_tim.o
    0x080040f4   0x080040f4   0x0000011c   Code   RO         4414    i.HAL_TIM_IC_CaptureCallback  foc.o
    0x08004210   0x08004210   0x0000012c   Code   RO         2732    i.HAL_TIM_IC_Start_IT  stm32g4xx_hal_tim.o
    0x0800433c   0x0800433c   0x000001a2   Code   RO         2736    i.HAL_TIM_IRQHandler  stm32g4xx_hal_tim.o
    0x080044de   0x080044de   0x00000002   PAD
    0x080044e0   0x080044e0   0x00000054   Code   RO          353    i.HAL_TIM_MspPostInit  tim.o
    0x08004534   0x08004534   0x00000002   Code   RO         2739    i.HAL_TIM_OC_DelayElapsedCallback  stm32g4xx_hal_tim.o
    0x08004536   0x08004536   0x00000124   Code   RO         2760    i.HAL_TIM_PWM_ConfigChannel  stm32g4xx_hal_tim.o
    0x0800465a   0x0800465a   0x00000062   Code   RO         2763    i.HAL_TIM_PWM_Init  stm32g4xx_hal_tim.o
    0x080046bc   0x080046bc   0x00000002   Code   RO         2765    i.HAL_TIM_PWM_MspInit  stm32g4xx_hal_tim.o
    0x080046be   0x080046be   0x00000002   Code   RO         2766    i.HAL_TIM_PWM_PulseFinishedCallback  stm32g4xx_hal_tim.o
    0x080046c0   0x080046c0   0x000000fc   Code   RO         2768    i.HAL_TIM_PWM_Start  stm32g4xx_hal_tim.o
    0x080047bc   0x080047bc   0x00000002   Code   RO         2774    i.HAL_TIM_PeriodElapsedCallback  stm32g4xx_hal_tim.o
    0x080047be   0x080047be   0x00000002   Code   RO         2779    i.HAL_TIM_TriggerCallback  stm32g4xx_hal_tim.o
    0x080047c0   0x080047c0   0x0000003e   Code   RO         4251    i.HAL_UARTEx_DisableFifoMode  stm32g4xx_hal_uart_ex.o
    0x080047fe   0x080047fe   0x00000002   Code   RO         3840    i.HAL_UARTEx_RxEventCallback  stm32g4xx_hal_uart.o
    0x08004800   0x08004800   0x00000002   Code   RO         4259    i.HAL_UARTEx_RxFifoFullCallback  stm32g4xx_hal_uart_ex.o
    0x08004802   0x08004802   0x0000004c   Code   RO         4260    i.HAL_UARTEx_SetRxFifoThreshold  stm32g4xx_hal_uart_ex.o
    0x0800484e   0x0800484e   0x0000004c   Code   RO         4261    i.HAL_UARTEx_SetTxFifoThreshold  stm32g4xx_hal_uart_ex.o
    0x0800489a   0x0800489a   0x00000002   Code   RO         4263    i.HAL_UARTEx_TxFifoEmptyCallback  stm32g4xx_hal_uart_ex.o
    0x0800489c   0x0800489c   0x00000002   Code   RO         4264    i.HAL_UARTEx_WakeupCallback  stm32g4xx_hal_uart_ex.o
    0x0800489e   0x0800489e   0x00000002   Code   RO         3856    i.HAL_UART_ErrorCallback  stm32g4xx_hal_uart.o
    0x080048a0   0x080048a0   0x0000031c   Code   RO         3859    i.HAL_UART_IRQHandler  stm32g4xx_hal_uart.o
    0x08004bbc   0x08004bbc   0x0000006a   Code   RO         3860    i.HAL_UART_Init     stm32g4xx_hal_uart.o
    0x08004c26   0x08004c26   0x00000002   PAD
    0x08004c28   0x08004c28   0x000000bc   Code   RO          406    i.HAL_UART_MspInit  usart.o
    0x08004ce4   0x08004ce4   0x000000ae   Code   RO         3869    i.HAL_UART_Transmit  stm32g4xx_hal_uart.o
    0x08004d92   0x08004d92   0x00000002   Code   RO         3872    i.HAL_UART_TxCpltCallback  stm32g4xx_hal_uart.o
    0x08004d94   0x08004d94   0x00000002   Code   RO          457    i.HardFault_Handler  stm32g4xx_it.o
    0x08004d96   0x08004d96   0x0000000c   Code   RO          637    i.LL_ADC_GetOffsetChannel  stm32g4xx_hal_adc.o
    0x08004da2   0x08004da2   0x00000008   Code   RO          638    i.LL_ADC_INJ_IsConversionOngoing  stm32g4xx_hal_adc.o
    0x08004daa   0x08004daa   0x00000008   Code   RO          639    i.LL_ADC_REG_IsConversionOngoing  stm32g4xx_hal_adc.o
    0x08004db2   0x08004db2   0x00000008   Code   RO          872    i.LL_ADC_REG_IsConversionOngoing  stm32g4xx_hal_adc_ex.o
    0x08004dba   0x08004dba   0x00000010   Code   RO          640    i.LL_ADC_REG_IsTriggerSourceSWStart  stm32g4xx_hal_adc.o
    0x08004dca   0x08004dca   0x0000001e   Code   RO          642    i.LL_ADC_SetChannelSamplingTime  stm32g4xx_hal_adc.o
    0x08004de8   0x08004de8   0x00000010   Code   RO          643    i.LL_ADC_SetOffsetState  stm32g4xx_hal_adc.o
    0x08004df8   0x08004df8   0x00000048   Code   RO         4602    i.LPF               sensorless.o
    0x08004e40   0x08004e40   0x000000e8   Code   RO          238    i.MX_ADC1_Init      adc.o
    0x08004f28   0x08004f28   0x000000a0   Code   RO          239    i.MX_ADC2_Init      adc.o
    0x08004fc8   0x08004fc8   0x00000024   Code   RO          287    i.MX_CORDIC_Init    cordic.o
    0x08004fec   0x08004fec   0x0000007c   Code   RO          327    i.MX_DMA_Init       dma.o
    0x08005068   0x08005068   0x00000100   Code   RO          212    i.MX_GPIO_Init      gpio.o
    0x08005168   0x08005168   0x000000fc   Code   RO          354    i.MX_TIM1_Init      tim.o
    0x08005264   0x08005264   0x00000084   Code   RO          355    i.MX_TIM2_Init      tim.o
    0x080052e8   0x080052e8   0x00000068   Code   RO          407    i.MX_USART2_UART_Init  usart.o
    0x08005350   0x08005350   0x00000002   Code   RO          458    i.MemManage_Handler  stm32g4xx_it.o
    0x08005352   0x08005352   0x00000002   Code   RO          459    i.NMI_Handler       stm32g4xx_it.o
    0x08005354   0x08005354   0x00000040   Code   RO         4603    i.Non_flux_Init     sensorless.o
    0x08005394   0x08005394   0x0000009c   Code   RO         4415    i.PIControler       foc.o
    0x08005430   0x08005430   0x00000038   Code   RO         4416    i.PWM_Start         foc.o
    0x08005468   0x08005468   0x0000003c   Code   RO         4417    i.PWM_Stop          foc.o
    0x080054a4   0x080054a4   0x00000058   Code   RO         4418    i.Park              foc.o
    0x080054fc   0x080054fc   0x00000002   Code   RO          460    i.PendSV_Handler    stm32g4xx_it.o
    0x080054fe   0x080054fe   0x00000002   PAD
    0x08005500   0x08005500   0x000000a8   Code   RO         4419    i.Protection        foc.o
    0x080055a8   0x080055a8   0x00000270   Code   RO         4562    i.Rs_calculate      offline_pi.o
    0x08005818   0x08005818   0x00000002   Code   RO          461    i.SVC_Handler       stm32g4xx_it.o
    0x0800581a   0x0800581a   0x00000002   PAD
    0x0800581c   0x0800581c   0x000001cc   Code   RO         4420    i.SVPWM             foc.o
    0x080059e8   0x080059e8   0x000001a0   Code   RO         4604    i.SVPWM_120         sensorless.o
    0x08005b88   0x08005b88   0x00000004   Code   RO          462    i.SysTick_Handler   stm32g4xx_it.o
    0x08005b8c   0x08005b8c   0x00000066   Code   RO           14    i.SystemClock_Config  main.o
    0x08005bf2   0x08005bf2   0x00000002   PAD
    0x08005bf4   0x08005bf4   0x00000010   Code   RO         4370    i.SystemInit        system_stm32g4xx.o
    0x08005c04   0x08005c04   0x0000000c   Code   RO          463    i.TIM2_IRQHandler   stm32g4xx_it.o
    0x08005c10   0x08005c10   0x000000bc   Code   RO         2781    i.TIM_Base_SetConfig  stm32g4xx_hal_tim.o
    0x08005ccc   0x08005ccc   0x0000001a   Code   RO         2782    i.TIM_CCxChannelCmd  stm32g4xx_hal_tim.o
    0x08005ce6   0x08005ce6   0x00000014   Code   RO         2792    i.TIM_ETR_SetConfig  stm32g4xx_hal_tim.o
    0x08005cfa   0x08005cfa   0x00000002   PAD
    0x08005cfc   0x08005cfc   0x00000014   Code   RO         2793    i.TIM_ITRx_SetConfig  stm32g4xx_hal_tim.o
    0x08005d10   0x08005d10   0x0000009c   Code   RO         2794    i.TIM_OC1_SetConfig  stm32g4xx_hal_tim.o
    0x08005dac   0x08005dac   0x00000090   Code   RO         2795    i.TIM_OC2_SetConfig  stm32g4xx_hal_tim.o
    0x08005e3c   0x08005e3c   0x00000090   Code   RO         2796    i.TIM_OC3_SetConfig  stm32g4xx_hal_tim.o
    0x08005ecc   0x08005ecc   0x00000090   Code   RO         2797    i.TIM_OC4_SetConfig  stm32g4xx_hal_tim.o
    0x08005f5c   0x08005f5c   0x00000070   Code   RO         2798    i.TIM_OC5_SetConfig  stm32g4xx_hal_tim.o
    0x08005fcc   0x08005fcc   0x00000070   Code   RO         2799    i.TIM_OC6_SetConfig  stm32g4xx_hal_tim.o
    0x0800603c   0x0800603c   0x00000022   Code   RO         2801    i.TIM_TI1_ConfigInputStage  stm32g4xx_hal_tim.o
    0x0800605e   0x0800605e   0x00000002   PAD
    0x08006060   0x08006060   0x0000006c   Code   RO         2802    i.TIM_TI1_SetConfig  stm32g4xx_hal_tim.o
    0x080060cc   0x080060cc   0x00000024   Code   RO         2803    i.TIM_TI2_ConfigInputStage  stm32g4xx_hal_tim.o
    0x080060f0   0x080060f0   0x00000044   Code   RO         4265    i.UARTEx_SetNbDataToProcess  stm32g4xx_hal_uart_ex.o
    0x08006134   0x08006134   0x000000c8   Code   RO         3874    i.UART_AdvFeatureConfig  stm32g4xx_hal_uart.o
    0x080061fc   0x080061fc   0x000000ac   Code   RO         3875    i.UART_CheckIdleState  stm32g4xx_hal_uart.o
    0x080062a8   0x080062a8   0x00000010   Code   RO         3876    i.UART_DMAAbortOnError  stm32g4xx_hal_uart.o
    0x080062b8   0x080062b8   0x00000054   Code   RO         3886    i.UART_EndRxTransfer  stm32g4xx_hal_uart.o
    0x0800630c   0x0800630c   0x00000274   Code   RO         3892    i.UART_SetConfig    stm32g4xx_hal_uart.o
    0x08006580   0x08006580   0x00000094   Code   RO         3899    i.UART_WaitOnFlagUntilTimeout  stm32g4xx_hal_uart.o
    0x08006614   0x08006614   0x0000000c   Code   RO          464    i.USART2_IRQHandler  stm32g4xx_it.o
    0x08006620   0x08006620   0x00000080   Code   RO         4605    i.U_ref_lookup      sensorless.o
    0x080066a0   0x080066a0   0x00000002   Code   RO          465    i.UsageFault_Handler  stm32g4xx_it.o
    0x080066a2   0x080066a2   0x00000002   PAD
    0x080066a4   0x080066a4   0x00000010   Code   RO         4932    i.__0printf$bare    mc_w.l(printfb.o)
    0x080066b4   0x080066b4   0x00000030   Code   RO         5215    i.__ARM_fpclassify  m_wm.l(fpclassify.o)
    0x080066e4   0x080066e4   0x00000026   Code   RO         5217    i.__ARM_fpclassifyf  m_wm.l(fpclassifyf.o)
    0x0800670a   0x0800670a   0x00000020   Code   RO         2432    i.__NVIC_SetPriority  stm32g4xx_hal_cortex.o
    0x0800672a   0x0800672a   0x00000002   PAD
    0x0800672c   0x0800672c   0x000002ac   Code   RO         4874    i.__hardfp_atan2f   m_wm.l(atan2f.o)
    0x080069d8   0x080069d8   0x00000074   Code   RO         4886    i.__hardfp_fmax     m_wm.l(fmax.o)
    0x08006a4c   0x08006a4c   0x00000104   Code   RO         4890    i.__hardfp_fmod     m_wm.l(fmod.o)
    0x08006b50   0x08006b50   0x00000c50   Code   RO         4902    i.__hardfp_pow      m_wm.l(pow.o)
    0x080077a0   0x080077a0   0x000000f8   Code   RO         5233    i.__kernel_poly     m_wm.l(poly.o)
    0x08007898   0x08007898   0x00000030   Code   RO         5195    i.__mathlib_dbl_divzero  m_wm.l(dunder.o)
    0x080078c8   0x080078c8   0x00000014   Code   RO         5197    i.__mathlib_dbl_infnan2  m_wm.l(dunder.o)
    0x080078dc   0x080078dc   0x00000004   PAD
    0x080078e0   0x080078e0   0x00000020   Code   RO         5198    i.__mathlib_dbl_invalid  m_wm.l(dunder.o)
    0x08007900   0x08007900   0x00000020   Code   RO         5199    i.__mathlib_dbl_overflow  m_wm.l(dunder.o)
    0x08007920   0x08007920   0x00000020   Code   RO         5201    i.__mathlib_dbl_underflow  m_wm.l(dunder.o)
    0x08007940   0x08007940   0x00000006   Code   RO         5221    i.__mathlib_flt_infnan2  m_wm.l(funder.o)
    0x08007946   0x08007946   0x00000002   PAD
    0x08007948   0x08007948   0x00000010   Code   RO         5225    i.__mathlib_flt_underflow  m_wm.l(funder.o)
    0x08007958   0x08007958   0x0000000e   Code   RO         5315    i.__scatterload_copy  mc_w.l(handlers.o)
    0x08007966   0x08007966   0x00000002   Code   RO         5316    i.__scatterload_null  mc_w.l(handlers.o)
    0x08007968   0x08007968   0x0000000e   Code   RO         5317    i.__scatterload_zeroinit  mc_w.l(handlers.o)
    0x08007976   0x08007976   0x00000002   PAD
    0x08007978   0x08007978   0x0000000c   Code   RO         5273    i.__set_errno       mc_w.l(errno.o)
    0x08007984   0x08007984   0x00000022   Code   RO         4939    i._printf_core      mc_w.l(printfb.o)
    0x080079a6   0x080079a6   0x00000002   PAD
    0x080079a8   0x080079a8   0x00000078   Code   RO         4779    i.arm_cos_f32       arm_cos_f32.o
    0x08007a20   0x08007a20   0x0000008c   Code   RO         4807    i.arm_sin_f32       arm_sin_f32.o
    0x08007aac   0x08007aac   0x00000018   Code   RO         5211    i.fabs              m_wm.l(fabs.o)
    0x08007ac4   0x08007ac4   0x00000190   Code   RO         4606    i.flux_observer     sensorless.o
    0x08007c54   0x08007c54   0x00000018   Code   RO           15    i.fputc             main.o
    0x08007c6c   0x08007c6c   0x0000002e   Code   RO           16    i.main              main.o
    0x08007c9a   0x08007c9a   0x00000002   PAD
    0x08007c9c   0x08007c9c   0x000000e4   Code   RO         4607    i.myfun             sensorless.o
    0x08007d80   0x08007d80   0x0000006e   Code   RO         5238    i.sqrt              m_wm.l(sqrt_full.o)
    0x08007dee   0x08007dee   0x00000002   PAD
    0x08007df0   0x08007df0   0x00000070   Code   RO         4423    i.temperature_lookup  foc.o
    0x08007e60   0x08007e60   0x00000018   Data   RO         3900    .constdata          stm32g4xx_hal_uart.o
    0x08007e78   0x08007e78   0x00000010   Data   RO         4266    .constdata          stm32g4xx_hal_uart_ex.o
    0x08007e88   0x08007e88   0x00000010   Data   RO         4371    .constdata          system_stm32g4xx.o
    0x08007e98   0x08007e98   0x00000008   Data   RO         4372    .constdata          system_stm32g4xx.o
    0x08007ea0   0x08007ea0   0x00000660   Data   RO         4425    .constdata          foc.o
    0x08008500   0x08008500   0x000007d8   Data   RO         4610    .constdata          sensorless.o
    0x08008cd8   0x08008cd8   0x00000804   Data   RO         4744    .constdata          arm_common_tables.o
    0x080094dc   0x080094dc   0x00000004   PAD
    0x080094e0   0x080094e0   0x00000088   Data   RO         4905    .constdata          m_wm.l(pow.o)
    0x08009568   0x08009568   0x00000008   Data   RO         5235    .constdata          m_wm.l(qnan.o)
    0x08009570   0x08009570   0x00000020   Data   RO         5313    Region$$Table       anon$$obj.o


    Execution Region RW_IRAM1 (Exec base: 0x20000000, Load base: 0x08009590, Size: 0x00000a60, Max: 0x00008000, ABSOLUTE, COMPRESSED[0x00000034])

    Exec Addr    Load Addr    Size         Type   Attr      Idx    E Section Name        Object

    0x20000000   COMPRESSED   0x00000008   Data   RW           18    .data               main.o
    0x20000008   COMPRESSED   0x00000004   Data   RW          241    .data               adc.o
    0x2000000c   COMPRESSED   0x0000000c   Data   RW         1092    .data               stm32g4xx_hal.o
    0x20000018   COMPRESSED   0x00000020   Data   RW         1560    .data               stm32g4xx_hal_flash.o
    0x20000038   COMPRESSED   0x00000004   Data   RW         4373    .data               system_stm32g4xx.o
    0x2000003c   COMPRESSED   0x0000012c   Data   RW         4426    .data               foc.o
    0x20000168   COMPRESSED   0x00000030   Data   RW         4611    .data               sensorless.o
    0x20000198   COMPRESSED   0x00000004   Data   RW         5264    .data               mc_w.l(stdout.o)
    0x2000019c   COMPRESSED   0x00000004   Data   RW         5274    .data               mc_w.l(errno.o)
    0x200001a0        -       0x00000010   Zero   RW           17    .bss                main.o
    0x200001b0        -       0x00000198   Zero   RW          240    .bss                adc.o
    0x20000348        -       0x000000e8   Zero   RW          288    .bss                cordic.o
    0x20000430        -       0x00000098   Zero   RW          356    .bss                tim.o
    0x200004c8        -       0x000000f4   Zero   RW          408    .bss                usart.o
    0x200005bc        -       0x00000038   Zero   RW         4424    .bss                foc.o
    0x200005f4        -       0x00000068   Zero   RW         4609    .bss                sensorless.o
    0x2000065c   COMPRESSED   0x00000004   PAD
    0x20000660        -       0x00000400   Zero   RW            1    STACK               startup_stm32g431xx.o


==============================================================================

Image component sizes


      Code (inc. data)   RO Data    RW Data    ZI Data      Debug   Object Name

       852         66          0          4        408       3086   adc.o
         0          0       2052          0          0      17948   arm_common_tables.o
       120         12          0          0          0        690   arm_cos_f32.o
       140         16          0          0          0        702   arm_sin_f32.o
       204         24          0          0        232       1835   cordic.o
       124          4          0          0          0        846   dma.o
      4376        416       1632        300         56      19304   foc.o
       256         12          0          0          0       1023   gpio.o
       176          4          0          8         16     709338   main.o
       708         16          0          0          0       2746   offline_pi.o
      1428        172       2008         48        104      21263   sensorless.o
        36          8        472          0       1024        836   startup_stm32g431xx.o
       126         20          0         12          0       3693   stm32g4xx_hal.o
      2940        146          0          0          0      82848   stm32g4xx_hal_adc.o
       382         18          0          0          0      72098   stm32g4xx_hal_adc_ex.o
       274          6          0          0          0       4368   stm32g4xx_hal_cordic.o
       198         14          0          0          0      33851   stm32g4xx_hal_cortex.o
       906         30          0          0          0       6578   stm32g4xx_hal_dma.o
       400         48          0         32          0      23218   stm32g4xx_hal_flash.o
       372         28          0          0          0       4214   stm32g4xx_hal_flash_ex.o
       644         40          0          0          0       4275   stm32g4xx_hal_gpio.o
        48          6          0          0          0        870   stm32g4xx_hal_msp.o
       204         18          0          0          0       1409   stm32g4xx_hal_pwr_ex.o
      1688         92          0          0          0       6268   stm32g4xx_hal_rcc.o
       648         10          0          0          0       1884   stm32g4xx_hal_rcc_ex.o
      3076        302          0          0          0      20932   stm32g4xx_hal_tim.o
       548         44          0          0          0       7807   stm32g4xx_hal_tim_ex.o
      2330         86         24          0          0      30676   stm32g4xx_hal_uart.o
       288          6         16          0          0       5378   stm32g4xx_hal_uart_ex.o
       152         58          0          0          0       8982   stm32g4xx_it.o
        16          4         24          4          0       1127   system_stm32g4xx.o
       648         40          0          0        152       3465   tim.o
       292         28          0          0        244       1893   usart.o

    ----------------------------------------------------------------------
     24634       1794       6264        408       2240    1105451   Object Totals
         0          0         32          0          0          0   (incl. Generated)
        34          0          4          0          4          0   (incl. Padding)

    ----------------------------------------------------------------------

      Code (inc. data)   RO Data    RW Data    ZI Data      Debug   Library Member Name

       164          0          0          0          0      17446   arm_abs_f32.o
       684         90          0          0          0        208   atan2f.o
       164         44          0          0          0        620   dunder.o
        24          0          0          0          0        124   fabs.o
       116          0          0          0          0        164   fmax.o
       260          6          0          0          0        144   fmod.o
        48          0          0          0          0        124   fpclassify.o
        38          0          0          0          0        116   fpclassifyf.o
        22          6          0          0          0        232   funder.o
       248          0          0          0          0        152   poly.o
      3152        296        136          0          0        352   pow.o
         0          0          8          0          0          0   qnan.o
       110          0          0          0          0        148   sqrt_full.o
        86          0          0          0          0          0   __dczerorl2.o
         0          0          0          0          0          0   entry.o
         0          0          0          0          0          0   entry10a.o
         0          0          0          0          0          0   entry11a.o
         4          0          0          0          0          0   entry12b.o
         8          4          0          0          0          0   entry2.o
         4          0          0          0          0          0   entry5.o
         0          0          0          0          0          0   entry7b.o
         0          0          0          0          0          0   entry8b.o
         8          4          0          0          0          0   entry9a.o
        12          6          0          4          0         68   errno.o
        30          0          0          0          0          0   handlers.o
        36          8          0          0          0         68   init.o
         0          0          0          0          0          0   iusefp.o
        30          0          0          0          0         68   llshl.o
        36          0          0          0          0         68   llsshr.o
        32          0          0          0          0         68   llushr.o
        36          0          0          0          0         68   memcpya.o
        36          0          0          0          0        108   memseta.o
        50          8          0          0          0        152   printfb.o
         0          0          0          4          0          0   stdout.o
        98          0          0          0          0         92   uldiv.o
        48          0          0          0          0         68   cdrcmple.o
        56          0          0          0          0         88   d2f.o
       334          0          0          0          0        148   dadd.o
        96          0          0          0          0         80   dcmp4.o
       222          0          0          0          0        100   ddiv.o
       186          0          0          0          0        176   depilogue.o
        34          0          0          0          0         76   dflti.o
       228          0          0          0          0         96   dmul.o
       134          0          0          0          0         96   drem.o
        46          0          0          0          0         80   dscalb.o
       162          0          0          0          0        100   dsqrt.o
        38          0          0          0          0         68   f2d.o
       110          0          0          0          0        168   fepilogue.o

    ----------------------------------------------------------------------
      7246        472        144          8          0      21934   Library Totals
        16          0          0          0          0          0   (incl. Padding)

    ----------------------------------------------------------------------

      Code (inc. data)   RO Data    RW Data    ZI Data      Debug   Library Name

       164          0          0          0          0      17446   arm_cortexM4lf_math.lib
      4866        442        144          0          0       2384   m_wm.l
       506         30          0          8          0        760   mc_w.l
      1694          0          0          0          0       1344   mf_w.l

    ----------------------------------------------------------------------
      7246        472        144          8          0      21934   Library Totals

    ----------------------------------------------------------------------

==============================================================================


      Code (inc. data)   RO Data    RW Data    ZI Data      Debug   

     31880       2266       6408        416       2240    1106929   Grand Totals
     31880       2266       6408         52       2240    1106929   ELF Image Totals (compressed)
     31880       2266       6408         52          0          0   ROM Totals

==============================================================================

    Total RO  Size (Code + RO Data)                38288 (  37.39kB)
    Total RW  Size (RW Data + ZI Data)              2656 (   2.59kB)
    Total ROM Size (Code + RO Data + RW Data)      38340 (  37.44kB)

==============================================================================

