Component: ARM Compiler 5.06 update 7 (build 960) Tool: armlink [4d3601]

==============================================================================

Section Cross References

    startup_stm32g431xx.o(RESET) refers to startup_stm32g431xx.o(STACK) for __initial_sp
    startup_stm32g431xx.o(RESET) refers to startup_stm32g431xx.o(.text) for Reset_Handler
    startup_stm32g431xx.o(RESET) refers to stm32g4xx_it.o(i.NMI_Handler) for NMI_Handler
    startup_stm32g431xx.o(RESET) refers to stm32g4xx_it.o(i.HardFault_Handler) for HardFault_Handler
    startup_stm32g431xx.o(RESET) refers to stm32g4xx_it.o(i.MemManage_Handler) for MemManage_Handler
    startup_stm32g431xx.o(RESET) refers to stm32g4xx_it.o(i.BusFault_Handler) for BusFault_Handler
    startup_stm32g431xx.o(RESET) refers to stm32g4xx_it.o(i.UsageFault_Handler) for UsageFault_Handler
    startup_stm32g431xx.o(RESET) refers to stm32g4xx_it.o(i.SVC_Handler) for SVC_Handler
    startup_stm32g431xx.o(RESET) refers to stm32g4xx_it.o(i.DebugMon_Handler) for DebugMon_Handler
    startup_stm32g431xx.o(RESET) refers to stm32g4xx_it.o(i.PendSV_Handler) for PendSV_Handler
    startup_stm32g431xx.o(RESET) refers to stm32g4xx_it.o(i.SysTick_Handler) for SysTick_Handler
    startup_stm32g431xx.o(RESET) refers to stm32g4xx_it.o(i.DMA1_Channel1_IRQHandler) for DMA1_Channel1_IRQHandler
    startup_stm32g431xx.o(RESET) refers to stm32g4xx_it.o(i.DMA1_Channel2_IRQHandler) for DMA1_Channel2_IRQHandler
    startup_stm32g431xx.o(RESET) refers to stm32g4xx_it.o(i.DMA1_Channel3_IRQHandler) for DMA1_Channel3_IRQHandler
    startup_stm32g431xx.o(RESET) refers to stm32g4xx_it.o(i.ADC1_2_IRQHandler) for ADC1_2_IRQHandler
    startup_stm32g431xx.o(RESET) refers to stm32g4xx_it.o(i.TIM2_IRQHandler) for TIM2_IRQHandler
    startup_stm32g431xx.o(RESET) refers to stm32g4xx_it.o(i.USART2_IRQHandler) for USART2_IRQHandler
    startup_stm32g431xx.o(RESET) refers to stm32g4xx_it.o(i.EXTI15_10_IRQHandler) for EXTI15_10_IRQHandler
    startup_stm32g431xx.o(.text) refers to system_stm32g4xx.o(i.SystemInit) for SystemInit
    startup_stm32g431xx.o(.text) refers to entry.o(.ARM.Collect$$$$00000000) for __main
    main.o(i.SystemClock_Config) refers to memseta.o(.text) for __aeabi_memclr4
    main.o(i.SystemClock_Config) refers to stm32g4xx_hal_pwr_ex.o(i.HAL_PWREx_ControlVoltageScaling) for HAL_PWREx_ControlVoltageScaling
    main.o(i.SystemClock_Config) refers to stm32g4xx_hal_rcc.o(i.HAL_RCC_OscConfig) for HAL_RCC_OscConfig
    main.o(i.SystemClock_Config) refers to stm32g4xx_hal_rcc.o(i.HAL_RCC_ClockConfig) for HAL_RCC_ClockConfig
    main.o(i.fputc) refers to stm32g4xx_hal_uart.o(i.HAL_UART_Transmit) for HAL_UART_Transmit
    main.o(i.fputc) refers to usart.o(.bss) for huart2
    main.o(i.main) refers to stm32g4xx_hal.o(i.HAL_Init) for HAL_Init
    main.o(i.main) refers to main.o(i.SystemClock_Config) for SystemClock_Config
    main.o(i.main) refers to gpio.o(i.MX_GPIO_Init) for MX_GPIO_Init
    main.o(i.main) refers to dma.o(i.MX_DMA_Init) for MX_DMA_Init
    main.o(i.main) refers to adc.o(i.MX_ADC1_Init) for MX_ADC1_Init
    main.o(i.main) refers to tim.o(i.MX_TIM1_Init) for MX_TIM1_Init
    main.o(i.main) refers to tim.o(i.MX_TIM2_Init) for MX_TIM2_Init
    main.o(i.main) refers to cordic.o(i.MX_CORDIC_Init) for MX_CORDIC_Init
    main.o(i.main) refers to usart.o(i.MX_USART2_UART_Init) for MX_USART2_UART_Init
    main.o(i.main) refers to adc.o(i.MX_ADC2_Init) for MX_ADC2_Init
    main.o(i.main) refers to foc.o(i.FocInit) for FocInit
    gpio.o(i.MX_GPIO_Init) refers to memseta.o(.text) for __aeabi_memclr4
    gpio.o(i.MX_GPIO_Init) refers to stm32g4xx_hal_gpio.o(i.HAL_GPIO_WritePin) for HAL_GPIO_WritePin
    gpio.o(i.MX_GPIO_Init) refers to stm32g4xx_hal_gpio.o(i.HAL_GPIO_Init) for HAL_GPIO_Init
    gpio.o(i.MX_GPIO_Init) refers to stm32g4xx_hal_cortex.o(i.HAL_NVIC_SetPriority) for HAL_NVIC_SetPriority
    gpio.o(i.MX_GPIO_Init) refers to stm32g4xx_hal_cortex.o(i.HAL_NVIC_EnableIRQ) for HAL_NVIC_EnableIRQ
    adc.o(i.HAL_ADC_MspDeInit) refers to stm32g4xx_hal_gpio.o(i.HAL_GPIO_DeInit) for HAL_GPIO_DeInit
    adc.o(i.HAL_ADC_MspDeInit) refers to stm32g4xx_hal_dma.o(i.HAL_DMA_DeInit) for HAL_DMA_DeInit
    adc.o(i.HAL_ADC_MspDeInit) refers to adc.o(.data) for .data
    adc.o(i.HAL_ADC_MspInit) refers to memseta.o(.text) for __aeabi_memclr4
    adc.o(i.HAL_ADC_MspInit) refers to stm32g4xx_hal_rcc_ex.o(i.HAL_RCCEx_PeriphCLKConfig) for HAL_RCCEx_PeriphCLKConfig
    adc.o(i.HAL_ADC_MspInit) refers to main.o(i.Error_Handler) for Error_Handler
    adc.o(i.HAL_ADC_MspInit) refers to stm32g4xx_hal_gpio.o(i.HAL_GPIO_Init) for HAL_GPIO_Init
    adc.o(i.HAL_ADC_MspInit) refers to stm32g4xx_hal_cortex.o(i.HAL_NVIC_SetPriority) for HAL_NVIC_SetPriority
    adc.o(i.HAL_ADC_MspInit) refers to stm32g4xx_hal_cortex.o(i.HAL_NVIC_EnableIRQ) for HAL_NVIC_EnableIRQ
    adc.o(i.HAL_ADC_MspInit) refers to stm32g4xx_hal_dma.o(i.HAL_DMA_Init) for HAL_DMA_Init
[...]
    i.HAL_TIMEx_ConfigBreakDeadTime          0x08003980   Section        0  stm32g4xx_hal_tim_ex.o(i.HAL_TIMEx_ConfigBreakDeadTime)
    i.HAL_TIMEx_DirectionChangeCallback      0x08003a1c   Section        0  stm32g4xx_hal_tim_ex.o(i.HAL_TIMEx_DirectionChangeCallback)
    i.HAL_TIMEx_EncoderIndexCallback         0x08003a1e   Section        0  stm32g4xx_hal_tim_ex.o(i.HAL_TIMEx_EncoderIndexCallback)
    i.HAL_TIMEx_HallSensor_Init              0x08003a20   Section        0  stm32g4xx_hal_tim_ex.o(i.HAL_TIMEx_HallSensor_Init)
    i.HAL_TIMEx_HallSensor_MspInit           0x08003afc   Section        0  stm32g4xx_hal_tim_ex.o(i.HAL_TIMEx_HallSensor_MspInit)
    i.HAL_TIMEx_IndexErrorCallback           0x08003afe   Section        0  stm32g4xx_hal_tim_ex.o(i.HAL_TIMEx_IndexErrorCallback)
    i.HAL_TIMEx_MasterConfigSynchronization  0x08003b00   Section        0  stm32g4xx_hal_tim_ex.o(i.HAL_TIMEx_MasterConfigSynchronization)
    i.HAL_TIMEx_TransitionErrorCallback      0x08003b9c   Section        0  stm32g4xx_hal_tim_ex.o(i.HAL_TIMEx_TransitionErrorCallback)
    i.HAL_TIM_Base_Init                      0x08003b9e   Section        0  stm32g4xx_hal_tim.o(i.HAL_TIM_Base_Init)
    i.HAL_TIM_Base_MspInit                   0x08003c00   Section        0  tim.o(i.HAL_TIM_Base_MspInit)
    i.HAL_TIM_Base_Start                     0x08003cb4   Section        0  stm32g4xx_hal_tim.o(i.HAL_TIM_Base_Start)
    i.HAL_TIM_ConfigClockSource              0x08003d20   Section        0  stm32g4xx_hal_tim.o(i.HAL_TIM_ConfigClockSource)
    i.HAL_TIM_IC_CaptureCallback             0x08003e20   Section        0  foc.o(i.HAL_TIM_IC_CaptureCallback)
    i.HAL_TIM_IC_Start_IT                    0x08003f28   Section        0  stm32g4xx_hal_tim.o(i.HAL_TIM_IC_Start_IT)
    i.HAL_TIM_IRQHandler                     0x08004054   Section        0  stm32g4xx_hal_tim.o(i.HAL_TIM_IRQHandler)
    i.HAL_TIM_MspPostInit                    0x080041f8   Section        0  tim.o(i.HAL_TIM_MspPostInit)
    i.HAL_TIM_OC_DelayElapsedCallback        0x0800424c   Section        0  stm32g4xx_hal_tim.o(i.HAL_TIM_OC_DelayElapsedCallback)
    i.HAL_TIM_PWM_ConfigChannel              0x0800424e   Section        0  stm32g4xx_hal_tim.o(i.HAL_TIM_PWM_ConfigChannel)
    i.HAL_TIM_PWM_Init                       0x08004372   Section        0  stm32g4xx_hal_tim.o(i.HAL_TIM_PWM_Init)
    i.HAL_TIM_PWM_MspInit                    0x080043d4   Section        0  stm32g4xx_hal_tim.o(i.HAL_TIM_PWM_MspInit)
    i.HAL_TIM_PWM_PulseFinishedCallback      0x080043d6   Section        0  stm32g4xx_hal_tim.o(i.HAL_TIM_PWM_PulseFinishedCallback)
    i.HAL_TIM_PWM_Start                      0x080043d8   Section        0  stm32g4xx_hal_tim.o(i.HAL_TIM_PWM_Start)
    i.HAL_TIM_PeriodElapsedCallback          0x080044d4   Section        0  stm32g4xx_hal_tim.o(i.HAL_TIM_PeriodElapsedCallback)
    i.HAL_TIM_TriggerCallback                0x080044d6   Section        0  stm32g4xx_hal_tim.o(i.HAL_TIM_TriggerCallback)
    i.HAL_UARTEx_DisableFifoMode             0x080044d8   Section        0  stm32g4xx_hal_uart_ex.o(i.HAL_UARTEx_DisableFifoMode)
    i.HAL_UARTEx_RxEventCallback             0x08004516   Section        0  stm32g4xx_hal_uart.o(i.HAL_UARTEx_RxEventCallback)
    i.HAL_UARTEx_RxFifoFullCallback          0x08004518   Section        0  stm32g4xx_hal_uart_ex.o(i.HAL_UARTEx_RxFifoFullCallback)
    i.HAL_UARTEx_SetRxFifoThreshold          0x0800451a   Section        0  stm32g4xx_hal_uart_ex.o(i.HAL_UARTEx_SetRxFifoThreshold)
    i.HAL_UARTEx_SetTxFifoThreshold          0x08004566   Section        0  stm32g4xx_hal_uart_ex.o(i.HAL_UARTEx_SetTxFifoThreshold)
    i.HAL_UARTEx_TxFifoEmptyCallback         0x080045b2   Section        0  stm32g4xx_hal_uart_ex.o(i.HAL_UARTEx_TxFifoEmptyCallback)
    i.HAL_UARTEx_WakeupCallback              0x080045b4   Section        0  stm32g4xx_hal_uart_ex.o(i.HAL_UARTEx_WakeupCallback)
    i.HAL_UART_ErrorCallback                 0x080045b6   Section        0  stm32g4xx_hal_uart.o(i.HAL_UART_ErrorCallback)
    i.HAL_UART_IRQHandler                    0x080045b8   Section        0  stm32g4xx_hal_uart.o(i.HAL_UART_IRQHandler)
    i.HAL_UART_Init                          0x080048d4   Section        0  stm32g4xx_hal_uart.o(i.HAL_UART_Init)
    i.HAL_UART_MspInit                       0x08004940   Section        0  usart.o(i.HAL_UART_MspInit)
    i.HAL_UART_Transmit_DMA                  0x080049fc   Section        0  stm32g4xx_hal_uart.o(i.HAL_UART_Transmit_DMA)
    i.HAL_UART_TxCpltCallback                0x08004a8c   Section        0  stm32g4xx_hal_uart.o(i.HAL_UART_TxCpltCallback)
    i.HAL_UART_TxHalfCpltCallback            0x08004a8e   Section        0  stm32g4xx_hal_uart.o(i.HAL_UART_TxHalfCpltCallback)
    i.HardFault_Handler                      0x08004a90   Section        0  stm32g4xx_it.o(i.HardFault_Handler)
    i.LL_ADC_GetOffsetChannel                0x08004a92   Section        0  stm32g4xx_hal_adc.o(i.LL_ADC_GetOffsetChannel)
    LL_ADC_GetOffsetChannel                  0x08004a93   Thumb Code    12  stm32g4xx_hal_adc.o(i.LL_ADC_GetOffsetChannel)
    i.LL_ADC_INJ_IsConversionOngoing         0x08004a9e   Section        0  stm32g4xx_hal_adc.o(i.LL_ADC_INJ_IsConversionOngoing)
    LL_ADC_INJ_IsConversionOngoing           0x08004a9f   Thumb Code     8  stm32g4xx_hal_adc.o(i.LL_ADC_INJ_IsConversionOngoing)
    i.LL_ADC_REG_IsConversionOngoing         0x08004aa6   Section        0  stm32g4xx_hal_adc.o(i.LL_ADC_REG_IsConversionOngoing)
    LL_ADC_REG_IsConversionOngoing           0x08004aa7   Thumb Code     8  stm32g4xx_hal_adc.o(i.LL_ADC_REG_IsConversionOngoing)
    i.LL_ADC_REG_IsConversionOngoing         0x08004aae   Section        0  stm32g4xx_hal_adc_ex.o(i.LL_ADC_REG_IsConversionOngoing)
    LL_ADC_REG_IsConversionOngoing           0x08004aaf   Thumb Code     8  stm32g4xx_hal_adc_ex.o(i.LL_ADC_REG_IsConversionOngoing)
    i.LL_ADC_REG_IsTriggerSourceSWStart      0x08004ab6   Section        0  stm32g4xx_hal_adc.o(i.LL_ADC_REG_IsTriggerSourceSWStart)
    LL_ADC_REG_IsTriggerSourceSWStart        0x08004ab7   Thumb Code    16  stm32g4xx_hal_adc.o(i.LL_ADC_REG_IsTriggerSourceSWStart)
    i.LL_ADC_SetChannelSamplingTime          0x08004ac6   Section        0  stm32g4xx_hal_adc.o(i.LL_ADC_SetChannelSamplingTime)
    LL_ADC_SetChannelSamplingTime            0x08004ac7   Thumb Code    30  stm32g4xx_hal_adc.o(i.LL_ADC_SetChannelSamplingTime)
    i.LL_ADC_SetOffsetState                  0x08004ae4   Section        0  stm32g4xx_hal_adc.o(i.LL_ADC_SetOffsetState)
    LL_ADC_SetOffsetState                    0x08004ae5   Thumb Code    16  stm32g4xx_hal_adc.o(i.LL_ADC_SetOffsetState)
    i.LPF                                    0x08004af4   Section        0  vesc_control.o(i.LPF)
    i.MX_ADC1_Init                           0x08004b3c   Section        0  adc.o(i.MX_ADC1_Init)
    i.MX_ADC2_Init                           0x08004c24   Section        0  adc.o(i.MX_ADC2_Init)
    i.MX_CORDIC_Init                         0x08004cc4   Section        0  cordic.o(i.MX_CORDIC_Init)
    i.MX_DMA_Init                            0x08004ce8   Section        0  dma.o(i.MX_DMA_Init)
    i.MX_GPIO_Init                           0x08004d44   Section        0  gpio.o(i.MX_GPIO_Init)
    i.MX_TIM1_Init                           0x08004e44   Section        0  tim.o(i.MX_TIM1_Init)
    i.MX_TIM2_Init                           0x08004f40   Section        0  tim.o(i.MX_TIM2_Init)
    i.MX_USART2_UART_Init                    0x08004fc4   Section        0  usart.o(i.MX_USART2_UART_Init)
    i.MemManage_Handler                      0x0800502c   Section        0  stm32g4xx_it.o(i.MemManage_Handler)
    i.NMI_Handler                            0x0800502e   Section        0  stm32g4xx_it.o(i.NMI_Handler)
    i.Non_flux_Init                          0x08005030   Section        0  vesc_control.o(i.Non_flux_Init)
    i.PIControler                            0x08005070   Section        0  foc.o(i.PIControler)
    i.PWM_Start                              0x08005110   Section        0  foc.o(i.PWM_Start)
    i.PWM_Stop                               0x08005148   Section        0  foc.o(i.PWM_Stop)
    i.Park                                   0x08005184   Section        0  foc.o(i.Park)
    i.PendSV_Handler                         0x080051ca   Section        0  stm32g4xx_it.o(i.PendSV_Handler)
    i.Protection                             0x080051cc   Section        0  foc.o(i.Protection)
    i.Rs_calculate                           0x08005274   Section        0  offline_pi.o(i.Rs_calculate)
    i.SVC_Handler                            0x080054e4   Section        0  stm32g4xx_it.o(i.SVC_Handler)
    i.SVPWM                                  0x080054e8   Section        0  foc.o(i.SVPWM)
    i.SysTick_Handler                        0x080056b4   Section        0  stm32g4xx_it.o(i.SysTick_Handler)
    i.SystemClock_Config                     0x080056b8   Section        0  main.o(i.SystemClock_Config)
    i.SystemInit                             0x08005720   Section        0  system_stm32g4xx.o(i.SystemInit)
    i.TIM2_IRQHandler                        0x08005730   Section        0  stm32g4xx_it.o(i.TIM2_IRQHandler)
    i.TIM_Base_SetConfig                     0x0800573c   Section        0  stm32g4xx_hal_tim.o(i.TIM_Base_SetConfig)
    i.TIM_CCxChannelCmd                      0x080057f8   Section        0  stm32g4xx_hal_tim.o(i.TIM_CCxChannelCmd)
    i.TIM_ETR_SetConfig                      0x08005812   Section        0  stm32g4xx_hal_tim.o(i.TIM_ETR_SetConfig)
    i.TIM_ITRx_SetConfig                     0x08005828   Section        0  stm32g4xx_hal_tim.o(i.TIM_ITRx_SetConfig)
    TIM_ITRx_SetConfig                       0x08005829   Thumb Code    16  stm32g4xx_hal_tim.o(i.TIM_ITRx_SetConfig)
    i.TIM_OC1_SetConfig                      0x0800583c   Section        0  stm32g4xx_hal_tim.o(i.TIM_OC1_SetConfig)
    TIM_OC1_SetConfig                        0x0800583d   Thumb Code   132  stm32g4xx_hal_tim.o(i.TIM_OC1_SetConfig)
    i.TIM_OC2_SetConfig                      0x080058d8   Section        0  stm32g4xx_hal_tim.o(i.TIM_OC2_SetConfig)
    i.TIM_OC3_SetConfig                      0x08005968   Section        0  stm32g4xx_hal_tim.o(i.TIM_OC3_SetConfig)
    TIM_OC3_SetConfig                        0x08005969   Thumb Code   118  stm32g4xx_hal_tim.o(i.TIM_OC3_SetConfig)
    i.TIM_OC4_SetConfig                      0x080059f8   Section        0  stm32g4xx_hal_tim.o(i.TIM_OC4_SetConfig)
    TIM_OC4_SetConfig                        0x080059f9   Thumb Code   120  stm32g4xx_hal_tim.o(i.TIM_OC4_SetConfig)
    i.TIM_OC5_SetConfig                      0x08005a88   Section        0  stm32g4xx_hal_tim.o(i.TIM_OC5_SetConfig)
    TIM_OC5_SetConfig                        0x08005a89   Thumb Code    86  stm32g4xx_hal_tim.o(i.TIM_OC5_SetConfig)
    i.TIM_OC6_SetConfig                      0x08005af8   Section        0  stm32g4xx_hal_tim.o(i.TIM_OC6_SetConfig)
    TIM_OC6_SetConfig                        0x08005af9   Thumb Code    88  stm32g4xx_hal_tim.o(i.TIM_OC6_SetConfig)
    i.TIM_TI1_ConfigInputStage               0x08005b68   Section        0  stm32g4xx_hal_tim.o(i.TIM_TI1_ConfigInputStage)
    TIM_TI1_ConfigInputStage                 0x08005b69   Thumb Code    34  stm32g4xx_hal_tim.o(i.TIM_TI1_ConfigInputStage)
    i.TIM_TI1_SetConfig                      0x08005b8c   Section        0  stm32g4xx_hal_tim.o(i.TIM_TI1_SetConfig)
    i.TIM_TI2_ConfigInputStage               0x08005bf8   Section        0  stm32g4xx_hal_tim.o(i.TIM_TI2_ConfigInputStage)
    TIM_TI2_ConfigInputStage                 0x08005bf9   Thumb Code    36  stm32g4xx_hal_tim.o(i.TIM_TI2_ConfigInputStage)
    i.Theta2SinCos                           0x08005c1c   Section        0  foc.o(i.Theta2SinCos)
    i.UARTEx_SetNbDataToProcess              0x08005c6c   Section        0  stm32g4xx_hal_uart_ex.o(i.UARTEx_SetNbDataToProcess)
    UARTEx_SetNbDataToProcess                0x08005c6d   Thumb Code    62  stm32g4xx_hal_uart_ex.o(i.UARTEx_SetNbDataToProcess)
    i.UART_AdvFeatureConfig                  0x08005cb0   Section        0  stm32g4xx_hal_uart.o(i.UART_AdvFeatureConfig)
    i.UART_CheckIdleState                    0x08005d78   Section        0  stm32g4xx_hal_uart.o(i.UART_CheckIdleState)
    i.UART_DMAAbortOnError                   0x08005e24   Section        0  stm32g4xx_hal_uart.o(i.UART_DMAAbortOnError)
    UART_DMAAbortOnError                     0x08005e25   Thumb Code    16  stm32g4xx_hal_uart.o(i.UART_DMAAbortOnError)
    i.UART_DMAError                          0x08005e34   Section        0  stm32g4xx_hal_uart.o(i.UART_DMAError)
    UART_DMAError                            0x08005e35   Thumb Code    80  stm32g4xx_hal_uart.o(i.UART_DMAError)
    i.UART_DMATransmitCplt                   0x08005e84   Section        0  stm32g4xx_hal_uart.o(i.UART_DMATransmitCplt)
    UART_DMATransmitCplt                     0x08005e85   Thumb Code    66  stm32g4xx_hal_uart.o(i.UART_DMATransmitCplt)
    i.UART_DMATxHalfCplt                     0x08005ec6   Section        0  stm32g4xx_hal_uart.o(i.UART_DMATxHalfCplt)
    UART_DMATxHalfCplt                       0x08005ec7   Thumb Code    10  stm32g4xx_hal_uart.o(i.UART_DMATxHalfCplt)
    i.UART_EndRxTransfer                     0x08005ed0   Section        0  stm32g4xx_hal_uart.o(i.UART_EndRxTransfer)
    UART_EndRxTransfer                       0x08005ed1   Thumb Code    78  stm32g4xx_hal_uart.o(i.UART_EndRxTransfer)
    i.UART_EndTxTransfer                     0x08005f24   Section        0  stm32g4xx_hal_uart.o(i.UART_EndTxTransfer)
    UART_EndTxTransfer                       0x08005f25   Thumb Code    46  stm32g4xx_hal_uart.o(i.UART_EndTxTransfer)
    i.UART_SetConfig                         0x08005f54   Section        0  stm32g4xx_hal_uart.o(i.UART_SetConfig)
    i.UART_WaitOnFlagUntilTimeout            0x080061c8   Section        0  stm32g4xx_hal_uart.o(i.UART_WaitOnFlagUntilTimeout)
    i.USART2_IRQHandler                      0x0800625c   Section        0  stm32g4xx_it.o(i.USART2_IRQHandler)
    i.UsageFault_Handler                     0x08006268   Section        0  stm32g4xx_it.o(i.UsageFault_Handler)
    i.__ARM_fpclassify                       0x0800626a   Section        0  fpclassify.o(i.__ARM_fpclassify)
    i.__NVIC_SetPriority                     0x0800629a   Section        0  stm32g4xx_hal_cortex.o(i.__NVIC_SetPriority)
    __NVIC_SetPriority                       0x0800629b   Thumb Code    32  stm32g4xx_hal_cortex.o(i.__NVIC_SetPriority)
    i.__hardfp_fmod                          0x080062bc   Section        0  fmod.o(i.__hardfp_fmod)
    i.__hardfp_pow                           0x080063c0   Section        0  pow.o(i.__hardfp_pow)
    i.__kernel_poly                          0x08007010   Section        0  poly.o(i.__kernel_poly)
    i.__mathlib_dbl_divzero                  0x08007108   Section        0  dunder.o(i.__mathlib_dbl_divzero)
    i.__mathlib_dbl_infnan2                  0x08007138   Section        0  dunder.o(i.__mathlib_dbl_infnan2)
    i.__mathlib_dbl_invalid                  0x08007150   Section        0  dunder.o(i.__mathlib_dbl_invalid)
    i.__mathlib_dbl_overflow                 0x08007170   Section        0  dunder.o(i.__mathlib_dbl_overflow)
    i.__mathlib_dbl_underflow                0x08007190   Section        0  dunder.o(i.__mathlib_dbl_underflow)
    i.__scatterload_copy                     0x080071b0   Section       14  handlers.o(i.__scatterload_copy)
    i.__scatterload_null                     0x080071be   Section        2  handlers.o(i.__scatterload_null)
    i.__scatterload_zeroinit                 0x080071c0   Section       14  handlers.o(i.__scatterload_zeroinit)
    i.__set_errno                            0x080071d0   Section        0  errno.o(i.__set_errno)
    i.arm_cos_f32                            0x080071dc   Section        0  arm_cos_f32.o(i.arm_cos_f32)
    i.arm_sin_f32                            0x08007254   Section        0  arm_sin_f32.o(i.arm_sin_f32)
    i.fabs                                   0x080072e0   Section        0  fabs.o(i.fabs)
    i.flux_observer                          0x080072f8   Section        0  vesc_control.o(i.flux_observer)
    i.main                                   0x080074e8   Section        0  main.o(i.main)
    i.sqrt                                   0x08007516   Section        0  sqrt.o(i.sqrt)
    i.temperature_lookup                     0x08007584   Section        0  foc.o(i.temperature_lookup)
    .constdata                               0x080075f4   Section       24  stm32g4xx_hal_uart.o(.constdata)
    .constdata                               0x0800760c   Section       16  stm32g4xx_hal_uart_ex.o(.constdata)
    numerator                                0x0800760c   Data           8  stm32g4xx_hal_uart_ex.o(.constdata)
    denominator                              0x08007614   Data           8  stm32g4xx_hal_uart_ex.o(.constdata)
    .constdata                               0x0800761c   Section       16  system_stm32g4xx.o(.constdata)
    .constdata                               0x0800762c   Section        8  system_stm32g4xx.o(.constdata)
    .constdata                               0x08007634   Section     1632  foc.o(.constdata)
    .constdata                               0x08007c94   Section     2052  arm_common_tables.o(.constdata)
    .constdata                               0x08008498   Section      136  pow.o(.constdata)
    bp                                       0x08008498   Data          16  pow.o(.constdata)
    dp_h                                     0x080084a8   Data          16  pow.o(.constdata)
    dp_l                                     0x080084b8   Data          16  pow.o(.constdata)
    L                                        0x080084c8   Data          48  pow.o(.constdata)
    P                                        0x080084f8   Data          40  pow.o(.constdata)
    .constdata                               0x08008520   Section        8  qnan.o(.constdata)
    .data                                    0x20000000   Section        8  main.o(.data)
    .data                                    0x20000008   Section        4  adc.o(.data)
    HAL_RCC_ADC12_CLK_ENABLED                0x20000008   Data           4  adc.o(.data)
    .data                                    0x2000000c   Section       12  stm32g4xx_hal.o(.data)
    .data                                    0x20000018   Section       32  stm32g4xx_hal_flash.o(.data)
    .data                                    0x20000038   Section        4  system_stm32g4xx.o(.data)
    .data                                    0x2000003c   Section      288  foc.o(.data)
    HALL                                     0x2000003e   Data           1  foc.o(.data)
    length                                   0x20000048   Data           4  foc.o(.data)
    LED_Count                                0x2000004c   Data           4  foc.o(.data)
    Count                                    0x20000050   Data           4  foc.o(.data)
    i_sum                                    0x20000054   Data           4  foc.o(.data)
    sum1                                     0x20000058   Data           4  foc.o(.data)
    sum                                      0x2000005c   Data           4  foc.o(.data)
    temp2                                    0x20000060   Data           4  foc.o(.data)
    LastSpeedElecReal                        0x20000064   Data           4  foc.o(.data)
    LastHall                                 0x20000068   Data           4  foc.o(.data)
    start_time                               0x2000006c   Data           4  foc.o(.data)
    .data                                    0x2000015c   Section        8  vesc_control.o(.data)
    .data                                    0x20000164   Section        4  errno.o(.data)
    _errno                                   0x20000164   Data           4  errno.o(.data)
    .bss                                     0x20000168   Section       16  main.o(.bss)
    .bss                                     0x20000178   Section      408  adc.o(.bss)
    .bss                                     0x20000310   Section       40  cordic.o(.bss)
    .bss                                     0x20000338   Section      152  tim.o(.bss)
    .bss                                     0x200003d0   Section      244  usart.o(.bss)
    .bss                                     0x200004c4   Section       56  foc.o(.bss)
    U_alpha                                  0x200004c4   Data          20  foc.o(.bss)
    sum                                      0x200004d8   Data          16  foc.o(.bss)
    I_alpha                                  0x200004e8   Data          20  foc.o(.bss)
    .bss                                     0x200004fc   Section      104  vesc_control.o(.bss)
    STACK                                    0x20000568   Section     1024  startup_stm32g431xx.o(STACK)

    Global Symbols

    Symbol Name                              Value     Ov Type        Size  Object(Section)

    BuildAttributes$$THM_ISAv4$E$P$D$K$B$S$7EM$VFPi3$EXTD16$VFPS$VFMA$PE$A:L22UL41UL21$X:L11$S22US41US21$IEEE1$IW$USESV6$~STKCKD$USESV7$~SHL$OTIME$ROPI$IEEEX$EBA8$MICROLIB$REQ8$PRES8$EABIv2 0x00000000   Number         0  anon$$obj.o ABSOLUTE
    __ARM_use_no_argv                        0x00000000   Number         0  main.o ABSOLUTE
    __arm_fini_                               - Undefined Weak Reference
    __cpp_initialize__aeabi_                  - Undefined Weak Reference
    __cxa_finalize                            - Undefined Weak Reference
    _clock_init                               - Undefined Weak Reference
    _microlib_exit                            - Undefined Weak Reference
    __Vectors_Size                           0x000001d8   Number         0  startup_stm32g431xx.o ABSOLUTE
    __Vectors                                0x08000000   Data           4  startup_stm32g431xx.o(RESET)
    __Vectors_End                            0x080001d8   Data           0  startup_stm32g431xx.o(RESET)
    __main                                   0x080001d9   Thumb Code     0  entry.o(.ARM.Collect$$$$00000000)
    _main_stk                                0x080001d9   Thumb Code     0  entry2.o(.ARM.Collect$$$$00000001)
    _main_scatterload                        0x080001dd   Thumb Code     0  entry5.o(.ARM.Collect$$$$00000004)
    __main_after_scatterload                 0x080001e1   Thumb Code     0  entry5.o(.ARM.Collect$$$$00000004)
    _main_clock                              0x080001e1   Thumb Code     0  entry7b.o(.ARM.Collect$$$$00000008)
    _main_cpp_init                           0x080001e1   Thumb Code     0  entry8b.o(.ARM.Collect$$$$0000000A)
    _main_init                               0x080001e1   Thumb Code     0  entry9a.o(.ARM.Collect$$$$0000000B)
    __rt_lib_shutdown_fini                   0x080001e9   Thumb Code     0  entry12b.o(.ARM.Collect$$$$0000000E)
    __rt_final_cpp                           0x080001ed   Thumb Code     0  entry10a.o(.ARM.Collect$$$$0000000F)
    __rt_final_exit                          0x080001ed   Thumb Code     0  entry11a.o(.ARM.Collect$$$$00000011)
    Reset_Handler                            0x080001f1   Thumb Code     8  startup_stm32g431xx.o(.text)
    COMP1_2_3_IRQHandler                     0x0800020b   Thumb Code     0  startup_stm32g431xx.o(.text)
    COMP4_IRQHandler                         0x0800020b   Thumb Code     0  startup_stm32g431xx.o(.text)
    CORDIC_IRQHandler                        0x0800020b   Thumb Code     0  startup_stm32g431xx.o(.text)
    CRS_IRQHandler                           0x0800020b   Thumb Code     0  startup_stm32g431xx.o(.text)
    DMA1_Channel4_IRQHandler                 0x0800020b   Thumb Code     0  startup_stm32g431xx.o(.text)
    DMA1_Channel5_IRQHandler                 0x0800020b   Thumb Code     0  startup_stm32g431xx.o(.text)
    DMA1_Channel6_IRQHandler                 0x0800020b   Thumb Code     0  startup_stm32g431xx.o(.text)
    DMA2_Channel1_IRQHandler                 0x0800020b   Thumb Code     0  startup_stm32g431xx.o(.text)
    DMA2_Channel2_IRQHandler                 0x0800020b   Thumb Code     0  startup_stm32g431xx.o(.text)
    DMA2_Channel3_IRQHandler                 0x0800020b   Thumb Code     0  startup_stm32g431xx.o(.text)
    DMA2_Channel4_IRQHandler                 0x0800020b   Thumb Code     0  startup_stm32g431xx.o(.text)
    DMA2_Channel5_IRQHandler                 0x0800020b   Thumb Code     0  startup_stm32g431xx.o(.text)
    DMA2_Channel6_IRQHandler                 0x0800020b   Thumb Code     0  startup_stm32g431xx.o(.text)
    DMAMUX_OVR_IRQHandler                    0x0800020b   Thumb Code     0  startup_stm32g431xx.o(.text)
    EXTI0_IRQHandler                         0x0800020b   Thumb Code     0  startup_stm32g431xx.o(.text)
    EXTI1_IRQHandler                         0x0800020b   Thumb Code     0  startup_stm32g431xx.o(.text)
    EXTI2_IRQHandler                         0x0800020b   Thumb Code     0  startup_stm32g431xx.o(.text)
    EXTI3_IRQHandler                         0x0800020b   Thumb Code     0  startup_stm32g431xx.o(.text)
    EXTI4_IRQHandler                         0x0800020b   Thumb Code     0  startup_stm32g431xx.o(.text)
    EXTI9_5_IRQHandler                       0x0800020b   Thumb Code     0  startup_stm32g431xx.o(.text)
    FDCAN1_IT0_IRQHandler                    0x0800020b   Thumb Code     0  startup_stm32g431xx.o(.text)
    FDCAN1_IT1_IRQHandler                    0x0800020b   Thumb Code     0  startup_stm32g431xx.o(.text)
    FLASH_IRQHandler                         0x0800020b   Thumb Code     0  startup_stm32g431xx.o(.text)
    FMAC_IRQHandler                          0x0800020b   Thumb Code     0  startup_stm32g431xx.o(.text)
    FPU_IRQHandler                           0x0800020b   Thumb Code     0  startup_stm32g431xx.o(.text)
    I2C1_ER_IRQHandler                       0x0800020b   Thumb Code     0  startup_stm32g431xx.o(.text)
    I2C1_EV_IRQHandler                       0x0800020b   Thumb Code     0  startup_stm32g431xx.o(.text)
    I2C2_ER_IRQHandler                       0x0800020b   Thumb Code     0  startup_stm32g431xx.o(.text)
    I2C2_EV_IRQHandler                       0x0800020b   Thumb Code     0  startup_stm32g431xx.o(.text)
    I2C3_ER_IRQHandler                       0x0800020b   Thumb Code     0  startup_stm32g431xx.o(.text)
    I2C3_EV_IRQHandler                       0x0800020b   Thumb Code     0  startup_stm32g431xx.o(.text)
    LPTIM1_IRQHandler                        0x0800020b   Thumb Code     0  startup_stm32g431xx.o(.text)
    LPUART1_IRQHandler                       0x0800020b   Thumb Code     0  startup_stm32g431xx.o(.text)
    PVD_PVM_IRQHandler                       0x0800020b   Thumb Code     0  startup_stm32g431xx.o(.text)
    RCC_IRQHandler                           0x0800020b   Thumb Code     0  startup_stm32g431xx.o(.text)
    RNG_IRQHandler                           0x0800020b   Thumb Code     0  startup_stm32g431xx.o(.text)
    RTC_Alarm_IRQHandler                     0x0800020b   Thumb Code     0  startup_stm32g431xx.o(.text)
    RTC_TAMP_LSECSS_IRQHandler               0x0800020b   Thumb Code     0  startup_stm32g431xx.o(.text)
    RTC_WKUP_IRQHandler                      0x0800020b   Thumb Code     0  startup_stm32g431xx.o(.text)
    SAI1_IRQHandler                          0x0800020b   Thumb Code     0  startup_stm32g431xx.o(.text)
    SPI1_IRQHandler                          0x0800020b   Thumb Code     0  startup_stm32g431xx.o(.text)
    SPI2_IRQHandler                          0x0800020b   Thumb Code     0  startup_stm32g431xx.o(.text)
    SPI3_IRQHandler                          0x0800020b   Thumb Code     0  startup_stm32g431xx.o(.text)
    TIM1_BRK_TIM15_IRQHandler                0x0800020b   Thumb Code     0  startup_stm32g431xx.o(.text)
    TIM1_CC_IRQHandler                       0x0800020b   Thumb Code     0  startup_stm32g431xx.o(.text)
    TIM1_TRG_COM_TIM17_IRQHandler            0x0800020b   Thumb Code     0  startup_stm32g431xx.o(.text)
    TIM1_UP_TIM16_IRQHandler                 0x0800020b   Thumb Code     0  startup_stm32g431xx.o(.text)
    TIM3_IRQHandler                          0x0800020b   Thumb Code     0  startup_stm32g431xx.o(.text)
    TIM4_IRQHandler                          0x0800020b   Thumb Code     0  startup_stm32g431xx.o(.text)
    TIM6_DAC_IRQHandler                      0x0800020b   Thumb Code     0  startup_stm32g431xx.o(.text)
    TIM7_IRQHandler                          0x0800020b   Thumb Code     0  startup_stm32g431xx.o(.text)
    TIM8_BRK_IRQHandler                      0x0800020b   Thumb Code     0  startup_stm32g431xx.o(.text)
    TIM8_CC_IRQHandler                       0x0800020b   Thumb Code     0  startup_stm32g431xx.o(.text)
    TIM8_TRG_COM_IRQHandler                  0x0800020b   Thumb Code     0  startup_stm32g431xx.o(.text)
    TIM8_UP_IRQHandler                       0x0800020b   Thumb Code     0  startup_stm32g431xx.o(.text)
    UART4_IRQHandler                         0x0800020b   Thumb Code     0  startup_stm32g431xx.o(.text)
    UCPD1_IRQHandler                         0x0800020b   Thumb Code     0  startup_stm32g431xx.o(.text)
    USART1_IRQHandler                        0x0800020b   Thumb Code     0  startup_stm32g431xx.o(.text)
    USART3_IRQHandler                        0x0800020b   Thumb Code     0  startup_stm32g431xx.o(.text)
    USBWakeUp_IRQHandler                     0x0800020b   Thumb Code     0  startup_stm32g431xx.o(.text)
    USB_HP_IRQHandler                        0x0800020b   Thumb Code     0  startup_stm32g431xx.o(.text)
    USB_LP_IRQHandler                        0x0800020b   Thumb Code     0  startup_stm32g431xx.o(.text)
    WWDG_IRQHandler                          0x0800020b   Thumb Code     0  startup_stm32g431xx.o(.text)
    __aeabi_uldivmod                         0x08000215   Thumb Code    98  uldiv.o(.text)
    __aeabi_memcpy                           0x08000277   Thumb Code    36  memcpya.o(.text)
    __aeabi_memcpy4                          0x08000277   Thumb Code     0  memcpya.o(.text)
    __aeabi_memcpy8                          0x08000277   Thumb Code     0  memcpya.o(.text)
    __aeabi_memset                           0x0800029b   Thumb Code    14  memseta.o(.text)
    __aeabi_memset4                          0x0800029b   Thumb Code     0  memseta.o(.text)
    __aeabi_memset8                          0x0800029b   Thumb Code     0  memseta.o(.text)
    __aeabi_memclr                           0x080002a9   Thumb Code     4  memseta.o(.text)
    __aeabi_memclr4                          0x080002a9   Thumb Code     0  memseta.o(.text)
    __aeabi_memclr8                          0x080002a9   Thumb Code     0  memseta.o(.text)
    _memset$wrapper                          0x080002ad   Thumb Code    18  memseta.o(.text)
    __aeabi_dadd                             0x080002bf   Thumb Code   322  dadd.o(.text)
    __aeabi_dsub                             0x08000401   Thumb Code     6  dadd.o(.text)
    __aeabi_drsub                            0x08000407   Thumb Code     6  dadd.o(.text)
    __aeabi_dmul                             0x0800040d   Thumb Code   228  dmul.o(.text)
    __aeabi_ddiv                             0x080004f1   Thumb Code   222  ddiv.o(.text)
    __aeabi_f2d                              0x080005cf   Thumb Code    38  f2d.o(.text)
    __aeabi_cdrcmple                         0x080005f5   Thumb Code    48  cdrcmple.o(.text)
    __aeabi_d2f                              0x08000625   Thumb Code    56  d2f.o(.text)
    __aeabi_llsl                             0x0800065d   Thumb Code    30  llshl.o(.text)
    _ll_shift_l                              0x0800065d   Thumb Code     0  llshl.o(.text)
    __aeabi_llsr                             0x0800067b   Thumb Code    32  llushr.o(.text)
    _ll_ushift_r                             0x0800067b   Thumb Code     0  llushr.o(.text)
    __aeabi_lasr                             0x0800069b   Thumb Code    36  llsshr.o(.text)
    _ll_sshift_r                             0x0800069b   Thumb Code     0  llsshr.o(.text)
    __I$use$fp                               0x080006bf   Thumb Code     0  iusefp.o(.text)
    _float_round                             0x080006bf   Thumb Code    18  fepilogue.o(.text)
    _float_epilogue                          0x080006d1   Thumb Code    92  fepilogue.o(.text)
    _double_round                            0x0800072d   Thumb Code    30  depilogue.o(.text)
    _double_epilogue                         0x0800074b   Thumb Code   156  depilogue.o(.text)
    __ARM_scalbn                             0x080007e7   Thumb Code    46  dscalb.o(.text)
    scalbn                                   0x080007e7   Thumb Code     0  dscalb.o(.text)
    _drem                                    0x08000815   Thumb Code   134  drem.o(.text)
    __aeabi_i2d                              0x0800089b   Thumb Code    34  dflti.o(.text)
    __scatterload                            0x080008bd   Thumb Code    28  init.o(.text)
    __scatterload_rt2                        0x080008bd   Thumb Code     0  init.o(.text)
    _dsqrt                                   0x080008e1   Thumb Code   162  dsqrt.o(.text)
    __decompress                             0x08000983   Thumb Code     0  __dczerorl2.o(.text)
    __decompress1                            0x08000983   Thumb Code    86  __dczerorl2.o(.text)
    ADC1_2_IRQHandler                        0x080009d9   Thumb Code    18  stm32g4xx_it.o(i.ADC1_2_IRQHandler)
    ADC_DMAConvCplt                          0x080009f5   Thumb Code   104  stm32g4xx_hal_adc.o(i.ADC_DMAConvCplt)
    ADC_DMAError                             0x08000a5d   Thumb Code    26  stm32g4xx_hal_adc.o(i.ADC_DMAError)
    ADC_DMAHalfConvCplt                      0x08000a77   Thumb Code    10  stm32g4xx_hal_adc.o(i.ADC_DMAHalfConvCplt)
    ADC_Disable                              0x08000a81   Thumb Code   106  stm32g4xx_hal_adc.o(i.ADC_Disable)
    ADC_Enable                               0x08000af1   Thumb Code   154  stm32g4xx_hal_adc.o(i.ADC_Enable)
    AntiPark                                 0x08000b9d   Thumb Code    70  foc.o(i.AntiPark)
    BusFault_Handler                         0x08000be3   Thumb Code     2  stm32g4xx_it.o(i.BusFault_Handler)
    Clark                                    0x08000be5   Thumb Code    62  foc.o(i.Clark)
    CordicInit                               0x08000c2d   Thumb Code    46  foc.o(i.CordicInit)
    DMA1_Channel1_IRQHandler                 0x08000c61   Thumb Code     6  stm32g4xx_it.o(i.DMA1_Channel1_IRQHandler)
    DMA1_Channel2_IRQHandler                 0x08000c6d   Thumb Code     6  stm32g4xx_it.o(i.DMA1_Channel2_IRQHandler)
    DMA1_Channel3_IRQHandler                 0x08000c79   Thumb Code     6  stm32g4xx_it.o(i.DMA1_Channel3_IRQHandler)
    DebugMon_Handler                         0x08000d27   Thumb Code     2  stm32g4xx_it.o(i.DebugMon_Handler)
    EXTI15_10_IRQHandler                     0x08000d29   Thumb Code     8  stm32g4xx_it.o(i.EXTI15_10_IRQHandler)
    Error_Handler                            0x08000d31   Thumb Code     4  main.o(i.Error_Handler)
    FLASH_FlushCaches                        0x08000d35   Thumb Code    84  stm32g4xx_hal_flash_ex.o(i.FLASH_FlushCaches)
    FLASH_PageErase                          0x08000dad   Thumb Code    34  stm32g4xx_hal_flash_ex.o(i.FLASH_PageErase)
    FLASH_WaitForLastOperation               0x08000e1d   Thumb Code    86  stm32g4xx_hal_flash.o(i.FLASH_WaitForLastOperation)
    Flash_Read_PartialStruct                 0x08000e7d   Thumb Code     8  offline_pi.o(i.Flash_Read_PartialStruct)
    Flash_Write_PartialStruct                0x08000e89   Thumb Code    68  offline_pi.o(i.Flash_Write_PartialStruct)
    FocInit                                  0x08000ed1   Thumb Code   102  foc.o(i.FocInit)
    HAL_ADCEx_Calibration_Start              0x08000f5d   Thumb Code   138  stm32g4xx_hal_adc_ex.o(i.HAL_ADCEx_Calibration_Start)
    HAL_ADCEx_EndOfSamplingCallback          0x08000ff1   Thumb Code     2  stm32g4xx_hal_adc_ex.o(i.HAL_ADCEx_EndOfSamplingCallback)
    HAL_ADCEx_InjectedConvCpltCallback       0x08000ff3   Thumb Code     2  stm32g4xx_hal_adc_ex.o(i.HAL_ADCEx_InjectedConvCpltCallback)
    HAL_ADCEx_InjectedQueueOverflowCallback  0x08000ff5   Thumb Code     2  stm32g4xx_hal_adc_ex.o(i.HAL_ADCEx_InjectedQueueOverflowCallback)
    HAL_ADCEx_LevelOutOfWindow2Callback      0x08000ff7   Thumb Code     2  stm32g4xx_hal_adc_ex.o(i.HAL_ADCEx_LevelOutOfWindow2Callback)
    HAL_ADCEx_LevelOutOfWindow3Callback      0x08000ff9   Thumb Code     2  stm32g4xx_hal_adc_ex.o(i.HAL_ADCEx_LevelOutOfWindow3Callback)
    HAL_ADCEx_MultiModeConfigChannel         0x08000ffd   Thumb Code   208  stm32g4xx_hal_adc_ex.o(i.HAL_ADCEx_MultiModeConfigChannel)
    HAL_ADC_ConfigChannel                    0x080010d5   Thumb Code  1006  stm32g4xx_hal_adc.o(i.HAL_ADC_ConfigChannel)
    HAL_ADC_ConvCpltCallback                 0x080014f9   Thumb Code  2314  foc.o(i.HAL_ADC_ConvCpltCallback)
    HAL_ADC_ConvHalfCpltCallback             0x08001e09   Thumb Code     2  stm32g4xx_hal_adc.o(i.HAL_ADC_ConvHalfCpltCallback)
    HAL_ADC_ErrorCallback                    0x08001e0b   Thumb Code     2  stm32g4xx_hal_adc.o(i.HAL_ADC_ErrorCallback)
    HAL_ADC_IRQHandler                       0x08001e0d   Thumb Code   612  stm32g4xx_hal_adc.o(i.HAL_ADC_IRQHandler)
    HAL_ADC_Init                             0x08002079   Thumb Code   466  stm32g4xx_hal_adc.o(i.HAL_ADC_Init)
    HAL_ADC_LevelOutOfWindowCallback         0x0800226d   Thumb Code     2  stm32g4xx_hal_adc.o(i.HAL_ADC_LevelOutOfWindowCallback)
    HAL_ADC_MspInit                          0x08002271   Thumb Code   432  adc.o(i.HAL_ADC_MspInit)
    HAL_ADC_Start_DMA                        0x0800243d   Thumb Code   214  stm32g4xx_hal_adc.o(i.HAL_ADC_Start_DMA)
    HAL_CORDIC_Configure                     0x0800252d   Thumb Code    66  stm32g4xx_hal_cordic.o(i.HAL_CORDIC_Configure)
    HAL_CORDIC_Init                          0x08002575   Thumb Code    52  stm32g4xx_hal_cordic.o(i.HAL_CORDIC_Init)
    HAL_CORDIC_MspInit                       0x080025a9   Thumb Code    30  cordic.o(i.HAL_CORDIC_MspInit)
    HAL_DMA_Abort                            0x080025d1   Thumb Code   106  stm32g4xx_hal_dma.o(i.HAL_DMA_Abort)
    HAL_DMA_Abort_IT                         0x0800263b   Thumb Code   120  stm32g4xx_hal_dma.o(i.HAL_DMA_Abort_IT)
    HAL_DMA_IRQHandler                       0x080026b3   Thumb Code   186  stm32g4xx_hal_dma.o(i.HAL_DMA_IRQHandler)
    HAL_DMA_Init                             0x0800276d   Thumb Code   178  stm32g4xx_hal_dma.o(i.HAL_DMA_Init)
    HAL_DMA_Start_IT                         0x0800282d   Thumb Code   140  stm32g4xx_hal_dma.o(i.HAL_DMA_Start_IT)
    HAL_FLASHEx_Erase                        0x080028b9   Thumb Code   202  stm32g4xx_hal_flash_ex.o(i.HAL_FLASHEx_Erase)
    HAL_FLASH_Lock                           0x0800298d   Thumb Code    22  stm32g4xx_hal_flash.o(i.HAL_FLASH_Lock)
    HAL_FLASH_Program                        0x080029a9   Thumb Code   156  stm32g4xx_hal_flash.o(i.HAL_FLASH_Program)
    HAL_FLASH_Unlock                         0x08002a4d   Thumb Code    28  stm32g4xx_hal_flash.o(i.HAL_FLASH_Unlock)
    HAL_GPIO_EXTI_Callback                   0x08002a75   Thumb Code   274  foc.o(i.HAL_GPIO_EXTI_Callback)
    HAL_GPIO_EXTI_IRQHandler                 0x08002bb1   Thumb Code    18  stm32g4xx_hal_gpio.o(i.HAL_GPIO_EXTI_IRQHandler)
    HAL_GPIO_Init                            0x08002bc9   Thumb Code   550  stm32g4xx_hal_gpio.o(i.HAL_GPIO_Init)
    HAL_GPIO_ReadPin                         0x08002e11   Thumb Code    10  stm32g4xx_hal_gpio.o(i.HAL_GPIO_ReadPin)
    HAL_GPIO_TogglePin                       0x08002e1b   Thumb Code    16  stm32g4xx_hal_gpio.o(i.HAL_GPIO_TogglePin)
    HAL_GPIO_WritePin                        0x08002e2b   Thumb Code    10  stm32g4xx_hal_gpio.o(i.HAL_GPIO_WritePin)
    HAL_GetTick                              0x08002e35   Thumb Code     6  stm32g4xx_hal.o(i.HAL_GetTick)
    HAL_IncTick                              0x08002e41   Thumb Code    12  stm32g4xx_hal.o(i.HAL_IncTick)
    HAL_Init                                 0x08002e51   Thumb Code    30  stm32g4xx_hal.o(i.HAL_Init)
    HAL_InitTick                             0x08002e71   Thumb Code    58  stm32g4xx_hal.o(i.HAL_InitTick)
    HAL_MspInit                              0x08002eb5   Thumb Code    42  stm32g4xx_hal_msp.o(i.HAL_MspInit)
    HAL_NVIC_EnableIRQ                       0x08002ee5   Thumb Code    26  stm32g4xx_hal_cortex.o(i.HAL_NVIC_EnableIRQ)
    HAL_NVIC_SetPriority                     0x08002f01   Thumb Code    60  stm32g4xx_hal_cortex.o(i.HAL_NVIC_SetPriority)
    HAL_NVIC_SetPriorityGrouping             0x08002f41   Thumb Code    26  stm32g4xx_hal_cortex.o(i.HAL_NVIC_SetPriorityGrouping)
    HAL_PWREx_ControlVoltageScaling          0x08002f65   Thumb Code   174  stm32g4xx_hal_pwr_ex.o(i.HAL_PWREx_ControlVoltageScaling)
    HAL_PWREx_DisableUCPDDeadBattery         0x08003021   Thumb Code    12  stm32g4xx_hal_pwr_ex.o(i.HAL_PWREx_DisableUCPDDeadBattery)
    HAL_RCCEx_PeriphCLKConfig                0x08003031   Thumb Code   638  stm32g4xx_hal_rcc_ex.o(i.HAL_RCCEx_PeriphCLKConfig)
    HAL_RCC_ClockConfig                      0x080032b9   Thumb Code   444  stm32g4xx_hal_rcc.o(i.HAL_RCC_ClockConfig)
    HAL_RCC_GetPCLK1Freq                     0x08003495   Thumb Code    24  stm32g4xx_hal_rcc.o(i.HAL_RCC_GetPCLK1Freq)
    HAL_RCC_GetPCLK2Freq                     0x080034b9   Thumb Code    24  stm32g4xx_hal_rcc.o(i.HAL_RCC_GetPCLK2Freq)
    HAL_RCC_GetSysClockFreq                  0x080034dd   Thumb Code    98  stm32g4xx_hal_rcc.o(i.HAL_RCC_GetSysClockFreq)
    HAL_RCC_OscConfig                        0x0800354d   Thumb Code  1028  stm32g4xx_hal_rcc.o(i.HAL_RCC_OscConfig)
    HAL_SYSTICK_Config                       0x08003951   Thumb Code    40  stm32g4xx_hal_cortex.o(i.HAL_SYSTICK_Config)
    HAL_TIMEx_Break2Callback                 0x08003979   Thumb Code     2  stm32g4xx_hal_tim_ex.o(i.HAL_TIMEx_Break2Callback)
    HAL_TIMEx_BreakCallback                  0x0800397b   Thumb Code     2  stm32g4xx_hal_tim_ex.o(i.HAL_TIMEx_BreakCallback)
    HAL_TIMEx_CommutCallback                 0x0800397d   Thumb Code     2  stm32g4xx_hal_tim_ex.o(i.HAL_TIMEx_CommutCallback)
    HAL_TIMEx_ConfigBreakDeadTime            0x08003981   Thumb Code   148  stm32g4xx_hal_tim_ex.o(i.HAL_TIMEx_ConfigBreakDeadTime)
    HAL_TIMEx_DirectionChangeCallback        0x08003a1d   Thumb Code     2  stm32g4xx_hal_tim_ex.o(i.HAL_TIMEx_DirectionChangeCallback)
    HAL_TIMEx_EncoderIndexCallback           0x08003a1f   Thumb Code     2  stm32g4xx_hal_tim_ex.o(i.HAL_TIMEx_EncoderIndexCallback)
    HAL_TIMEx_HallSensor_Init                0x08003a21   Thumb Code   208  stm32g4xx_hal_tim_ex.o(i.HAL_TIMEx_HallSensor_Init)
    HAL_TIMEx_HallSensor_MspInit             0x08003afd   Thumb Code     2  stm32g4xx_hal_tim_ex.o(i.HAL_TIMEx_HallSensor_MspInit)
    HAL_TIMEx_IndexErrorCallback             0x08003aff   Thumb Code     2  stm32g4xx_hal_tim_ex.o(i.HAL_TIMEx_IndexErrorCallback)
    HAL_TIMEx_MasterConfigSynchronization    0x08003b01   Thumb Code   132  stm32g4xx_hal_tim_ex.o(i.HAL_TIMEx_MasterConfigSynchronization)
    HAL_TIMEx_TransitionErrorCallback        0x08003b9d   Thumb Code     2  stm32g4xx_hal_tim_ex.o(i.HAL_TIMEx_TransitionErrorCallback)
    HAL_TIM_Base_Init                        0x08003b9f   Thumb Code    98  stm32g4xx_hal_tim.o(i.HAL_TIM_Base_Init)
    HAL_TIM_Base_MspInit                     0x08003c01   Thumb Code   166  tim.o(i.HAL_TIM_Base_MspInit)
    HAL_TIM_Base_Start                       0x08003cb5   Thumb Code    84  stm32g4xx_hal_tim.o(i.HAL_TIM_Base_Start)
    HAL_TIM_ConfigClockSource                0x08003d21   Thumb Code   246  stm32g4xx_hal_tim.o(i.HAL_TIM_ConfigClockSource)
    HAL_TIM_IC_CaptureCallback               0x08003e21   Thumb Code   224  foc.o(i.HAL_TIM_IC_CaptureCallback)
    HAL_TIM_IC_Start_IT                      0x08003f29   Thumb Code   274  stm32g4xx_hal_tim.o(i.HAL_TIM_IC_Start_IT)
    HAL_TIM_IRQHandler                       0x08004055   Thumb Code   418  stm32g4xx_hal_tim.o(i.HAL_TIM_IRQHandler)
    HAL_TIM_MspPostInit                      0x080041f9   Thumb Code    74  tim.o(i.HAL_TIM_MspPostInit)
    HAL_TIM_OC_DelayElapsedCallback          0x0800424d   Thumb Code     2  stm32g4xx_hal_tim.o(i.HAL_TIM_OC_DelayElapsedCallback)
    HAL_TIM_PWM_ConfigChannel                0x0800424f   Thumb Code   292  stm32g4xx_hal_tim.o(i.HAL_TIM_PWM_ConfigChannel)
    HAL_TIM_PWM_Init                         0x08004373   Thumb Code    98  stm32g4xx_hal_tim.o(i.HAL_TIM_PWM_Init)
    HAL_TIM_PWM_MspInit                      0x080043d5   Thumb Code     2  stm32g4xx_hal_tim.o(i.HAL_TIM_PWM_MspInit)
    HAL_TIM_PWM_PulseFinishedCallback        0x080043d7   Thumb Code     2  stm32g4xx_hal_tim.o(i.HAL_TIM_PWM_PulseFinishedCallback)
    HAL_TIM_PWM_Start                        0x080043d9   Thumb Code   218  stm32g4xx_hal_tim.o(i.HAL_TIM_PWM_Start)
    HAL_TIM_PeriodElapsedCallback            0x080044d5   Thumb Code     2  stm32g4xx_hal_tim.o(i.HAL_TIM_PeriodElapsedCallback)
    HAL_TIM_TriggerCallback                  0x080044d7   Thumb Code     2  stm32g4xx_hal_tim.o(i.HAL_TIM_TriggerCallback)
    HAL_UARTEx_DisableFifoMode               0x080044d9   Thumb Code    62  stm32g4xx_hal_uart_ex.o(i.HAL_UARTEx_DisableFifoMode)
    HAL_UARTEx_RxEventCallback               0x08004517   Thumb Code     2  stm32g4xx_hal_uart.o(i.HAL_UARTEx_RxEventCallback)
    HAL_UARTEx_RxFifoFullCallback            0x08004519   Thumb Code     2  stm32g4xx_hal_uart_ex.o(i.HAL_UARTEx_RxFifoFullCallback)
    HAL_UARTEx_SetRxFifoThreshold            0x0800451b   Thumb Code    76  stm32g4xx_hal_uart_ex.o(i.HAL_UARTEx_SetRxFifoThreshold)
    HAL_UARTEx_SetTxFifoThreshold            0x08004567   Thumb Code    76  stm32g4xx_hal_uart_ex.o(i.HAL_UARTEx_SetTxFifoThreshold)
    HAL_UARTEx_TxFifoEmptyCallback           0x080045b3   Thumb Code     2  stm32g4xx_hal_uart_ex.o(i.HAL_UARTEx_TxFifoEmptyCallback)
    HAL_UARTEx_WakeupCallback                0x080045b5   Thumb Code     2  stm32g4xx_hal_uart_ex.o(i.HAL_UARTEx_WakeupCallback)
    HAL_UART_ErrorCallback                   0x080045b7   Thumb Code     2  stm32g4xx_hal_uart.o(i.HAL_UART_ErrorCallback)
    HAL_UART_IRQHandler                      0x080045b9   Thumb Code   782  stm32g4xx_hal_uart.o(i.HAL_UART_IRQHandler)
    HAL_UART_Init                            0x080048d5   Thumb Code   106  stm32g4xx_hal_uart.o(i.HAL_UART_Init)
    HAL_UART_MspInit                         0x08004941   Thumb Code   170  usart.o(i.HAL_UART_MspInit)
    HAL_UART_Transmit_DMA                    0x080049fd   Thumb Code   132  stm32g4xx_hal_uart.o(i.HAL_UART_Transmit_DMA)
    HAL_UART_TxCpltCallback                  0x08004a8d   Thumb Code     2  stm32g4xx_hal_uart.o(i.HAL_UART_TxCpltCallback)
    HAL_UART_TxHalfCpltCallback              0x08004a8f   Thumb Code     2  stm32g4xx_hal_uart.o(i.HAL_UART_TxHalfCpltCallback)
    HardFault_Handler                        0x08004a91   Thumb Code     2  stm32g4xx_it.o(i.HardFault_Handler)
    LPF                                      0x08004af5   Thumb Code    62  vesc_control.o(i.LPF)
    MX_ADC1_Init                             0x08004b3d   Thumb Code   210  adc.o(i.MX_ADC1_Init)
    MX_ADC2_Init                             0x08004c25   Thumb Code   144  adc.o(i.MX_ADC2_Init)
    MX_CORDIC_Init                           0x08004cc5   Thumb Code    28  cordic.o(i.MX_CORDIC_Init)
    MX_DMA_Init                              0x08004ce9   Thumb Code    88  dma.o(i.MX_DMA_Init)
    MX_GPIO_Init                             0x08004d45   Thumb Code   244  gpio.o(i.MX_GPIO_Init)
    MX_TIM1_Init                             0x08004e45   Thumb Code   242  tim.o(i.MX_TIM1_Init)
    MX_TIM2_Init                             0x08004f41   Thumb Code   126  tim.o(i.MX_TIM2_Init)
    MX_USART2_UART_Init                      0x08004fc5   Thumb Code    94  usart.o(i.MX_USART2_UART_Init)
    MemManage_Handler                        0x0800502d   Thumb Code     2  stm32g4xx_it.o(i.MemManage_Handler)
    NMI_Handler                              0x0800502f   Thumb Code     2  stm32g4xx_it.o(i.NMI_Handler)
    Non_flux_Init                            0x08005031   Thumb Code    50  vesc_control.o(i.Non_flux_Init)
    PIControler                              0x08005071   Thumb Code   152  foc.o(i.PIControler)
    PWM_Start                                0x08005111   Thumb Code    50  foc.o(i.PWM_Start)
    PWM_Stop                                 0x08005149   Thumb Code    56  foc.o(i.PWM_Stop)
    Park                                     0x08005185   Thumb Code    70  foc.o(i.Park)
    PendSV_Handler                           0x080051cb   Thumb Code     2  stm32g4xx_it.o(i.PendSV_Handler)
    Protection                               0x080051cd   Thumb Code   140  foc.o(i.Protection)
    Rs_calculate                             0x08005275   Thumb Code   616  offline_pi.o(i.Rs_calculate)
    SVC_Handler                              0x080054e5   Thumb Code     2  stm32g4xx_it.o(i.SVC_Handler)
    SVPWM                                    0x080054e9   Thumb Code   432  foc.o(i.SVPWM)
    SysTick_Handler                          0x080056b5   Thumb Code     4  stm32g4xx_it.o(i.SysTick_Handler)
    SystemClock_Config                       0x080056b9   Thumb Code   102  main.o(i.SystemClock_Config)
    SystemInit                               0x08005721   Thumb Code    12  system_stm32g4xx.o(i.SystemInit)
    TIM2_IRQHandler                          0x08005731   Thumb Code     6  stm32g4xx_it.o(i.TIM2_IRQHandler)
    TIM_Base_SetConfig                       0x0800573d   Thumb Code   160  stm32g4xx_hal_tim.o(i.TIM_Base_SetConfig)
    TIM_CCxChannelCmd                        0x080057f9   Thumb Code    26  stm32g4xx_hal_tim.o(i.TIM_CCxChannelCmd)
    TIM_ETR_SetConfig                        0x08005813   Thumb Code    20  stm32g4xx_hal_tim.o(i.TIM_ETR_SetConfig)
    TIM_OC2_SetConfig                        0x080058d9   Thumb Code   120  stm32g4xx_hal_tim.o(i.TIM_OC2_SetConfig)
    TIM_TI1_SetConfig                        0x08005b8d   Thumb Code    88  stm32g4xx_hal_tim.o(i.TIM_TI1_SetConfig)
    Theta2SinCos                             0x08005c1d   Thumb Code    68  foc.o(i.Theta2SinCos)
    UART_AdvFeatureConfig                    0x08005cb1   Thumb Code   200  stm32g4xx_hal_uart.o(i.UART_AdvFeatureConfig)
    UART_CheckIdleState                      0x08005d79   Thumb Code   172  stm32g4xx_hal_uart.o(i.UART_CheckIdleState)
    UART_SetConfig                           0x08005f55   Thumb Code   582  stm32g4xx_hal_uart.o(i.UART_SetConfig)
    UART_WaitOnFlagUntilTimeout              0x080061c9   Thumb Code   148  stm32g4xx_hal_uart.o(i.UART_WaitOnFlagUntilTimeout)
    USART2_IRQHandler                        0x0800625d   Thumb Code     6  stm32g4xx_it.o(i.USART2_IRQHandler)
    UsageFault_Handler                       0x08006269   Thumb Code     2  stm32g4xx_it.o(i.UsageFault_Handler)
    __ARM_fpclassify                         0x0800626b   Thumb Code    48  fpclassify.o(i.__ARM_fpclassify)
    __hardfp_fmod                            0x080062bd   Thumb Code   254  fmod.o(i.__hardfp_fmod)
    __hardfp_pow                             0x080063c1   Thumb Code  3072  pow.o(i.__hardfp_pow)
    __kernel_poly                            0x08007011   Thumb Code   248  poly.o(i.__kernel_poly)
    __mathlib_dbl_divzero                    0x08007109   Thumb Code    28  dunder.o(i.__mathlib_dbl_divzero)
    __mathlib_dbl_infnan2                    0x08007139   Thumb Code    20  dunder.o(i.__mathlib_dbl_infnan2)
    __mathlib_dbl_invalid                    0x08007151   Thumb Code    24  dunder.o(i.__mathlib_dbl_invalid)
    __mathlib_dbl_overflow                   0x08007171   Thumb Code    24  dunder.o(i.__mathlib_dbl_overflow)
    __mathlib_dbl_underflow                  0x08007191   Thumb Code    24  dunder.o(i.__mathlib_dbl_underflow)
    __scatterload_copy                       0x080071b1   Thumb Code    14  handlers.o(i.__scatterload_copy)
    __scatterload_null                       0x080071bf   Thumb Code     2  handlers.o(i.__scatterload_null)
    __scatterload_zeroinit                   0x080071c1   Thumb Code    14  handlers.o(i.__scatterload_zeroinit)
    __set_errno                              0x080071d1   Thumb Code     6  errno.o(i.__set_errno)
    arm_cos_f32                              0x080071dd   Thumb Code   108  arm_cos_f32.o(i.arm_cos_f32)
    arm_sin_f32                              0x08007255   Thumb Code   124  arm_sin_f32.o(i.arm_sin_f32)
    fabs                                     0x080072e1   Thumb Code    24  fabs.o(i.fabs)
    flux_observer                            0x080072f9   Thumb Code   452  vesc_control.o(i.flux_observer)
    main                                     0x080074e9   Thumb Code    46  main.o(i.main)
    sqrt                                     0x08007517   Thumb Code   110  sqrt.o(i.sqrt)
    temperature_lookup                       0x08007585   Thumb Code    86  foc.o(i.temperature_lookup)
    UARTPrescTable                           0x080075f4   Data          24  stm32g4xx_hal_uart.o(.constdata)
    AHBPrescTable                            0x0800761c   Data          16  system_stm32g4xx.o(.constdata)
    APBPrescTable                            0x0800762c   Data           8  system_stm32g4xx.o(.constdata)
    T1                                       0x08007634   Data         816  foc.o(.constdata)
    Rt_ADCvalue                              0x08007964   Data         816  foc.o(.constdata)
    sinTable_f32                             0x08007c94   Data        2052  arm_common_tables.o(.constdata)
    __mathlib_zero                           0x08008520   Data           8  qnan.o(.constdata)
    Region$$Table$$Base                      0x08008528   Number         0  anon$$obj.o(Region$$Table)
    Region$$Table$$Limit                     0x08008548   Number         0  anon$$obj.o(Region$$Table)
    ADC2_value                               0x20000000   Data           8  main.o(.data)
    uwTickPrio                               0x2000000c   Data           4  stm32g4xx_hal.o(.data)
    uwTickFreq                               0x20000010   Data           4  stm32g4xx_hal.o(.data)
    uwTick                                   0x20000014   Data           4  stm32g4xx_hal.o(.data)
    pFlash                                   0x20000018   Data          32  stm32g4xx_hal_flash.o(.data)
    SystemCoreClock                          0x20000038   Data           4  system_stm32g4xx.o(.data)
    Flag                                     0x2000003c   Data           1  foc.o(.data)
    State                                    0x2000003d   Data           1  foc.o(.data)
    ZeroSpeedCnt                             0x20000040   Data           4  foc.o(.data)
    AngleSum                                 0x20000044   Data           4  foc.o(.data)
    FaultState                               0x20000070   Data           5  foc.o(.data)
    offset                                   0x20000078   Data          12  foc.o(.data)
    Motor                                    0x20000084   Data         216  foc.o(.data)
    VESC_sin                                 0x2000015c   Data           4  vesc_control.o(.data)
    VESC_cos                                 0x20000160   Data           4  vesc_control.o(.data)
    ADC1_value                               0x20000168   Data          16  main.o(.bss)
    hadc1                                    0x20000178   Data         108  adc.o(.bss)
    hadc2                                    0x200001e4   Data         108  adc.o(.bss)
    hdma_adc1                                0x20000250   Data          96  adc.o(.bss)
    hdma_adc2                                0x200002b0   Data          96  adc.o(.bss)
    hcordic                                  0x20000310   Data          40  cordic.o(.bss)
    htim1                                    0x20000338   Data          76  tim.o(.bss)
    htim2                                    0x20000384   Data          76  tim.o(.bss)
    huart2                                   0x200003d0   Data         148  usart.o(.bss)
    hdma_usart2_tx                           0x20000464   Data          96  usart.o(.bss)
    observer                                 0x200004fc   Data         104  vesc_control.o(.bss)
    __initial_sp                             0x20000968   Data           0  startup_stm32g431xx.o(STACK)



==============================================================================

Memory Map of the image

  Image Entry point : 0x080001d9

  Load Region LR_IROM1 (Base: 0x08000000, Size: 0x000086b0, Max: 0x00020000, ABSOLUTE, COMPRESSED[0x00008578])

    Execution Region ER_IROM1 (Exec base: 0x08000000, Load base: 0x08000000, Size: 0x00008548, Max: 0x00020000, ABSOLUTE)

    Exec Addr    Load Addr    Size         Type   Attr      Idx    E Section Name        Object

    0x08000000   0x08000000   0x000001d8   Data   RO            3    RESET               startup_stm32g431xx.o
    0x080001d8   0x080001d8   0x00000000   Code   RO         4994  * .ARM.Collect$$$$00000000  mc_w.l(entry.o)
    0x080001d8   0x080001d8   0x00000004   Code   RO         5056    .ARM.Collect$$$$00000001  mc_w.l(entry2.o)
    0x080001dc   0x080001dc   0x00000004   Code   RO         5059    .ARM.Collect$$$$00000004  mc_w.l(entry5.o)
    0x080001e0   0x080001e0   0x00000000   Code   RO         5061    .ARM.Collect$$$$00000008  mc_w.l(entry7b.o)
    0x080001e0   0x080001e0   0x00000000   Code   RO         5063    .ARM.Collect$$$$0000000A  mc_w.l(entry8b.o)
    0x080001e0   0x080001e0   0x00000008   Code   RO         5064    .ARM.Collect$$$$0000000B  mc_w.l(entry9a.o)
    0x080001e8   0x080001e8   0x00000004   Code   RO         5071    .ARM.Collect$$$$0000000E  mc_w.l(entry12b.o)
    0x080001ec   0x080001ec   0x00000000   Code   RO         5066    .ARM.Collect$$$$0000000F  mc_w.l(entry10a.o)
    0x080001ec   0x080001ec   0x00000000   Code   RO         5068    .ARM.Collect$$$$00000011  mc_w.l(entry11a.o)
    0x080001ec   0x080001ec   0x00000004   Code   RO         5057    .ARM.Collect$$$$00002712  mc_w.l(entry2.o)
    0x080001f0   0x080001f0   0x00000024   Code   RO            4    .text               startup_stm32g431xx.o
    0x08000214   0x08000214   0x00000062   Code   RO         4997    .text               mc_w.l(uldiv.o)
    0x08000276   0x08000276   0x00000024   Code   RO         4999    .text               mc_w.l(memcpya.o)
    0x0800029a   0x0800029a   0x00000024   Code   RO         5001    .text               mc_w.l(memseta.o)
    0x080002be   0x080002be   0x0000014e   Code   RO         5005    .text               mf_w.l(dadd.o)
    0x0800040c   0x0800040c   0x000000e4   Code   RO         5007    .text               mf_w.l(dmul.o)
    0x080004f0   0x080004f0   0x000000de   Code   RO         5009    .text               mf_w.l(ddiv.o)
    0x080005ce   0x080005ce   0x00000026   Code   RO         5017    .text               mf_w.l(f2d.o)
    0x080005f4   0x080005f4   0x00000030   Code   RO         5021    .text               mf_w.l(cdrcmple.o)
    0x08000624   0x08000624   0x00000038   Code   RO         5023    .text               mf_w.l(d2f.o)
    0x0800065c   0x0800065c   0x0000001e   Code   RO         5072    .text               mc_w.l(llshl.o)
    0x0800067a   0x0800067a   0x00000020   Code   RO         5074    .text               mc_w.l(llushr.o)
    0x0800069a   0x0800069a   0x00000024   Code   RO         5076    .text               mc_w.l(llsshr.o)
    0x080006be   0x080006be   0x00000000   Code   RO         5085    .text               mc_w.l(iusefp.o)
    0x080006be   0x080006be   0x0000006e   Code   RO         5086    .text               mf_w.l(fepilogue.o)
    0x0800072c   0x0800072c   0x000000ba   Code   RO         5088    .text               mf_w.l(depilogue.o)
    0x080007e6   0x080007e6   0x0000002e   Code   RO         5090    .text               mf_w.l(dscalb.o)
    0x08000814   0x08000814   0x00000086   Code   RO         5092    .text               mf_w.l(drem.o)
    0x0800089a   0x0800089a   0x00000022   Code   RO         5094    .text               mf_w.l(dflti.o)
    0x080008bc   0x080008bc   0x00000024   Code   RO         5096    .text               mc_w.l(init.o)
    0x080008e0   0x080008e0   0x000000a2   Code   RO         5098    .text               mf_w.l(dsqrt.o)
    0x08000982   0x08000982   0x00000056   Code   RO         5108    .text               mc_w.l(__dczerorl2.o)
    0x080009d8   0x080009d8   0x0000001c   Code   RO          447    i.ADC1_2_IRQHandler  stm32g4xx_it.o
    0x080009f4   0x080009f4   0x00000068   Code   RO          590    i.ADC_DMAConvCplt   stm32g4xx_hal_adc.o
    0x08000a5c   0x08000a5c   0x0000001a   Code   RO          591    i.ADC_DMAError      stm32g4xx_hal_adc.o
    0x08000a76   0x08000a76   0x0000000a   Code   RO          592    i.ADC_DMAHalfConvCplt  stm32g4xx_hal_adc.o
    0x08000a80   0x08000a80   0x00000070   Code   RO          593    i.ADC_Disable       stm32g4xx_hal_adc.o
    0x08000af0   0x08000af0   0x000000ac   Code   RO          594    i.ADC_Enable        stm32g4xx_hal_adc.o
    0x08000b9c   0x08000b9c   0x00000046   Code   RO         4390    i.AntiPark          foc.o
    0x08000be2   0x08000be2   0x00000002   Code   RO          448    i.BusFault_Handler  stm32g4xx_it.o
    0x08000be4   0x08000be4   0x00000048   Code   RO         4391    i.Clark             foc.o
    0x08000c2c   0x08000c2c   0x00000034   Code   RO         4392    i.CordicInit        foc.o
    0x08000c60   0x08000c60   0x0000000c   Code   RO          449    i.DMA1_Channel1_IRQHandler  stm32g4xx_it.o
    0x08000c6c   0x08000c6c   0x0000000c   Code   RO          450    i.DMA1_Channel2_IRQHandler  stm32g4xx_it.o
    0x08000c78   0x08000c78   0x0000000c   Code   RO          451    i.DMA1_Channel3_IRQHandler  stm32g4xx_it.o
    0x08000c84   0x08000c84   0x00000040   Code   RO         1887    i.DMA_CalcDMAMUXChannelBaseAndMask  stm32g4xx_hal_dma.o
    0x08000cc4   0x08000cc4   0x00000024   Code   RO         1888    i.DMA_CalcDMAMUXRequestGenBaseAndMask  stm32g4xx_hal_dma.o
    0x08000ce8   0x08000ce8   0x0000003e   Code   RO         1889    i.DMA_SetConfig     stm32g4xx_hal_dma.o
    0x08000d26   0x08000d26   0x00000002   Code   RO          452    i.DebugMon_Handler  stm32g4xx_it.o
    0x08000d28   0x08000d28   0x00000008   Code   RO          453    i.EXTI15_10_IRQHandler  stm32g4xx_it.o
    0x08000d30   0x08000d30   0x00000004   Code   RO           13    i.Error_Handler     main.o
    0x08000d34   0x08000d34   0x0000005c   Code   RO         1637    i.FLASH_FlushCaches  stm32g4xx_hal_flash_ex.o
    0x08000d90   0x08000d90   0x0000001c   Code   RO         1638    i.FLASH_MassErase   stm32g4xx_hal_flash_ex.o
    0x08000dac   0x08000dac   0x00000028   Code   RO         1640    i.FLASH_PageErase   stm32g4xx_hal_flash_ex.o
    0x08000dd4   0x08000dd4   0x0000001c   Code   RO         1528    i.FLASH_Program_DoubleWord  stm32g4xx_hal_flash.o
    0x08000df0   0x08000df0   0x0000002c   Code   RO         1529    i.FLASH_Program_Fast  stm32g4xx_hal_flash.o
    0x08000e1c   0x08000e1c   0x00000060   Code   RO         1530    i.FLASH_WaitForLastOperation  stm32g4xx_hal_flash.o
    0x08000e7c   0x08000e7c   0x0000000c   Code   RO         4529    i.Flash_Read_PartialStruct  offline_pi.o
    0x08000e88   0x08000e88   0x00000048   Code   RO         4530    i.Flash_Write_PartialStruct  offline_pi.o
    0x08000ed0   0x08000ed0   0x0000008c   Code   RO         4393    i.FocInit           foc.o
    0x08000f5c   0x08000f5c   0x00000094   Code   RO          827    i.HAL_ADCEx_Calibration_Start  stm32g4xx_hal_adc_ex.o
    0x08000ff0   0x08000ff0   0x00000002   Code   RO          831    i.HAL_ADCEx_EndOfSamplingCallback  stm32g4xx_hal_adc_ex.o
    0x08000ff2   0x08000ff2   0x00000002   Code   RO          834    i.HAL_ADCEx_InjectedConvCpltCallback  stm32g4xx_hal_adc_ex.o
    0x08000ff4   0x08000ff4   0x00000002   Code   RO          837    i.HAL_ADCEx_InjectedQueueOverflowCallback  stm32g4xx_hal_adc_ex.o
    0x08000ff6   0x08000ff6   0x00000002   Code   RO          842    i.HAL_ADCEx_LevelOutOfWindow2Callback  stm32g4xx_hal_adc_ex.o
    0x08000ff8   0x08000ff8   0x00000002   Code   RO          843    i.HAL_ADCEx_LevelOutOfWindow3Callback  stm32g4xx_hal_adc_ex.o
    0x08000ffa   0x08000ffa   0x00000002   PAD
    0x08000ffc   0x08000ffc   0x000000d8   Code   RO          844    i.HAL_ADCEx_MultiModeConfigChannel  stm32g4xx_hal_adc_ex.o
    0x080010d4   0x080010d4   0x00000424   Code   RO          596    i.HAL_ADC_ConfigChannel  stm32g4xx_hal_adc.o
    0x080014f8   0x080014f8   0x00000910   Code   RO         4394    i.HAL_ADC_ConvCpltCallback  foc.o
    0x08001e08   0x08001e08   0x00000002   Code   RO          598    i.HAL_ADC_ConvHalfCpltCallback  stm32g4xx_hal_adc.o
    0x08001e0a   0x08001e0a   0x00000002   Code   RO          600    i.HAL_ADC_ErrorCallback  stm32g4xx_hal_adc.o
    0x08001e0c   0x08001e0c   0x0000026c   Code   RO          604    i.HAL_ADC_IRQHandler  stm32g4xx_hal_adc.o
    0x08002078   0x08002078   0x000001f4   Code   RO          605    i.HAL_ADC_Init      stm32g4xx_hal_adc.o
    0x0800226c   0x0800226c   0x00000002   Code   RO          606    i.HAL_ADC_LevelOutOfWindowCallback  stm32g4xx_hal_adc.o
    0x0800226e   0x0800226e   0x00000002   PAD
    0x08002270   0x08002270   0x000001cc   Code   RO          237    i.HAL_ADC_MspInit   adc.o
    0x0800243c   0x0800243c   0x000000f0   Code   RO          613    i.HAL_ADC_Start_DMA  stm32g4xx_hal_adc.o
    0x0800252c   0x0800252c   0x00000048   Code   RO         2551    i.HAL_CORDIC_Configure  stm32g4xx_hal_cordic.o
    0x08002574   0x08002574   0x00000034   Code   RO         2557    i.HAL_CORDIC_Init   stm32g4xx_hal_cordic.o
    0x080025a8   0x080025a8   0x00000028   Code   RO          286    i.HAL_CORDIC_MspInit  cordic.o
    0x080025d0   0x080025d0   0x0000006a   Code   RO         1890    i.HAL_DMA_Abort     stm32g4xx_hal_dma.o
    0x0800263a   0x0800263a   0x00000078   Code   RO         1891    i.HAL_DMA_Abort_IT  stm32g4xx_hal_dma.o
    0x080026b2   0x080026b2   0x000000ba   Code   RO         1895    i.HAL_DMA_IRQHandler  stm32g4xx_hal_dma.o
    0x0800276c   0x0800276c   0x000000c0   Code   RO         1896    i.HAL_DMA_Init      stm32g4xx_hal_dma.o
    0x0800282c   0x0800282c   0x0000008c   Code   RO         1900    i.HAL_DMA_Start_IT  stm32g4xx_hal_dma.o
    0x080028b8   0x080028b8   0x000000d4   Code   RO         1644    i.HAL_FLASHEx_Erase  stm32g4xx_hal_flash_ex.o
    0x0800298c   0x0800298c   0x0000001c   Code   RO         1534    i.HAL_FLASH_Lock    stm32g4xx_hal_flash.o
    0x080029a8   0x080029a8   0x000000a4   Code   RO         1539    i.HAL_FLASH_Program  stm32g4xx_hal_flash.o
    0x08002a4c   0x08002a4c   0x00000028   Code   RO         1541    i.HAL_FLASH_Unlock  stm32g4xx_hal_flash.o
    0x08002a74   0x08002a74   0x0000013c   Code   RO         4395    i.HAL_GPIO_EXTI_Callback  foc.o
    0x08002bb0   0x08002bb0   0x00000018   Code   RO         1751    i.HAL_GPIO_EXTI_IRQHandler  stm32g4xx_hal_gpio.o
    0x08002bc8   0x08002bc8   0x00000248   Code   RO         1752    i.HAL_GPIO_Init     stm32g4xx_hal_gpio.o
    0x08002e10   0x08002e10   0x0000000a   Code   RO         1754    i.HAL_GPIO_ReadPin  stm32g4xx_hal_gpio.o
    0x08002e1a   0x08002e1a   0x00000010   Code   RO         1755    i.HAL_GPIO_TogglePin  stm32g4xx_hal_gpio.o
    0x08002e2a   0x08002e2a   0x0000000a   Code   RO         1756    i.HAL_GPIO_WritePin  stm32g4xx_hal_gpio.o
    0x08002e34   0x08002e34   0x0000000c   Code   RO         1047    i.HAL_GetTick       stm32g4xx_hal.o
    0x08002e40   0x08002e40   0x00000010   Code   RO         1053    i.HAL_IncTick       stm32g4xx_hal.o
    0x08002e50   0x08002e50   0x0000001e   Code   RO         1054    i.HAL_Init          stm32g4xx_hal.o
    0x08002e6e   0x08002e6e   0x00000002   PAD
    0x08002e70   0x08002e70   0x00000044   Code   RO         1055    i.HAL_InitTick      stm32g4xx_hal.o
    0x08002eb4   0x08002eb4   0x00000030   Code   RO          565    i.HAL_MspInit       stm32g4xx_hal_msp.o
    0x08002ee4   0x08002ee4   0x0000001a   Code   RO         2401    i.HAL_NVIC_EnableIRQ  stm32g4xx_hal_cortex.o
    0x08002efe   0x08002efe   0x00000002   PAD
    0x08002f00   0x08002f00   0x00000040   Code   RO         2407    i.HAL_NVIC_SetPriority  stm32g4xx_hal_cortex.o
    0x08002f40   0x08002f40   0x00000024   Code   RO         2408    i.HAL_NVIC_SetPriorityGrouping  stm32g4xx_hal_cortex.o
    0x08002f64   0x08002f64   0x000000bc   Code   RO         2155    i.HAL_PWREx_ControlVoltageScaling  stm32g4xx_hal_pwr_ex.o
    0x08003020   0x08003020   0x00000010   Code   RO         2167    i.HAL_PWREx_DisableUCPDDeadBattery  stm32g4xx_hal_pwr_ex.o
    0x08003030   0x08003030   0x00000288   Code   RO         1414    i.HAL_RCCEx_PeriphCLKConfig  stm32g4xx_hal_rcc_ex.o
    0x080032b8   0x080032b8   0x000001dc   Code   RO         1289    i.HAL_RCC_ClockConfig  stm32g4xx_hal_rcc.o
    0x08003494   0x08003494   0x00000024   Code   RO         1297    i.HAL_RCC_GetPCLK1Freq  stm32g4xx_hal_rcc.o
    0x080034b8   0x080034b8   0x00000024   Code   RO         1298    i.HAL_RCC_GetPCLK2Freq  stm32g4xx_hal_rcc.o
    0x080034dc   0x080034dc   0x00000070   Code   RO         1299    i.HAL_RCC_GetSysClockFreq  stm32g4xx_hal_rcc.o
    0x0800354c   0x0800354c   0x00000404   Code   RO         1302    i.HAL_RCC_OscConfig  stm32g4xx_hal_rcc.o
    0x08003950   0x08003950   0x00000028   Code   RO         2412    i.HAL_SYSTICK_Config  stm32g4xx_hal_cortex.o
    0x08003978   0x08003978   0x00000002   Code   RO         3384    i.HAL_TIMEx_Break2Callback  stm32g4xx_hal_tim_ex.o
    0x0800397a   0x0800397a   0x00000002   Code   RO         3385    i.HAL_TIMEx_BreakCallback  stm32g4xx_hal_tim_ex.o
    0x0800397c   0x0800397c   0x00000002   Code   RO         3386    i.HAL_TIMEx_CommutCallback  stm32g4xx_hal_tim_ex.o
    0x0800397e   0x0800397e   0x00000002   PAD
    0x08003980   0x08003980   0x0000009c   Code   RO         3389    i.HAL_TIMEx_ConfigBreakDeadTime  stm32g4xx_hal_tim_ex.o
    0x08003a1c   0x08003a1c   0x00000002   Code   RO         3397    i.HAL_TIMEx_DirectionChangeCallback  stm32g4xx_hal_tim_ex.o
    0x08003a1e   0x08003a1e   0x00000002   Code   RO         3411    i.HAL_TIMEx_EncoderIndexCallback  stm32g4xx_hal_tim_ex.o
    0x08003a20   0x08003a20   0x000000dc   Code   RO         3416    i.HAL_TIMEx_HallSensor_Init  stm32g4xx_hal_tim_ex.o
    0x08003afc   0x08003afc   0x00000002   Code   RO         3418    i.HAL_TIMEx_HallSensor_MspInit  stm32g4xx_hal_tim_ex.o
    0x08003afe   0x08003afe   0x00000002   Code   RO         3425    i.HAL_TIMEx_IndexErrorCallback  stm32g4xx_hal_tim_ex.o
    0x08003b00   0x08003b00   0x0000009c   Code   RO         3426    i.HAL_TIMEx_MasterConfigSynchronization  stm32g4xx_hal_tim_ex.o
    0x08003b9c   0x08003b9c   0x00000002   Code   RO         3447    i.HAL_TIMEx_TransitionErrorCallback  stm32g4xx_hal_tim_ex.o
    0x08003b9e   0x08003b9e   0x00000062   Code   RO         2670    i.HAL_TIM_Base_Init  stm32g4xx_hal_tim.o
    0x08003c00   0x08003c00   0x000000b4   Code   RO          352    i.HAL_TIM_Base_MspInit  tim.o
    0x08003cb4   0x08003cb4   0x0000006c   Code   RO         2673    i.HAL_TIM_Base_Start  stm32g4xx_hal_tim.o
    0x08003d20   0x08003d20   0x00000100   Code   RO         2679    i.HAL_TIM_ConfigClockSource  stm32g4xx_hal_tim.o
    0x08003e20   0x08003e20   0x00000108   Code   RO         4396    i.HAL_TIM_IC_CaptureCallback  foc.o
    0x08003f28   0x08003f28   0x0000012c   Code   RO         2714    i.HAL_TIM_IC_Start_IT  stm32g4xx_hal_tim.o
    0x08004054   0x08004054   0x000001a2   Code   RO         2718    i.HAL_TIM_IRQHandler  stm32g4xx_hal_tim.o
    0x080041f6   0x080041f6   0x00000002   PAD
    0x080041f8   0x080041f8   0x00000054   Code   RO          353    i.HAL_TIM_MspPostInit  tim.o
    0x0800424c   0x0800424c   0x00000002   Code   RO         2721    i.HAL_TIM_OC_DelayElapsedCallback  stm32g4xx_hal_tim.o
    0x0800424e   0x0800424e   0x00000124   Code   RO         2742    i.HAL_TIM_PWM_ConfigChannel  stm32g4xx_hal_tim.o
    0x08004372   0x08004372   0x00000062   Code   RO         2745    i.HAL_TIM_PWM_Init  stm32g4xx_hal_tim.o
    0x080043d4   0x080043d4   0x00000002   Code   RO         2747    i.HAL_TIM_PWM_MspInit  stm32g4xx_hal_tim.o
    0x080043d6   0x080043d6   0x00000002   Code   RO         2748    i.HAL_TIM_PWM_PulseFinishedCallback  stm32g4xx_hal_tim.o
    0x080043d8   0x080043d8   0x000000fc   Code   RO         2750    i.HAL_TIM_PWM_Start  stm32g4xx_hal_tim.o
    0x080044d4   0x080044d4   0x00000002   Code   RO         2756    i.HAL_TIM_PeriodElapsedCallback  stm32g4xx_hal_tim.o
    0x080044d6   0x080044d6   0x00000002   Code   RO         2761    i.HAL_TIM_TriggerCallback  stm32g4xx_hal_tim.o
    0x080044d8   0x080044d8   0x0000003e   Code   RO         4233    i.HAL_UARTEx_DisableFifoMode  stm32g4xx_hal_uart_ex.o
    0x08004516   0x08004516   0x00000002   Code   RO         3822    i.HAL_UARTEx_RxEventCallback  stm32g4xx_hal_uart.o
    0x08004518   0x08004518   0x00000002   Code   RO         4241    i.HAL_UARTEx_RxFifoFullCallback  stm32g4xx_hal_uart_ex.o
    0x0800451a   0x0800451a   0x0000004c   Code   RO         4242    i.HAL_UARTEx_SetRxFifoThreshold  stm32g4xx_hal_uart_ex.o
    0x08004566   0x08004566   0x0000004c   Code   RO         4243    i.HAL_UARTEx_SetTxFifoThreshold  stm32g4xx_hal_uart_ex.o
    0x080045b2   0x080045b2   0x00000002   Code   RO         4245    i.HAL_UARTEx_TxFifoEmptyCallback  stm32g4xx_hal_uart_ex.o
    0x080045b4   0x080045b4   0x00000002   Code   RO         4246    i.HAL_UARTEx_WakeupCallback  stm32g4xx_hal_uart_ex.o
    0x080045b6   0x080045b6   0x00000002   Code   RO         3838    i.HAL_UART_ErrorCallback  stm32g4xx_hal_uart.o
    0x080045b8   0x080045b8   0x0000031c   Code   RO         3841    i.HAL_UART_IRQHandler  stm32g4xx_hal_uart.o
    0x080048d4   0x080048d4   0x0000006a   Code   RO         3842    i.HAL_UART_Init     stm32g4xx_hal_uart.o
    0x0800493e   0x0800493e   0x00000002   PAD
    0x08004940   0x08004940   0x000000bc   Code   RO          406    i.HAL_UART_MspInit  usart.o
    0x080049fc   0x080049fc   0x00000090   Code   RO         3852    i.HAL_UART_Transmit_DMA  stm32g4xx_hal_uart.o
    0x08004a8c   0x08004a8c   0x00000002   Code   RO         3854    i.HAL_UART_TxCpltCallback  stm32g4xx_hal_uart.o
    0x08004a8e   0x08004a8e   0x00000002   Code   RO         3855    i.HAL_UART_TxHalfCpltCallback  stm32g4xx_hal_uart.o
    0x08004a90   0x08004a90   0x00000002   Code   RO          454    i.HardFault_Handler  stm32g4xx_it.o
    0x08004a92   0x08004a92   0x0000000c   Code   RO          619    i.LL_ADC_GetOffsetChannel  stm32g4xx_hal_adc.o
    0x08004a9e   0x08004a9e   0x00000008   Code   RO          620    i.LL_ADC_INJ_IsConversionOngoing  stm32g4xx_hal_adc.o
    0x08004aa6   0x08004aa6   0x00000008   Code   RO          621    i.LL_ADC_REG_IsConversionOngoing  stm32g4xx_hal_adc.o
    0x08004aae   0x08004aae   0x00000008   Code   RO          854    i.LL_ADC_REG_IsConversionOngoing  stm32g4xx_hal_adc_ex.o
    0x08004ab6   0x08004ab6   0x00000010   Code   RO          622    i.LL_ADC_REG_IsTriggerSourceSWStart  stm32g4xx_hal_adc.o
    0x08004ac6   0x08004ac6   0x0000001e   Code   RO          624    i.LL_ADC_SetChannelSamplingTime  stm32g4xx_hal_adc.o
    0x08004ae4   0x08004ae4   0x00000010   Code   RO          625    i.LL_ADC_SetOffsetState  stm32g4xx_hal_adc.o
    0x08004af4   0x08004af4   0x00000048   Code   RO         4760    i.LPF               vesc_control.o
    0x08004b3c   0x08004b3c   0x000000e8   Code   RO          238    i.MX_ADC1_Init      adc.o
    0x08004c24   0x08004c24   0x000000a0   Code   RO          239    i.MX_ADC2_Init      adc.o
    0x08004cc4   0x08004cc4   0x00000024   Code   RO          287    i.MX_CORDIC_Init    cordic.o
    0x08004ce8   0x08004ce8   0x0000005c   Code   RO          327    i.MX_DMA_Init       dma.o
    0x08004d44   0x08004d44   0x00000100   Code   RO          212    i.MX_GPIO_Init      gpio.o
    0x08004e44   0x08004e44   0x000000fc   Code   RO          354    i.MX_TIM1_Init      tim.o
    0x08004f40   0x08004f40   0x00000084   Code   RO          355    i.MX_TIM2_Init      tim.o
    0x08004fc4   0x08004fc4   0x00000068   Code   RO          407    i.MX_USART2_UART_Init  usart.o
    0x0800502c   0x0800502c   0x00000002   Code   RO          455    i.MemManage_Handler  stm32g4xx_it.o
    0x0800502e   0x0800502e   0x00000002   Code   RO          456    i.NMI_Handler       stm32g4xx_it.o
    0x08005030   0x08005030   0x00000040   Code   RO         4761    i.Non_flux_Init     vesc_control.o
    0x08005070   0x08005070   0x000000a0   Code   RO         4397    i.PIControler       foc.o
    0x08005110   0x08005110   0x00000038   Code   RO         4398    i.PWM_Start         foc.o
    0x08005148   0x08005148   0x0000003c   Code   RO         4399    i.PWM_Stop          foc.o
    0x08005184   0x08005184   0x00000046   Code   RO         4400    i.Park              foc.o
    0x080051ca   0x080051ca   0x00000002   Code   RO          457    i.PendSV_Handler    stm32g4xx_it.o
    0x080051cc   0x080051cc   0x000000a8   Code   RO         4401    i.Protection        foc.o
    0x08005274   0x08005274   0x00000270   Code   RO         4531    i.Rs_calculate      offline_pi.o
    0x080054e4   0x080054e4   0x00000002   Code   RO          458    i.SVC_Handler       stm32g4xx_it.o
    0x080054e6   0x080054e6   0x00000002   PAD
    0x080054e8   0x080054e8   0x000001cc   Code   RO         4402    i.SVPWM             foc.o
    0x080056b4   0x080056b4   0x00000004   Code   RO          459    i.SysTick_Handler   stm32g4xx_it.o
    0x080056b8   0x080056b8   0x00000066   Code   RO           14    i.SystemClock_Config  main.o
    0x0800571e   0x0800571e   0x00000002   PAD
    0x08005720   0x08005720   0x00000010   Code   RO         4352    i.SystemInit        system_stm32g4xx.o
    0x08005730   0x08005730   0x0000000c   Code   RO          460    i.TIM2_IRQHandler   stm32g4xx_it.o
    0x0800573c   0x0800573c   0x000000bc   Code   RO         2763    i.TIM_Base_SetConfig  stm32g4xx_hal_tim.o
    0x080057f8   0x080057f8   0x0000001a   Code   RO         2764    i.TIM_CCxChannelCmd  stm32g4xx_hal_tim.o
    0x08005812   0x08005812   0x00000014   Code   RO         2774    i.TIM_ETR_SetConfig  stm32g4xx_hal_tim.o
    0x08005826   0x08005826   0x00000002   PAD
    0x08005828   0x08005828   0x00000014   Code   RO         2775    i.TIM_ITRx_SetConfig  stm32g4xx_hal_tim.o
    0x0800583c   0x0800583c   0x0000009c   Code   RO         2776    i.TIM_OC1_SetConfig  stm32g4xx_hal_tim.o
    0x080058d8   0x080058d8   0x00000090   Code   RO         2777    i.TIM_OC2_SetConfig  stm32g4xx_hal_tim.o
    0x08005968   0x08005968   0x00000090   Code   RO         2778    i.TIM_OC3_SetConfig  stm32g4xx_hal_tim.o
    0x080059f8   0x080059f8   0x00000090   Code   RO         2779    i.TIM_OC4_SetConfig  stm32g4xx_hal_tim.o
    0x08005a88   0x08005a88   0x00000070   Code   RO         2780    i.TIM_OC5_SetConfig  stm32g4xx_hal_tim.o
    0x08005af8   0x08005af8   0x00000070   Code   RO         2781    i.TIM_OC6_SetConfig  stm32g4xx_hal_tim.o
    0x08005b68   0x08005b68   0x00000022   Code   RO         2783    i.TIM_TI1_ConfigInputStage  stm32g4xx_hal_tim.o
    0x08005b8a   0x08005b8a   0x00000002   PAD
    0x08005b8c   0x08005b8c   0x0000006c   Code   RO         2784    i.TIM_TI1_SetConfig  stm32g4xx_hal_tim.o
    0x08005bf8   0x08005bf8   0x00000024   Code   RO         2785    i.TIM_TI2_ConfigInputStage  stm32g4xx_hal_tim.o
    0x08005c1c   0x08005c1c   0x00000050   Code   RO         4403    i.Theta2SinCos      foc.o
    0x08005c6c   0x08005c6c   0x00000044   Code   RO         4247    i.UARTEx_SetNbDataToProcess  stm32g4xx_hal_uart_ex.o
    0x08005cb0   0x08005cb0   0x000000c8   Code   RO         3856    i.UART_AdvFeatureConfig  stm32g4xx_hal_uart.o
    0x08005d78   0x08005d78   0x000000ac   Code   RO         3857    i.UART_CheckIdleState  stm32g4xx_hal_uart.o
    0x08005e24   0x08005e24   0x00000010   Code   RO         3858    i.UART_DMAAbortOnError  stm32g4xx_hal_uart.o
    0x08005e34   0x08005e34   0x00000050   Code   RO         3859    i.UART_DMAError     stm32g4xx_hal_uart.o
    0x08005e84   0x08005e84   0x00000042   Code   RO         3864    i.UART_DMATransmitCplt  stm32g4xx_hal_uart.o
    0x08005ec6   0x08005ec6   0x0000000a   Code   RO         3866    i.UART_DMATxHalfCplt  stm32g4xx_hal_uart.o
    0x08005ed0   0x08005ed0   0x00000054   Code   RO         3868    i.UART_EndRxTransfer  stm32g4xx_hal_uart.o
    0x08005f24   0x08005f24   0x0000002e   Code   RO         3869    i.UART_EndTxTransfer  stm32g4xx_hal_uart.o
    0x08005f52   0x08005f52   0x00000002   PAD
    0x08005f54   0x08005f54   0x00000274   Code   RO         3874    i.UART_SetConfig    stm32g4xx_hal_uart.o
    0x080061c8   0x080061c8   0x00000094   Code   RO         3881    i.UART_WaitOnFlagUntilTimeout  stm32g4xx_hal_uart.o
    0x0800625c   0x0800625c   0x0000000c   Code   RO          461    i.USART2_IRQHandler  stm32g4xx_it.o
    0x08006268   0x08006268   0x00000002   Code   RO          462    i.UsageFault_Handler  stm32g4xx_it.o
    0x0800626a   0x0800626a   0x00000030   Code   RO         5039    i.__ARM_fpclassify  m_wm.l(fpclassify.o)
    0x0800629a   0x0800629a   0x00000020   Code   RO         2414    i.__NVIC_SetPriority  stm32g4xx_hal_cortex.o
    0x080062ba   0x080062ba   0x00000002   PAD
    0x080062bc   0x080062bc   0x00000104   Code   RO         4968    i.__hardfp_fmod     m_wm.l(fmod.o)
    0x080063c0   0x080063c0   0x00000c50   Code   RO         4980    i.__hardfp_pow      m_wm.l(pow.o)
    0x08007010   0x08007010   0x000000f8   Code   RO         5041    i.__kernel_poly     m_wm.l(poly.o)
    0x08007108   0x08007108   0x00000030   Code   RO         5025    i.__mathlib_dbl_divzero  m_wm.l(dunder.o)
    0x08007138   0x08007138   0x00000014   Code   RO         5027    i.__mathlib_dbl_infnan2  m_wm.l(dunder.o)
    0x0800714c   0x0800714c   0x00000004   PAD
    0x08007150   0x08007150   0x00000020   Code   RO         5028    i.__mathlib_dbl_invalid  m_wm.l(dunder.o)
    0x08007170   0x08007170   0x00000020   Code   RO         5029    i.__mathlib_dbl_overflow  m_wm.l(dunder.o)
    0x08007190   0x08007190   0x00000020   Code   RO         5031    i.__mathlib_dbl_underflow  m_wm.l(dunder.o)
    0x080071b0   0x080071b0   0x0000000e   Code   RO         5102    i.__scatterload_copy  mc_w.l(handlers.o)
    0x080071be   0x080071be   0x00000002   Code   RO         5103    i.__scatterload_null  mc_w.l(handlers.o)
    0x080071c0   0x080071c0   0x0000000e   Code   RO         5104    i.__scatterload_zeroinit  mc_w.l(handlers.o)
    0x080071ce   0x080071ce   0x00000002   PAD
    0x080071d0   0x080071d0   0x0000000c   Code   RO         5080    i.__set_errno       mc_w.l(errno.o)
    0x080071dc   0x080071dc   0x00000078   Code   RO         4907    i.arm_cos_f32       arm_cos_f32.o
    0x08007254   0x08007254   0x0000008c   Code   RO         4935    i.arm_sin_f32       arm_sin_f32.o
    0x080072e0   0x080072e0   0x00000018   Code   RO         4958    i.fabs              m_wm.l(fabs.o)
    0x080072f8   0x080072f8   0x000001f0   Code   RO         4762    i.flux_observer     vesc_control.o
    0x080074e8   0x080074e8   0x0000002e   Code   RO           16    i.main              main.o
    0x08007516   0x08007516   0x0000006e   Code   RO         5046    i.sqrt              m_wm.l(sqrt.o)
    0x08007584   0x08007584   0x00000070   Code   RO         4404    i.temperature_lookup  foc.o
    0x080075f4   0x080075f4   0x00000018   Data   RO         3882    .constdata          stm32g4xx_hal_uart.o
    0x0800760c   0x0800760c   0x00000010   Data   RO         4248    .constdata          stm32g4xx_hal_uart_ex.o
    0x0800761c   0x0800761c   0x00000010   Data   RO         4353    .constdata          system_stm32g4xx.o
    0x0800762c   0x0800762c   0x00000008   Data   RO         4354    .constdata          system_stm32g4xx.o
    0x08007634   0x08007634   0x00000660   Data   RO         4406    .constdata          foc.o
    0x08007c94   0x08007c94   0x00000804   Data   RO         4872    .constdata          arm_common_tables.o
    0x08008498   0x08008498   0x00000088   Data   RO         4983    .constdata          m_wm.l(pow.o)
    0x08008520   0x08008520   0x00000008   Data   RO         5043    .constdata          m_wm.l(qnan.o)
    0x08008528   0x08008528   0x00000020   Data   RO         5100    Region$$Table       anon$$obj.o


    Execution Region RW_IRAM1 (Exec base: 0x20000000, Load base: 0x08008548, Size: 0x00000968, Max: 0x00008000, ABSOLUTE, COMPRESSED[0x00000030])

    Exec Addr    Load Addr    Size         Type   Attr      Idx    E Section Name        Object

    0x20000000   COMPRESSED   0x00000008   Data   RW           18    .data               main.o
    0x20000008   COMPRESSED   0x00000004   Data   RW          241    .data               adc.o
    0x2000000c   COMPRESSED   0x0000000c   Data   RW         1074    .data               stm32g4xx_hal.o
    0x20000018   COMPRESSED   0x00000020   Data   RW         1542    .data               stm32g4xx_hal_flash.o
    0x20000038   COMPRESSED   0x00000004   Data   RW         4355    .data               system_stm32g4xx.o
    0x2000003c   COMPRESSED   0x00000120   Data   RW         4407    .data               foc.o
    0x2000015c   COMPRESSED   0x00000008   Data   RW         4765    .data               vesc_control.o
    0x20000164   COMPRESSED   0x00000004   Data   RW         5081    .data               mc_w.l(errno.o)
    0x20000168        -       0x00000010   Zero   RW           17    .bss                main.o
    0x20000178        -       0x00000198   Zero   RW          240    .bss                adc.o
    0x20000310        -       0x00000028   Zero   RW          288    .bss                cordic.o
    0x20000338        -       0x00000098   Zero   RW          356    .bss                tim.o
    0x200003d0        -       0x000000f4   Zero   RW          408    .bss                usart.o
    0x200004c4        -       0x00000038   Zero   RW         4405    .bss                foc.o
    0x200004fc        -       0x00000068   Zero   RW         4764    .bss                vesc_control.o
    0x20000564   COMPRESSED   0x00000004   PAD
    0x20000568        -       0x00000400   Zero   RW            1    STACK               startup_stm32g431xx.o


==============================================================================

Image component sizes


      Code (inc. data)   RO Data    RW Data    ZI Data      Debug   Object Name

       852         66          0          4        408       3086   adc.o
         0          0       2052          0          0      17948   arm_common_tables.o
       120         12          0          0          0        690   arm_cos_f32.o
       140         16          0          0          0        702   arm_sin_f32.o
        76         18          0          0         40       1576   cordic.o
        92          4          0          0          0        830   dma.o
      4400        434       1632        288         56      19623   foc.o
       256         12          0          0          0       1023   gpio.o
       152          0          0          8         16     706938   main.o
       708         16          0          0          0       2746   offline_pi.o
        36          8        472          0       1024        836   startup_stm32g431xx.o
       126         20          0         12          0       3693   stm32g4xx_hal.o
      2940        146          0          0          0      82848   stm32g4xx_hal_adc.o
       382         18          0          0          0      72098   stm32g4xx_hal_adc_ex.o
       124          6          0          0          0       1885   stm32g4xx_hal_cordic.o
       198         14          0          0          0      33851   stm32g4xx_hal_cortex.o
       906         30          0          0          0       6578   stm32g4xx_hal_dma.o
       400         48          0         32          0      23218   stm32g4xx_hal_flash.o
       372         28          0          0          0       4214   stm32g4xx_hal_flash_ex.o
       644         40          0          0          0       4275   stm32g4xx_hal_gpio.o
        48          6          0          0          0        870   stm32g4xx_hal_msp.o
       204         18          0          0          0       1409   stm32g4xx_hal_pwr_ex.o
      1688         92          0          0          0       6268   stm32g4xx_hal_rcc.o
       648         10          0          0          0       1884   stm32g4xx_hal_rcc_ex.o
      3076        302          0          0          0      20932   stm32g4xx_hal_tim.o
       548         44          0          0          0       7807   stm32g4xx_hal_tim_ex.o
      2504         98         24          0          0      33414   stm32g4xx_hal_uart.o
       288          6         16          0          0       5378   stm32g4xx_hal_uart_ex.o
       116         40          0          0          0       7548   stm32g4xx_it.o
        16          4         24          4          0       1127   system_stm32g4xx.o
       648         40          0          0        152       3465   tim.o
       292         28          0          0        244       1893   usart.o
       632         68          0          8        104       3683   vesc_control.o

    ----------------------------------------------------------------------
     23658       1692       4252        356       2048    1084336   Object Totals
         0          0         32          0          0          0   (incl. Generated)
        26          0          0          0          4          0   (incl. Padding)

    ----------------------------------------------------------------------

      Code (inc. data)   RO Data    RW Data    ZI Data      Debug   Library Member Name

       164         44          0          0          0        620   dunder.o
        24          0          0          0          0        124   fabs.o
       260          6          0          0          0        144   fmod.o
        48          0          0          0          0        124   fpclassify.o
       248          0          0          0          0        152   poly.o
      3152        296        136          0          0        352   pow.o
         0          0          8          0          0          0   qnan.o
       110          0          0          0          0        148   sqrt.o
        86          0          0          0          0          0   __dczerorl2.o
         0          0          0          0          0          0   entry.o
         0          0          0          0          0          0   entry10a.o
         0          0          0          0          0          0   entry11a.o
         4          0          0          0          0          0   entry12b.o
         8          4          0          0          0          0   entry2.o
         4          0          0          0          0          0   entry5.o
         0          0          0          0          0          0   entry7b.o
         0          0          0          0          0          0   entry8b.o
         8          4          0          0          0          0   entry9a.o
        12          6          0          4          0         68   errno.o
        30          0          0          0          0          0   handlers.o
        36          8          0          0          0         68   init.o
         0          0          0          0          0          0   iusefp.o
        30          0          0          0          0         68   llshl.o
        36          0          0          0          0         68   llsshr.o
        32          0          0          0          0         68   llushr.o
        36          0          0          0          0         68   memcpya.o
        36          0          0          0          0        108   memseta.o
        98          0          0          0          0         92   uldiv.o
        48          0          0          0          0         68   cdrcmple.o
        56          0          0          0          0         88   d2f.o
       334          0          0          0          0        148   dadd.o
       222          0          0          0          0        100   ddiv.o
       186          0          0          0          0        176   depilogue.o
        34          0          0          0          0         76   dflti.o
       228          0          0          0          0         96   dmul.o
       134          0          0          0          0         96   drem.o
        46          0          0          0          0         80   dscalb.o
       162          0          0          0          0        100   dsqrt.o
        38          0          0          0          0         68   f2d.o
       110          0          0          0          0        168   fepilogue.o

    ----------------------------------------------------------------------
      6066        368        144          4          0       3536   Library Totals
         6          0          0          0          0          0   (incl. Padding)

    ----------------------------------------------------------------------

      Code (inc. data)   RO Data    RW Data    ZI Data      Debug   Library Name

      4006        346        144          0          0       1664   m_wm.l
       456         22          0          4          0        608   mc_w.l
      1598          0          0          0          0       1264   mf_w.l

    ----------------------------------------------------------------------
      6066        368        144          4          0       3536   Library Totals

    ----------------------------------------------------------------------

==============================================================================


      Code (inc. data)   RO Data    RW Data    ZI Data      Debug   

     29724       2060       4396        360       2048    1068972   Grand Totals
     29724       2060       4396         48       2048    1068972   ELF Image Totals (compressed)
     29724       2060       4396         48          0          0   ROM Totals

==============================================================================

    Total RO  Size (Code + RO Data)                34120 (  33.32kB)
    Total RW  Size (RW Data + ZI Data)              2408 (   2.35kB)
    Total ROM Size (Code + RO Data + RW Data)      34168 (  33.37kB)

==============================================================================

